[2026-09-28 09:51:58] === session 1 start | results\xgb_mh\mirror | code fc7d77de4416 | n_jobs=10 | MIRRORED ENCODING
[2026-09-28 09:51:58] finished runs skipped: 0/300 | partial runs to redo: 0 | stray .tmp files removed: 0 | to run now: 300
[2026-09-28 09:51:58]   BBBP: 0/150 runs done
[2026-09-28 09:51:58]   FreeSolv: 0/150 runs done
[2026-09-28 09:51:59] baseline BBBP done
[2026-09-28 09:52:01] baseline FreeSolv done
[2026-09-28 09:53:25] 1/300 BBBP_B_random_s7 (81s) | elapsed session 0h01m, total 0h01m | ETA 0h46m (actual/smoke-median cost ratio 1.04)
[2026-09-28 09:53:27] 2/300 BBBP_B_random_s3 (83s) | elapsed session 0h01m, total 0h01m | ETA 0h46m (actual/smoke-median cost ratio 1.05)
[2026-09-28 09:53:29] 3/300 BBBP_B_random_s0 (85s) | elapsed session 0h01m, total 0h01m | ETA 0h46m (actual/smoke-median cost ratio 1.06)
[2026-09-28 09:53:30] 4/300 BBBP_B_random_s8 (87s) | elapsed session 0h01m, total 0h01m | ETA 0h47m (actual/smoke-median cost ratio 1.07)
[2026-09-28 09:53:32] 5/300 BBBP_B_random_s1 (88s) | elapsed session 0h01m, total 0h01m | ETA 0h47m (actual/smoke-median cost ratio 1.09)
[2026-09-28 09:53:32] 6/300 BBBP_B_random_s2 (89s) | elapsed session 0h01m, total 0h01m | ETA 0h47m (actual/smoke-median cost ratio 1.09)
[2026-09-28 09:53:34] 7/300 BBBP_B_random_s6 (90s) | elapsed session 0h01m, total 0h01m | ETA 0h48m (actual/smoke-median cost ratio 1.10)
[2026-09-28 09:53:37] 8/300 BBBP_B_random_s4 (93s) | elapsed session 0h01m, total 0h01m | ETA 0h48m (actual/smoke-median cost ratio 1.11)
[2026-09-28 09:53:40] 9/300 BBBP_B_random_s5 (97s) | elapsed session 0h01m, total 0h01m | ETA 0h48m (actual/smoke-median cost ratio 1.13)
[2026-09-28 09:53:45] 10/300 BBBP_B_random_s9 (102s) | elapsed session 0h01m, total 0h01m | ETA 0h49m (actual/smoke-median cost ratio 1.14)
[2026-09-28 09:54:45] 11/300 BBBP_B_random_s16 (71s) | elapsed session 0h02m, total 0h02m | ETA 0h48m (actual/smoke-median cost ratio 1.12)
[2026-09-28 09:54:47] 12/300 BBBP_B_random_s10 (83s) | elapsed session 0h02m, total 0h02m | ETA 0h48m (actual/smoke-median cost ratio 1.12)
[2026-09-28 09:54:51] 13/300 BBBP_B_random_s12 (82s) | elapsed session 0h02m, total 0h02m | ETA 0h47m (actual/smoke-median cost ratio 1.11)
[2026-09-28 09:54:52] 14/300 BBBP_B_random_s17 (75s) | elapsed session 0h02m, total 0h02m | ETA 0h47m (actual/smoke-median cost ratio 1.10)
[2026-09-28 09:54:53] 15/300 BBBP_B_random_s15 (81s) | elapsed session 0h02m, total 0h02m | ETA 0h46m (actual/smoke-median cost ratio 1.10)
[2026-09-28 09:54:55] 16/300 BBBP_B_random_s11 (89s) | elapsed session 0h02m, total 0h02m | ETA 0h46m (actual/smoke-median cost ratio 1.10)
[2026-09-28 09:54:59] 17/300 BBBP_B_random_s14 (87s) | elapsed session 0h03m, total 0h03m | ETA 0h46m (actual/smoke-median cost ratio 1.10)
[2026-09-28 09:55:04] 18/300 BBBP_B_random_s13 (93s) | elapsed session 0h03m, total 0h03m | ETA 0h46m (actual/smoke-median cost ratio 1.11)
[2026-09-28 09:55:08] 19/300 BBBP_B_random_s18 (88s) | elapsed session 0h03m, total 0h03m | ETA 0h46m (actual/smoke-median cost ratio 1.11)
[2026-09-28 09:55:15] 20/300 BBBP_B_random_s19 (89s) | elapsed session 0h03m, total 0h03m | ETA 0h46m (actual/smoke-median cost ratio 1.11)
[2026-09-28 09:56:05] 21/300 BBBP_B_random_s24 (72s) | elapsed session 0h04m, total 0h04m | ETA 0h46m (actual/smoke-median cost ratio 1.10)
[2026-09-28 09:56:08] 22/300 BBBP_B_random_s21 (81s) | elapsed session 0h04m, total 0h04m | ETA 0h45m (actual/smoke-median cost ratio 1.10)
[2026-09-28 09:56:11] 23/300 BBBP_B_random_s22 (80s) | elapsed session 0h04m, total 0h04m | ETA 0h45m (actual/smoke-median cost ratio 1.09)
[2026-09-28 09:56:12] 24/300 BBBP_B_random_s20 (87s) | elapsed session 0h04m, total 0h04m | ETA 0h45m (actual/smoke-median cost ratio 1.09)
[2026-09-28 09:56:13] 25/300 BBBP_B_random_s26 (74s) | elapsed session 0h04m, total 0h04m | ETA 0h45m (actual/smoke-median cost ratio 1.09)
[2026-09-28 09:56:16] 26/300 BBBP_B_random_s23 (84s) | elapsed session 0h04m, total 0h04m | ETA 0h44m (actual/smoke-median cost ratio 1.09)
[2026-09-28 09:56:17] 27/300 BBBP_B_random_s25 (82s) | elapsed session 0h04m, total 0h04m | ETA 0h44m (actual/smoke-median cost ratio 1.09)
[2026-09-28 09:56:25] 28/300 BBBP_B_random_s27 (81s) | elapsed session 0h04m, total 0h04m | ETA 0h44m (actual/smoke-median cost ratio 1.08)
[2026-09-28 09:56:38] 29/300 BBBP_B_random_s29 (84s) | elapsed session 0h04m, total 0h04m | ETA 0h44m (actual/smoke-median cost ratio 1.08)
[2026-09-28 09:56:44] 30/300 BBBP_B_random_s28 (96s) | elapsed session 0h04m, total 0h04m | ETA 0h44m (actual/smoke-median cost ratio 1.09)
[2026-09-28 09:57:23] 31/300 BBBP_B_tpe_s3 (71s) | elapsed session 0h05m, total 0h05m | ETA 0h43m (actual/smoke-median cost ratio 1.08)
[2026-09-28 09:57:50] 32/300 BBBP_B_tpe_s6 (93s) | elapsed session 0h05m, total 0h05m | ETA 0h43m (actual/smoke-median cost ratio 1.08)
[2026-09-28 09:57:53] 33/300 BBBP_B_tpe_s0 (108s) | elapsed session 0h05m, total 0h05m | ETA 0h43m (actual/smoke-median cost ratio 1.08)
[2026-09-28 09:58:13] 34/300 BBBP_B_tpe_s1 (125s) | elapsed session 0h06m, total 0h06m | ETA 0h43m (actual/smoke-median cost ratio 1.09)
[2026-09-28 09:58:55] 35/300 BBBP_B_tpe_s7 (150s) | elapsed session 0h06m, total 0h06m | ETA 0h44m (actual/smoke-median cost ratio 1.11)
[2026-09-28 09:58:56] 36/300 BBBP_B_tpe_s5 (160s) | elapsed session 0h06m, total 0h06m | ETA 0h45m (actual/smoke-median cost ratio 1.13)
[2026-09-28 09:58:58] 37/300 BBBP_B_tpe_s9 (135s) | elapsed session 0h07m, total 0h07m | ETA 0h45m (actual/smoke-median cost ratio 1.14)
[2026-09-28 09:59:09] 38/300 BBBP_B_tpe_s4 (176s) | elapsed session 0h07m, total 0h07m | ETA 0h46m (actual/smoke-median cost ratio 1.17)
[2026-09-28 09:59:11] 39/300 BBBP_B_tpe_s2 (181s) | elapsed session 0h07m, total 0h07m | ETA 0h46m (actual/smoke-median cost ratio 1.19)
[2026-09-28 09:59:24] 40/300 BBBP_B_tpe_s8 (165s) | elapsed session 0h07m, total 0h07m | ETA 0h47m (actual/smoke-median cost ratio 1.21)
[2026-09-28 09:59:57] 41/300 BBBP_B_tpe_s10 (154s) | elapsed session 0h08m, total 0h08m | ETA 0h47m (actual/smoke-median cost ratio 1.22)
[2026-09-28 10:00:19] 42/300 BBBP_B_tpe_s17 (70s) | elapsed session 0h08m, total 0h08m | ETA 0h47m (actual/smoke-median cost ratio 1.21)
[2026-09-28 10:00:24] 43/300 BBBP_B_tpe_s11 (154s) | elapsed session 0h08m, total 0h08m | ETA 0h47m (actual/smoke-median cost ratio 1.23)
[2026-09-28 10:00:26] 44/300 BBBP_B_tpe_s13 (133s) | elapsed session 0h08m, total 0h08m | ETA 0h47m (actual/smoke-median cost ratio 1.23)
[2026-09-28 10:00:39] 45/300 BBBP_B_tpe_s16 (100s) | elapsed session 0h08m, total 0h08m | ETA 0h47m (actual/smoke-median cost ratio 1.23)
[2026-09-28 10:00:55] 46/300 BBBP_B_tpe_s12 (182s) | elapsed session 0h08m, total 0h08m | ETA 0h47m (actual/smoke-median cost ratio 1.25)
[2026-09-28 10:00:57] 47/300 BBBP_B_tpe_s18 (105s) | elapsed session 0h08m, total 0h08m | ETA 0h47m (actual/smoke-median cost ratio 1.25)
[2026-09-28 10:01:04] 48/300 BBBP_B_tpe_s15 (128s) | elapsed session 0h09m, total 0h09m | ETA 0h47m (actual/smoke-median cost ratio 1.25)
[2026-09-28 10:01:20] 49/300 BBBP_B_tpe_s14 (145s) | elapsed session 0h09m, total 0h09m | ETA 0h47m (actual/smoke-median cost ratio 1.26)
[2026-09-28 10:01:29] 50/300 BBBP_B_tpe_s19 (126s) | elapsed session 0h09m, total 0h09m | ETA 0h47m (actual/smoke-median cost ratio 1.26)
[2026-09-28 10:01:29] --- checkpoint at 50 runs: median fit time per call, actual vs smoke estimate ---
[2026-09-28 10:01:29]     BBBP          B: actual   0.80 s (n=5000) | smoke   0.77 s | ratio 1.03
[2026-09-28 10:02:06] 51/300 BBBP_B_tpe_s22 (102s) | elapsed session 0h10m, total 0h10m | ETA 0h47m (actual/smoke-median cost ratio 1.26)
[2026-09-28 10:02:46] 52/300 BBBP_B_tpe_s20 (169s) | elapsed session 0h10m, total 0h10m | ETA 0h47m (actual/smoke-median cost ratio 1.27)
[2026-09-28 10:02:46] 53/300 BBBP_B_tpe_s26 (109s) | elapsed session 0h10m, total 0h10m | ETA 0h47m (actual/smoke-median cost ratio 1.27)
[2026-09-28 10:02:53] 54/300 BBBP_B_tpe_s23 (147s) | elapsed session 0h10m, total 0h10m | ETA 0h47m (actual/smoke-median cost ratio 1.28)
[2026-09-28 10:03:04] 55/300 BBBP_B_tpe_s28 (104s) | elapsed session 0h11m, total 0h11m | ETA 0h47m (actual/smoke-median cost ratio 1.28)
[2026-09-28 10:03:20] 56/300 BBBP_B_tpe_s24 (162s) | elapsed session 0h11m, total 0h11m | ETA 0h47m (actual/smoke-median cost ratio 1.29)
[2026-09-28 10:03:27] 57/300 BBBP_B_tpe_s27 (143s) | elapsed session 0h11m, total 0h11m | ETA 0h47m (actual/smoke-median cost ratio 1.29)
[2026-09-28 10:03:49] 58/300 BBBP_B_tpe_s21 (210s) | elapsed session 0h11m, total 0h11m | ETA 0h47m (actual/smoke-median cost ratio 1.31)
[2026-09-28 10:04:05] 59/300 BBBP_B_gwo_ref_s1 (80s) | elapsed session 0h12m, total 0h12m | ETA 0h47m (actual/smoke-median cost ratio 1.31)
[2026-09-28 10:04:08] 60/300 BBBP_B_gwo_ref_s0 (122s) | elapsed session 0h12m, total 0h12m | ETA 0h47m (actual/smoke-median cost ratio 1.31)
[2026-09-28 10:04:29] 61/300 BBBP_B_tpe_s25 (214s) | elapsed session 0h12m, total 0h12m | ETA 0h48m (actual/smoke-median cost ratio 1.33)
[2026-09-28 10:04:52] 62/300 BBBP_B_gwo_ref_s6 (86s) | elapsed session 0h12m, total 0h12m | ETA 0h47m (actual/smoke-median cost ratio 1.33)
[2026-09-28 10:05:09] 63/300 BBBP_B_gwo_ref_s3 (136s) | elapsed session 0h13m, total 0h13m | ETA 0h47m (actual/smoke-median cost ratio 1.33)
[2026-09-28 10:05:19] 64/300 BBBP_B_tpe_s29 (229s) | elapsed session 0h13m, total 0h13m | ETA 0h48m (actual/smoke-median cost ratio 1.35)
[2026-09-28 10:06:01] 65/300 BBBP_B_gwo_ref_s7 (133s) | elapsed session 0h14m, total 0h14m | ETA 0h48m (actual/smoke-median cost ratio 1.36)
[2026-09-28 10:06:11] 66/300 BBBP_B_gwo_ref_s8 (126s) | elapsed session 0h14m, total 0h14m | ETA 0h48m (actual/smoke-median cost ratio 1.36)
[2026-09-28 10:06:29] 67/300 BBBP_B_gwo_ref_s10 (120s) | elapsed session 0h14m, total 0h14m | ETA 0h48m (actual/smoke-median cost ratio 1.37)
[2026-09-28 10:06:30] 68/300 BBBP_B_gwo_ref_s4 (206s) | elapsed session 0h14m, total 0h14m | ETA 0h48m (actual/smoke-median cost ratio 1.38)
[2026-09-28 10:06:50] 69/300 BBBP_B_gwo_ref_s2 (244s) | elapsed session 0h14m, total 0h14m | ETA 0h49m (actual/smoke-median cost ratio 1.41)
[2026-09-28 10:07:07] 70/300 BBBP_B_gwo_ref_s13 (108s) | elapsed session 0h15m, total 0h15m | ETA 0h49m (actual/smoke-median cost ratio 1.41)
[2026-09-28 10:07:29] 71/300 BBBP_B_gwo_ref_s5 (249s) | elapsed session 0h15m, total 0h15m | ETA 0h49m (actual/smoke-median cost ratio 1.43)
[2026-09-28 10:07:44] 72/300 BBBP_B_gwo_ref_s11 (172s) | elapsed session 0h15m, total 0h15m | ETA 0h49m (actual/smoke-median cost ratio 1.44)
[2026-09-28 10:07:47] 73/300 BBBP_B_gwo_ref_s17 (77s) | elapsed session 0h15m, total 0h15m | ETA 0h49m (actual/smoke-median cost ratio 1.43)
[2026-09-28 10:08:08] 74/300 BBBP_B_gwo_ref_s9 (240s) | elapsed session 0h16m, total 0h16m | ETA 0h50m (actual/smoke-median cost ratio 1.46)
[2026-09-28 10:08:13] 75/300 BBBP_B_gwo_ref_s12 (184s) | elapsed session 0h16m, total 0h16m | ETA 0h50m (actual/smoke-median cost ratio 1.47)
[2026-09-28 10:08:17] 76/300 BBBP_B_gwo_ref_s15 (125s) | elapsed session 0h16m, total 0h16m | ETA 0h50m (actual/smoke-median cost ratio 1.47)
[2026-09-28 10:08:19] 77/300 BBBP_B_gwo_ref_s14 (137s) | elapsed session 0h16m, total 0h16m | ETA 0h50m (actual/smoke-median cost ratio 1.47)
[2026-09-28 10:08:57] 78/300 BBBP_B_gwo_ref_s19 (110s) | elapsed session 0h16m, total 0h16m | ETA 0h49m (actual/smoke-median cost ratio 1.47)
[2026-09-28 10:08:57] 79/300 BBBP_B_gwo_ref_s16 (148s) | elapsed session 0h17m, total 0h17m | ETA 0h49m (actual/smoke-median cost ratio 1.48)
[2026-09-28 10:09:46] 80/300 BBBP_B_gwo_ref_s20 (137s) | elapsed session 0h17m, total 0h17m | ETA 0h49m (actual/smoke-median cost ratio 1.48)
[2026-09-28 10:09:50] 81/300 BBBP_B_gwo_ref_s25 (93s) | elapsed session 0h17m, total 0h17m | ETA 0h49m (actual/smoke-median cost ratio 1.48)
[2026-09-28 10:10:04] 82/300 BBBP_B_gwo_ref_s18 (194s) | elapsed session 0h18m, total 0h18m | ETA 0h49m (actual/smoke-median cost ratio 1.49)
[2026-09-28 10:10:23] 83/300 BBBP_B_gwo_ref_s22 (156s) | elapsed session 0h18m, total 0h18m | ETA 0h49m (actual/smoke-median cost ratio 1.49)
[2026-09-28 10:10:44] 84/300 BBBP_B_gwo_ref_s26 (146s) | elapsed session 0h18m, total 0h18m | ETA 0h49m (actual/smoke-median cost ratio 1.50)
[2026-09-28 10:10:45] 85/300 BBBP_B_woa_ref_s0 (55s) | elapsed session 0h18m, total 0h18m | ETA 0h49m (actual/smoke-median cost ratio 1.49)
[2026-09-28 10:10:47] 86/300 BBBP_B_gwo_ref_s23 (159s) | elapsed session 0h18m, total 0h18m | ETA 0h49m (actual/smoke-median cost ratio 1.50)
[2026-09-28 10:11:00] 87/300 BBBP_B_woa_ref_s1 (56s) | elapsed session 0h19m, total 0h19m | ETA 0h48m (actual/smoke-median cost ratio 1.49)
[2026-09-28 10:11:04] 88/300 BBBP_B_gwo_ref_s21 (200s) | elapsed session 0h19m, total 0h19m | ETA 0h48m (actual/smoke-median cost ratio 1.50)
[2026-09-28 10:11:19] 89/300 BBBP_B_gwo_ref_s28 (142s) | elapsed session 0h19m, total 0h19m | ETA 0h48m (actual/smoke-median cost ratio 1.50)
[2026-09-28 10:11:26] 90/300 BBBP_B_woa_ref_s3 (42s) | elapsed session 0h19m, total 0h19m | ETA 0h48m (actual/smoke-median cost ratio 1.49)
[2026-09-28 10:11:34] 91/300 BBBP_B_gwo_ref_s29 (108s) | elapsed session 0h19m, total 0h19m | ETA 0h47m (actual/smoke-median cost ratio 1.49)
[2026-09-28 10:12:10] 92/300 BBBP_B_woa_ref_s4 (85s) | elapsed session 0h20m, total 0h20m | ETA 0h47m (actual/smoke-median cost ratio 1.49)
[2026-09-28 10:12:11] 93/300 BBBP_B_woa_ref_s7 (67s) | elapsed session 0h20m, total 0h20m | ETA 0h47m (actual/smoke-median cost ratio 1.48)
[2026-09-28 10:12:13] 94/300 BBBP_B_gwo_ref_s24 (241s) | elapsed session 0h20m, total 0h20m | ETA 0h47m (actual/smoke-median cost ratio 1.50)
[2026-09-28 10:12:16] 95/300 BBBP_B_woa_ref_s8 (56s) | elapsed session 0h20m, total 0h20m | ETA 0h47m (actual/smoke-median cost ratio 1.49)
[2026-09-28 10:12:35] 96/300 BBBP_B_woa_ref_s6 (94s) | elapsed session 0h20m, total 0h20m | ETA 0h46m (actual/smoke-median cost ratio 1.49)
[2026-09-28 10:12:50] 97/300 BBBP_B_woa_ref_s2 (147s) | elapsed session 0h20m, total 0h20m | ETA 0h46m (actual/smoke-median cost ratio 1.49)
[2026-09-28 10:12:56] 98/300 BBBP_B_woa_ref_s10 (82s) | elapsed session 0h20m, total 0h20m | ETA 0h46m (actual/smoke-median cost ratio 1.48)
[2026-09-28 10:12:59] 99/300 BBBP_B_woa_ref_s9 (93s) | elapsed session 0h21m, total 0h21m | ETA 0h46m (actual/smoke-median cost ratio 1.48)
[2026-09-28 10:13:07] 100/300 BBBP_B_woa_ref_s5 (140s) | elapsed session 0h21m, total 0h21m | ETA 0h46m (actual/smoke-median cost ratio 1.48)
[2026-09-28 10:13:07] --- checkpoint at 100 runs: median fit time per call, actual vs smoke estimate ---
[2026-09-28 10:13:07]     BBBP          B: actual   0.95 s (n=9972) | smoke   0.77 s | ratio 1.23
[2026-09-28 10:13:20] 101/300 BBBP_B_woa_ref_s13 (66s) | elapsed session 0h21m, total 0h21m | ETA 0h45m (actual/smoke-median cost ratio 1.48)
[2026-09-28 10:13:27] 102/300 BBBP_B_woa_ref_s12 (76s) | elapsed session 0h21m, total 0h21m | ETA 0h45m (actual/smoke-median cost ratio 1.47)
[2026-09-28 10:13:47] 103/300 BBBP_B_woa_ref_s17 (51s) | elapsed session 0h21m, total 0h21m | ETA 0h44m (actual/smoke-median cost ratio 1.47)
[2026-09-28 10:13:50] 104/300 BBBP_B_woa_ref_s14 (94s) | elapsed session 0h21m, total 0h21m | ETA 0h44m (actual/smoke-median cost ratio 1.46)
[2026-09-28 10:13:59] 105/300 BBBP_B_gwo_ref_s27 (302s) | elapsed session 0h22m, total 0h22m | ETA 0h45m (actual/smoke-median cost ratio 1.49)
[2026-09-28 10:14:03] 106/300 BBBP_B_woa_ref_s11 (113s) | elapsed session 0h22m, total 0h22m | ETA 0h44m (actual/smoke-median cost ratio 1.49)
[2026-09-28 10:14:04] 107/300 BBBP_B_woa_ref_s16 (74s) | elapsed session 0h22m, total 0h22m | ETA 0h44m (actual/smoke-median cost ratio 1.48)
[2026-09-28 10:14:14] 108/300 BBBP_B_woa_ref_s19 (66s) | elapsed session 0h22m, total 0h22m | ETA 0h44m (actual/smoke-median cost ratio 1.48)
[2026-09-28 10:14:29] 109/300 BBBP_B_woa_ref_s15 (115s) | elapsed session 0h22m, total 0h22m | ETA 0h44m (actual/smoke-median cost ratio 1.47)
[2026-09-28 10:14:32] 110/300 BBBP_B_woa_ref_s22 (45s) | elapsed session 0h22m, total 0h22m | ETA 0h43m (actual/smoke-median cost ratio 1.47)
[2026-09-28 10:14:50] 111/300 BBBP_B_woa_ref_s23 (60s) | elapsed session 0h22m, total 0h22m | ETA 0h43m (actual/smoke-median cost ratio 1.46)
[2026-09-28 10:14:53] 112/300 BBBP_B_woa_ref_s18 (114s) | elapsed session 0h22m, total 0h22m | ETA 0h43m (actual/smoke-median cost ratio 1.46)
[2026-09-28 10:15:02] 113/300 BBBP_B_woa_ref_s21 (95s) | elapsed session 0h23m, total 0h23m | ETA 0h42m (actual/smoke-median cost ratio 1.46)
[2026-09-28 10:15:17] 114/300 BBBP_B_woa_ref_s25 (73s) | elapsed session 0h23m, total 0h23m | ETA 0h42m (actual/smoke-median cost ratio 1.45)
[2026-09-28 10:15:41] 115/300 BBBP_B_woa_ref_s26 (97s) | elapsed session 0h23m, total 0h23m | ETA 0h42m (actual/smoke-median cost ratio 1.45)
[2026-09-28 10:16:04] 116/300 BBBP_B_pso_s1 (71s) | elapsed session 0h24m, total 0h24m | ETA 0h41m (actual/smoke-median cost ratio 1.45)
[2026-09-28 10:16:05] 117/300 BBBP_B_woa_ref_s27 (111s) | elapsed session 0h24m, total 0h24m | ETA 0h41m (actual/smoke-median cost ratio 1.45)
[2026-09-28 10:16:10] 118/300 BBBP_B_woa_ref_s24 (131s) | elapsed session 0h24m, total 0h24m | ETA 0h41m (actual/smoke-median cost ratio 1.45)
[2026-09-28 10:16:13] 119/300 BBBP_B_woa_ref_s28 (103s) | elapsed session 0h24m, total 0h24m | ETA 0h41m (actual/smoke-median cost ratio 1.45)
[2026-09-28 10:16:17] 120/300 BBBP_B_woa_ref_s20 (177s) | elapsed session 0h24m, total 0h24m | ETA 0h41m (actual/smoke-median cost ratio 1.46)
[2026-09-28 10:16:22] 121/300 BBBP_B_pso_s0 (92s) | elapsed session 0h24m, total 0h24m | ETA 0h41m (actual/smoke-median cost ratio 1.45)
[2026-09-28 10:16:29] 122/300 BBBP_B_pso_s3 (73s) | elapsed session 0h24m, total 0h24m | ETA 0h40m (actual/smoke-median cost ratio 1.45)
[2026-09-28 10:16:44] 123/300 BBBP_B_woa_ref_s29 (132s) | elapsed session 0h24m, total 0h24m | ETA 0h40m (actual/smoke-median cost ratio 1.45)
[2026-09-28 10:17:00] 124/300 BBBP_B_pso_s2 (118s) | elapsed session 0h25m, total 0h25m | ETA 0h40m (actual/smoke-median cost ratio 1.45)
[2026-09-28 10:17:17] 125/300 BBBP_B_pso_s7 (67s) | elapsed session 0h25m, total 0h25m | ETA 0h40m (actual/smoke-median cost ratio 1.45)
[2026-09-28 10:17:34] 126/300 BBBP_B_pso_s6 (89s) | elapsed session 0h25m, total 0h25m | ETA 0h39m (actual/smoke-median cost ratio 1.44)
[2026-09-28 10:17:37] 127/300 BBBP_B_pso_s10 (75s) | elapsed session 0h25m, total 0h25m | ETA 0h39m (actual/smoke-median cost ratio 1.44)
[2026-09-28 10:17:49] 128/300 BBBP_B_pso_s8 (96s) | elapsed session 0h25m, total 0h25m | ETA 0h39m (actual/smoke-median cost ratio 1.44)
[2026-09-28 10:18:08] 129/300 BBBP_B_pso_s4 (147s) | elapsed session 0h26m, total 0h26m | ETA 0h39m (actual/smoke-median cost ratio 1.44)
[2026-09-28 10:18:17] 130/300 BBBP_B_pso_s13 (77s) | elapsed session 0h26m, total 0h26m | ETA 0h39m (actual/smoke-median cost ratio 1.44)
[2026-09-28 10:18:21] 131/300 BBBP_B_pso_s12 (96s) | elapsed session 0h26m, total 0h26m | ETA 0h38m (actual/smoke-median cost ratio 1.44)
[2026-09-28 10:18:22] 132/300 BBBP_B_pso_s5 (138s) | elapsed session 0h26m, total 0h26m | ETA 0h38m (actual/smoke-median cost ratio 1.44)
[2026-09-28 10:18:44] 133/300 BBBP_B_pso_s11 (135s) | elapsed session 0h26m, total 0h26m | ETA 0h38m (actual/smoke-median cost ratio 1.44)
[2026-09-28 10:18:46] 134/300 BBBP_B_pso_s16 (69s) | elapsed session 0h26m, total 0h26m | ETA 0h38m (actual/smoke-median cost ratio 1.44)
[2026-09-28 10:18:47] 135/300 BBBP_B_pso_s9 (150s) | elapsed session 0h26m, total 0h26m | ETA 0h38m (actual/smoke-median cost ratio 1.44)
[2026-09-28 10:19:02] 136/300 BBBP_B_pso_s17 (74s) | elapsed session 0h27m, total 0h27m | ETA 0h37m (actual/smoke-median cost ratio 1.44)
[2026-09-28 10:19:16] 137/300 BBBP_B_pso_s14 (119s) | elapsed session 0h27m, total 0h27m | ETA 0h37m (actual/smoke-median cost ratio 1.44)
[2026-09-28 10:19:46] 138/300 BBBP_B_pso_s15 (132s) | elapsed session 0h27m, total 0h27m | ETA 0h37m (actual/smoke-median cost ratio 1.44)
[2026-09-28 10:19:55] 139/300 BBBP_B_pso_s22 (71s) | elapsed session 0h27m, total 0h27m | ETA 0h37m (actual/smoke-median cost ratio 1.44)
[2026-09-28 10:20:33] 140/300 BBBP_B_pso_s21 (131s) | elapsed session 0h28m, total 0h28m | ETA 0h37m (actual/smoke-median cost ratio 1.44)
[2026-09-28 10:20:37] 141/300 BBBP_B_pso_s20 (137s) | elapsed session 0h28m, total 0h28m | ETA 0h37m (actual/smoke-median cost ratio 1.44)
[2026-09-28 10:20:43] 142/300 BBBP_B_pso_s23 (116s) | elapsed session 0h28m, total 0h28m | ETA 0h36m (actual/smoke-median cost ratio 1.44)
[2026-09-28 10:20:51] 143/300 BBBP_B_pso_s26 (95s) | elapsed session 0h28m, total 0h28m | ETA 0h36m (actual/smoke-median cost ratio 1.44)
[2026-09-28 10:20:51] 144/300 BBBP_B_pso_s19 (155s) | elapsed session 0h28m, total 0h28m | ETA 0h36m (actual/smoke-median cost ratio 1.44)
[2026-09-28 10:21:00] 145/300 BBBP_B_pso_s18 (172s) | elapsed session 0h29m, total 0h29m | ETA 0h36m (actual/smoke-median cost ratio 1.45)
[2026-09-28 10:21:01] 146/300 BBBP_B_pso_s25 (118s) | elapsed session 0h29m, total 0h29m | ETA 0h36m (actual/smoke-median cost ratio 1.45)
[2026-09-28 10:22:28] 147/300 BBBP_B_pso_s24 (220s) | elapsed session 0h30m, total 0h30m | ETA 0h36m (actual/smoke-median cost ratio 1.46)
[2026-09-28 10:22:48] 148/300 BBBP_B_pso_s28 (173s) | elapsed session 0h30m, total 0h30m | ETA 0h36m (actual/smoke-median cost ratio 1.46)
[2026-09-28 10:23:04] 149/300 FreeSolv_B_random_s0 (146s) | elapsed session 0h31m, total 0h31m | ETA 0h36m (actual/smoke-median cost ratio 1.46)
[2026-09-28 10:23:07] 150/300 FreeSolv_B_random_s3 (136s) | elapsed session 0h31m, total 0h31m | ETA 0h35m (actual/smoke-median cost ratio 1.46)
[2026-09-28 10:23:07] --- checkpoint at 150 runs: median fit time per call, actual vs smoke estimate ---
[2026-09-28 10:23:07]     BBBP          B: actual   0.95 s (n=14722) | smoke   0.77 s | ratio 1.22
[2026-09-28 10:23:07]     FreeSolv      B: actual   0.89 s (n=200) | smoke   0.95 s | ratio 0.94
[2026-09-28 10:23:08] 151/300 FreeSolv_B_random_s1 (146s) | elapsed session 0h31m, total 0h31m | ETA 0h35m (actual/smoke-median cost ratio 1.46)
[2026-09-28 10:23:15] 152/300 FreeSolv_B_random_s2 (144s) | elapsed session 0h31m, total 0h31m | ETA 0h35m (actual/smoke-median cost ratio 1.46)
[2026-09-28 10:23:26] 153/300 FreeSolv_B_random_s5 (145s) | elapsed session 0h31m, total 0h31m | ETA 0h35m (actual/smoke-median cost ratio 1.46)
[2026-09-28 10:23:29] 154/300 FreeSolv_B_random_s4 (148s) | elapsed session 0h31m, total 0h31m | ETA 0h34m (actual/smoke-median cost ratio 1.46)
[2026-09-28 10:24:07] 155/300 BBBP_B_pso_s27 (261s) | elapsed session 0h32m, total 0h32m | ETA 0h34m (actual/smoke-median cost ratio 1.48)
[2026-09-28 10:25:02] 156/300 BBBP_B_pso_s29 (269s) | elapsed session 0h33m, total 0h33m | ETA 0h35m (actual/smoke-median cost ratio 1.49)
[2026-09-28 10:25:02] BBBP complete: 150/150 runs
[2026-09-28 10:25:03] 157/300 FreeSolv_B_random_s6 (155s) | elapsed session 0h33m, total 0h33m | ETA 0h34m (actual/smoke-median cost ratio 1.49)
[2026-09-28 10:25:04] 158/300 FreeSolv_B_random_s7 (136s) | elapsed session 0h33m, total 0h33m | ETA 0h34m (actual/smoke-median cost ratio 1.49)
[2026-09-28 10:25:27] 159/300 FreeSolv_B_random_s8 (144s) | elapsed session 0h33m, total 0h33m | ETA 0h34m (actual/smoke-median cost ratio 1.49)
[2026-09-28 10:25:29] 160/300 FreeSolv_B_random_s13 (120s) | elapsed session 0h33m, total 0h33m | ETA 0h34m (actual/smoke-median cost ratio 1.49)
[2026-09-28 10:25:32] 161/300 FreeSolv_B_random_s12 (127s) | elapsed session 0h33m, total 0h33m | ETA 0h33m (actual/smoke-median cost ratio 1.49)
[2026-09-28 10:25:33] 162/300 FreeSolv_B_random_s10 (144s) | elapsed session 0h33m, total 0h33m | ETA 0h33m (actual/smoke-median cost ratio 1.49)
[2026-09-28 10:26:03] 163/300 FreeSolv_B_random_s11 (168s) | elapsed session 0h34m, total 0h34m | ETA 0h33m (actual/smoke-median cost ratio 1.49)
[2026-09-28 10:26:16] 164/300 FreeSolv_B_random_s9 (189s) | elapsed session 0h34m, total 0h34m | ETA 0h33m (actual/smoke-median cost ratio 1.49)
[2026-09-28 10:26:47] 165/300 FreeSolv_B_random_s14 (160s) | elapsed session 0h34m, total 0h34m | ETA 0h32m (actual/smoke-median cost ratio 1.49)
[2026-09-28 10:27:13] 166/300 FreeSolv_B_random_s15 (131s) | elapsed session 0h35m, total 0h35m | ETA 0h32m (actual/smoke-median cost ratio 1.49)
[2026-09-28 10:27:18] 167/300 FreeSolv_B_random_s16 (135s) | elapsed session 0h35m, total 0h35m | ETA 0h32m (actual/smoke-median cost ratio 1.49)
[2026-09-28 10:27:31] 168/300 FreeSolv_B_random_s17 (147s) | elapsed session 0h35m, total 0h35m | ETA 0h32m (actual/smoke-median cost ratio 1.49)
[2026-09-28 10:27:56] 169/300 FreeSolv_B_random_s19 (147s) | elapsed session 0h35m, total 0h35m | ETA 0h32m (actual/smoke-median cost ratio 1.49)
[2026-09-28 10:28:02] 170/300 FreeSolv_B_random_s18 (155s) | elapsed session 0h36m, total 0h36m | ETA 0h31m (actual/smoke-median cost ratio 1.49)
[2026-09-28 10:28:04] 171/300 FreeSolv_B_random_s21 (151s) | elapsed session 0h36m, total 0h36m | ETA 0h31m (actual/smoke-median cost ratio 1.49)
[2026-09-28 10:28:16] 172/300 FreeSolv_B_random_s20 (163s) | elapsed session 0h36m, total 0h36m | ETA 0h31m (actual/smoke-median cost ratio 1.49)
[2026-09-28 10:28:28] 173/300 FreeSolv_B_random_s22 (145s) | elapsed session 0h36m, total 0h36m | ETA 0h31m (actual/smoke-median cost ratio 1.49)
[2026-09-28 10:28:39] 174/300 FreeSolv_B_random_s23 (143s) | elapsed session 0h36m, total 0h36m | ETA 0h30m (actual/smoke-median cost ratio 1.49)
[2026-09-28 10:29:19] 175/300 FreeSolv_B_random_s24 (152s) | elapsed session 0h37m, total 0h37m | ETA 0h30m (actual/smoke-median cost ratio 1.49)
[2026-09-28 10:29:34] 176/300 FreeSolv_B_random_s26 (137s) | elapsed session 0h37m, total 0h37m | ETA 0h30m (actual/smoke-median cost ratio 1.49)
[2026-09-28 10:29:36] 177/300 FreeSolv_B_random_s25 (143s) | elapsed session 0h37m, total 0h37m | ETA 0h30m (actual/smoke-median cost ratio 1.49)
[2026-09-28 10:29:40] 178/300 FreeSolv_B_random_s27 (129s) | elapsed session 0h37m, total 0h37m | ETA 0h29m (actual/smoke-median cost ratio 1.49)
[2026-09-28 10:30:04] 179/300 FreeSolv_B_random_s29 (122s) | elapsed session 0h38m, total 0h38m | ETA 0h29m (actual/smoke-median cost ratio 1.49)
[2026-09-28 10:30:11] 180/300 FreeSolv_B_tpe_s3 (92s) | elapsed session 0h38m, total 0h38m | ETA 0h29m (actual/smoke-median cost ratio 1.49)
[2026-09-28 10:30:11] 181/300 FreeSolv_B_tpe_s1 (116s) | elapsed session 0h38m, total 0h38m | ETA 0h28m (actual/smoke-median cost ratio 1.48)
[2026-09-28 10:30:19] 182/300 FreeSolv_B_random_s28 (143s) | elapsed session 0h38m, total 0h38m | ETA 0h28m (actual/smoke-median cost ratio 1.48)
[2026-09-28 10:30:37] 183/300 FreeSolv_B_tpe_s4 (77s) | elapsed session 0h38m, total 0h38m | ETA 0h28m (actual/smoke-median cost ratio 1.48)
[2026-09-28 10:30:48] 184/300 FreeSolv_B_tpe_s6 (72s) | elapsed session 0h38m, total 0h38m | ETA 0h28m (actual/smoke-median cost ratio 1.47)
[2026-09-28 10:30:55] 185/300 FreeSolv_B_tpe_s5 (81s) | elapsed session 0h38m, total 0h38m | ETA 0h27m (actual/smoke-median cost ratio 1.47)
[2026-09-28 10:31:04] 186/300 FreeSolv_B_tpe_s7 (84s) | elapsed session 0h39m, total 0h39m | ETA 0h27m (actual/smoke-median cost ratio 1.46)
[2026-09-28 10:31:27] 187/300 FreeSolv_B_tpe_s11 (68s) | elapsed session 0h39m, total 0h39m | ETA 0h26m (actual/smoke-median cost ratio 1.46)
[2026-09-28 10:31:45] 188/300 FreeSolv_B_tpe_s9 (95s) | elapsed session 0h39m, total 0h39m | ETA 0h26m (actual/smoke-median cost ratio 1.45)
[2026-09-28 10:31:55] 189/300 FreeSolv_B_tpe_s8 (111s) | elapsed session 0h39m, total 0h39m | ETA 0h26m (actual/smoke-median cost ratio 1.45)
[2026-09-28 10:31:57] 190/300 FreeSolv_B_tpe_s0 (233s) | elapsed session 0h40m, total 0h40m | ETA 0h26m (actual/smoke-median cost ratio 1.46)
[2026-09-28 10:32:02] 191/300 FreeSolv_B_tpe_s15 (58s) | elapsed session 0h40m, total 0h40m | ETA 0h25m (actual/smoke-median cost ratio 1.45)
[2026-09-28 10:32:06] 192/300 FreeSolv_B_tpe_s14 (71s) | elapsed session 0h40m, total 0h40m | ETA 0h25m (actual/smoke-median cost ratio 1.45)
[2026-09-28 10:32:22] 193/300 FreeSolv_B_tpe_s2 (234s) | elapsed session 0h40m, total 0h40m | ETA 0h25m (actual/smoke-median cost ratio 1.45)
[2026-09-28 10:32:44] 194/300 FreeSolv_B_tpe_s16 (77s) | elapsed session 0h40m, total 0h40m | ETA 0h24m (actual/smoke-median cost ratio 1.45)
[2026-09-28 10:33:07] 195/300 FreeSolv_B_tpe_s12 (150s) | elapsed session 0h41m, total 0h41m | ETA 0h24m (actual/smoke-median cost ratio 1.45)
[2026-09-28 10:33:12] 196/300 FreeSolv_B_tpe_s17 (86s) | elapsed session 0h41m, total 0h41m | ETA 0h24m (actual/smoke-median cost ratio 1.44)
[2026-09-28 10:33:19] 197/300 FreeSolv_B_tpe_s21 (73s) | elapsed session 0h41m, total 0h41m | ETA 0h24m (actual/smoke-median cost ratio 1.44)
[2026-09-28 10:33:19] 198/300 FreeSolv_B_tpe_s18 (85s) | elapsed session 0h41m, total 0h41m | ETA 0h23m (actual/smoke-median cost ratio 1.43)
[2026-09-28 10:33:29] 199/300 FreeSolv_B_tpe_s22 (67s) | elapsed session 0h41m, total 0h41m | ETA 0h23m (actual/smoke-median cost ratio 1.43)
[2026-09-28 10:33:42] 200/300 FreeSolv_B_tpe_s13 (174s) | elapsed session 0h41m, total 0h41m | ETA 0h23m (actual/smoke-median cost ratio 1.43)
[2026-09-28 10:33:42] --- checkpoint at 200 runs: median fit time per call, actual vs smoke estimate ---
[2026-09-28 10:33:42]     BBBP          B: actual   0.95 s (n=14922) | smoke   0.77 s | ratio 1.23
[2026-09-28 10:33:42]     FreeSolv      B: actual   0.83 s (n=5000) | smoke   0.95 s | ratio 0.87
[2026-09-28 10:34:09] 201/300 FreeSolv_B_tpe_s19 (132s) | elapsed session 0h42m, total 0h42m | ETA 0h22m (actual/smoke-median cost ratio 1.43)
[2026-09-28 10:34:12] 202/300 FreeSolv_B_tpe_s24 (66s) | elapsed session 0h42m, total 0h42m | ETA 0h22m (actual/smoke-median cost ratio 1.42)
[2026-09-28 10:34:22] 203/300 FreeSolv_B_tpe_s27 (62s) | elapsed session 0h42m, total 0h42m | ETA 0h22m (actual/smoke-median cost ratio 1.42)
[2026-09-28 10:34:25] 204/300 FreeSolv_B_tpe_s25 (74s) | elapsed session 0h42m, total 0h42m | ETA 0h21m (actual/smoke-median cost ratio 1.41)
[2026-09-28 10:34:26] 205/300 FreeSolv_B_tpe_s23 (101s) | elapsed session 0h42m, total 0h42m | ETA 0h21m (actual/smoke-median cost ratio 1.41)
[2026-09-28 10:34:36] 206/300 FreeSolv_B_tpe_s26 (78s) | elapsed session 0h42m, total 0h42m | ETA 0h21m (actual/smoke-median cost ratio 1.41)
[2026-09-28 10:34:47] 207/300 FreeSolv_B_tpe_s29 (65s) | elapsed session 0h42m, total 0h42m | ETA 0h20m (actual/smoke-median cost ratio 1.40)
[2026-09-28 10:34:50] 208/300 FreeSolv_B_tpe_s20 (168s) | elapsed session 0h42m, total 0h42m | ETA 0h20m (actual/smoke-median cost ratio 1.40)
[2026-09-28 10:35:24] 209/300 FreeSolv_B_gwo_ref_s0 (75s) | elapsed session 0h43m, total 0h43m | ETA 0h20m (actual/smoke-median cost ratio 1.40)
[2026-09-28 10:35:34] 210/300 FreeSolv_B_gwo_ref_s4 (68s) | elapsed session 0h43m, total 0h43m | ETA 0h20m (actual/smoke-median cost ratio 1.40)
[2026-09-28 10:36:05] 211/300 FreeSolv_B_gwo_ref_s3 (100s) | elapsed session 0h44m, total 0h44m | ETA 0h19m (actual/smoke-median cost ratio 1.39)
[2026-09-28 10:36:07] 212/300 FreeSolv_B_tpe_s10 (355s) | elapsed session 0h44m, total 0h44m | ETA 0h19m (actual/smoke-median cost ratio 1.41)
[2026-09-28 10:36:07] 213/300 FreeSolv_B_gwo_ref_s6 (80s) | elapsed session 0h44m, total 0h44m | ETA 0h19m (actual/smoke-median cost ratio 1.40)
[2026-09-28 10:36:33] 214/300 FreeSolv_B_gwo_ref_s7 (104s) | elapsed session 0h44m, total 0h44m | ETA 0h19m (actual/smoke-median cost ratio 1.40)
[2026-09-28 10:36:41] 215/300 FreeSolv_B_gwo_ref_s5 (124s) | elapsed session 0h44m, total 0h44m | ETA 0h19m (actual/smoke-median cost ratio 1.40)
[2026-09-28 10:36:45] 216/300 FreeSolv_B_gwo_ref_s8 (81s) | elapsed session 0h44m, total 0h44m | ETA 0h18m (actual/smoke-median cost ratio 1.40)
[2026-09-28 10:36:52] 217/300 FreeSolv_B_gwo_ref_s9 (78s) | elapsed session 0h44m, total 0h44m | ETA 0h18m (actual/smoke-median cost ratio 1.40)
[2026-09-28 10:36:52] 218/300 FreeSolv_B_gwo_ref_s1 (160s) | elapsed session 0h44m, total 0h44m | ETA 0h18m (actual/smoke-median cost ratio 1.40)
[2026-09-28 10:36:54] 219/300 FreeSolv_B_gwo_ref_s10 (49s) | elapsed session 0h44m, total 0h44m | ETA 0h18m (actual/smoke-median cost ratio 1.39)
[2026-09-28 10:37:30] 220/300 FreeSolv_B_gwo_ref_s11 (83s) | elapsed session 0h45m, total 0h45m | ETA 0h17m (actual/smoke-median cost ratio 1.39)
[2026-09-28 10:37:33] 221/300 FreeSolv_B_gwo_ref_s14 (53s) | elapsed session 0h45m, total 0h45m | ETA 0h17m (actual/smoke-median cost ratio 1.39)
[2026-09-28 10:37:46] 222/300 FreeSolv_B_gwo_ref_s16 (54s) | elapsed session 0h45m, total 0h45m | ETA 0h17m (actual/smoke-median cost ratio 1.38)
[2026-09-28 10:37:56] 223/300 FreeSolv_B_gwo_ref_s13 (83s) | elapsed session 0h45m, total 0h45m | ETA 0h17m (actual/smoke-median cost ratio 1.38)
[2026-09-28 10:38:02] 224/300 FreeSolv_B_gwo_ref_s15 (77s) | elapsed session 0h46m, total 0h46m | ETA 0h16m (actual/smoke-median cost ratio 1.38)
[2026-09-28 10:38:05] 225/300 FreeSolv_B_gwo_ref_s17 (73s) | elapsed session 0h46m, total 0h46m | ETA 0h16m (actual/smoke-median cost ratio 1.37)
[2026-09-28 10:38:22] 226/300 FreeSolv_B_gwo_ref_s12 (135s) | elapsed session 0h46m, total 0h46m | ETA 0h16m (actual/smoke-median cost ratio 1.37)
[2026-09-28 10:38:23] 227/300 FreeSolv_B_gwo_ref_s18 (89s) | elapsed session 0h46m, total 0h46m | ETA 0h16m (actual/smoke-median cost ratio 1.37)
[2026-09-28 10:38:52] 228/300 FreeSolv_B_gwo_ref_s2 (270s) | elapsed session 0h46m, total 0h46m | ETA 0h15m (actual/smoke-median cost ratio 1.38)
[2026-09-28 10:38:53] 229/300 FreeSolv_B_tpe_s28 (324s) | elapsed session 0h46m, total 0h46m | ETA 0h15m (actual/smoke-median cost ratio 1.39)
[2026-09-28 10:38:53] 230/300 FreeSolv_B_gwo_ref_s19 (83s) | elapsed session 0h46m, total 0h46m | ETA 0h15m (actual/smoke-median cost ratio 1.38)
[2026-09-28 10:38:56] 231/300 FreeSolv_B_gwo_ref_s20 (82s) | elapsed session 0h46m, total 0h46m | ETA 0h15m (actual/smoke-median cost ratio 1.38)
[2026-09-28 10:38:56] 232/300 FreeSolv_B_gwo_ref_s21 (70s) | elapsed session 0h46m, total 0h46m | ETA 0h15m (actual/smoke-median cost ratio 1.38)
[2026-09-28 10:39:22] 233/300 FreeSolv_B_gwo_ref_s23 (80s) | elapsed session 0h47m, total 0h47m | ETA 0h14m (actual/smoke-median cost ratio 1.38)
[2026-09-28 10:39:35] 234/300 FreeSolv_B_gwo_ref_s26 (71s) | elapsed session 0h47m, total 0h47m | ETA 0h14m (actual/smoke-median cost ratio 1.37)
[2026-09-28 10:39:36] 235/300 FreeSolv_B_gwo_ref_s22 (100s) | elapsed session 0h47m, total 0h47m | ETA 0h14m (actual/smoke-median cost ratio 1.37)
[2026-09-28 10:39:39] 236/300 FreeSolv_B_gwo_ref_s24 (94s) | elapsed session 0h47m, total 0h47m | ETA 0h14m (actual/smoke-median cost ratio 1.37)
[2026-09-28 10:39:53] 237/300 FreeSolv_B_gwo_ref_s25 (91s) | elapsed session 0h47m, total 0h47m | ETA 0h13m (actual/smoke-median cost ratio 1.37)
[2026-09-28 10:40:18] 238/300 FreeSolv_B_gwo_ref_s27 (86s) | elapsed session 0h48m, total 0h48m | ETA 0h13m (actual/smoke-median cost ratio 1.37)
[2026-09-28 10:40:21] 239/300 FreeSolv_B_woa_ref_s4 (44s) | elapsed session 0h48m, total 0h48m | ETA 0h13m (actual/smoke-median cost ratio 1.36)
[2026-09-28 10:40:27] 240/300 FreeSolv_B_gwo_ref_s28 (94s) | elapsed session 0h48m, total 0h48m | ETA 0h13m (actual/smoke-median cost ratio 1.36)
[2026-09-28 10:40:29] 241/300 FreeSolv_B_gwo_ref_s29 (96s) | elapsed session 0h48m, total 0h48m | ETA 0h12m (actual/smoke-median cost ratio 1.36)
[2026-09-28 10:40:49] 242/300 FreeSolv_B_woa_ref_s1 (113s) | elapsed session 0h48m, total 0h48m | ETA 0h12m (actual/smoke-median cost ratio 1.36)
[2026-09-28 10:41:07] 243/300 FreeSolv_B_woa_ref_s7 (49s) | elapsed session 0h49m, total 0h49m | ETA 0h12m (actual/smoke-median cost ratio 1.35)
[2026-09-28 10:41:10] 244/300 FreeSolv_B_woa_ref_s6 (77s) | elapsed session 0h49m, total 0h49m | ETA 0h12m (actual/smoke-median cost ratio 1.35)
[2026-09-28 10:41:11] 245/300 FreeSolv_B_woa_ref_s5 (91s) | elapsed session 0h49m, total 0h49m | ETA 0h11m (actual/smoke-median cost ratio 1.35)
[2026-09-28 10:41:42] 246/300 FreeSolv_B_woa_ref_s10 (73s) | elapsed session 0h49m, total 0h49m | ETA 0h11m (actual/smoke-median cost ratio 1.35)
[2026-09-28 10:41:50] 247/300 FreeSolv_B_woa_ref_s8 (90s) | elapsed session 0h49m, total 0h49m | ETA 0h11m (actual/smoke-median cost ratio 1.34)
[2026-09-28 10:41:51] 248/300 FreeSolv_B_woa_ref_s2 (149s) | elapsed session 0h49m, total 0h49m | ETA 0h11m (actual/smoke-median cost ratio 1.35)
[2026-09-28 10:41:56] 249/300 FreeSolv_B_woa_ref_s11 (67s) | elapsed session 0h49m, total 0h49m | ETA 0h10m (actual/smoke-median cost ratio 1.34)
[2026-09-28 10:42:18] 250/300 FreeSolv_B_woa_ref_s14 (67s) | elapsed session 0h50m, total 0h50m | ETA 0h10m (actual/smoke-median cost ratio 1.34)
[2026-09-28 10:42:18] --- checkpoint at 250 runs: median fit time per call, actual vs smoke estimate ---
[2026-09-28 10:42:18]     BBBP          B: actual   0.95 s (n=14922) | smoke   0.77 s | ratio 1.23
[2026-09-28 10:42:18]     FreeSolv      B: actual   0.74 s (n=9973) | smoke   0.95 s | ratio 0.78
[2026-09-28 10:42:33] 251/300 FreeSolv_B_woa_ref_s0 (218s) | elapsed session 0h50m, total 0h50m | ETA 0h10m (actual/smoke-median cost ratio 1.34)
[2026-09-28 10:42:40] 252/300 FreeSolv_B_woa_ref_s15 (58s) | elapsed session 0h50m, total 0h50m | ETA 0h10m (actual/smoke-median cost ratio 1.34)
[2026-09-28 10:42:42] 253/300 FreeSolv_B_woa_ref_s17 (51s) | elapsed session 0h50m, total 0h50m | ETA 0h10m (actual/smoke-median cost ratio 1.34)
[2026-09-28 10:42:43] 254/300 FreeSolv_B_woa_ref_s16 (53s) | elapsed session 0h50m, total 0h50m | ETA 0h09m (actual/smoke-median cost ratio 1.33)
[2026-09-28 10:42:51] 255/300 FreeSolv_B_woa_ref_s13 (101s) | elapsed session 0h50m, total 0h50m | ETA 0h09m (actual/smoke-median cost ratio 1.33)
[2026-09-28 10:42:58] 256/300 FreeSolv_B_woa_ref_s3 (203s) | elapsed session 0h51m, total 0h51m | ETA 0h09m (actual/smoke-median cost ratio 1.34)
[2026-09-28 10:43:09] 257/300 FreeSolv_B_woa_ref_s9 (162s) | elapsed session 0h51m, total 0h51m | ETA 0h09m (actual/smoke-median cost ratio 1.34)
[2026-09-28 10:43:21] 258/300 FreeSolv_B_woa_ref_s18 (85s) | elapsed session 0h51m, total 0h51m | ETA 0h08m (actual/smoke-median cost ratio 1.34)
[2026-09-28 10:43:23] 259/300 FreeSolv_B_woa_ref_s12 (136s) | elapsed session 0h51m, total 0h51m | ETA 0h08m (actual/smoke-median cost ratio 1.34)
[2026-09-28 10:43:28] 260/300 FreeSolv_B_woa_ref_s22 (46s) | elapsed session 0h51m, total 0h51m | ETA 0h08m (actual/smoke-median cost ratio 1.33)
[2026-09-28 10:43:36] 261/300 FreeSolv_B_woa_ref_s19 (78s) | elapsed session 0h51m, total 0h51m | ETA 0h08m (actual/smoke-median cost ratio 1.33)
[2026-09-28 10:43:49] 262/300 FreeSolv_B_woa_ref_s20 (76s) | elapsed session 0h51m, total 0h51m | ETA 0h08m (actual/smoke-median cost ratio 1.33)
[2026-09-28 10:43:58] 263/300 FreeSolv_B_woa_ref_s24 (67s) | elapsed session 0h52m, total 0h52m | ETA 0h07m (actual/smoke-median cost ratio 1.32)
[2026-09-28 10:44:33] 264/300 FreeSolv_B_woa_ref_s26 (84s) | elapsed session 0h52m, total 0h52m | ETA 0h07m (actual/smoke-median cost ratio 1.32)
[2026-09-28 10:44:37] 265/300 FreeSolv_B_woa_ref_s28 (74s) | elapsed session 0h52m, total 0h52m | ETA 0h07m (actual/smoke-median cost ratio 1.32)
[2026-09-28 10:45:07] 266/300 FreeSolv_B_woa_ref_s29 (99s) | elapsed session 0h53m, total 0h53m | ETA 0h07m (actual/smoke-median cost ratio 1.32)
[2026-09-28 10:45:08] 267/300 FreeSolv_B_woa_ref_s25 (130s) | elapsed session 0h53m, total 0h53m | ETA 0h06m (actual/smoke-median cost ratio 1.32)
[2026-09-28 10:45:14] 268/300 FreeSolv_B_pso_s1 (84s) | elapsed session 0h53m, total 0h53m | ETA 0h06m (actual/smoke-median cost ratio 1.32)
[2026-09-28 10:45:25] 269/300 FreeSolv_B_pso_s3 (53s) | elapsed session 0h53m, total 0h53m | ETA 0h06m (actual/smoke-median cost ratio 1.31)
[2026-09-28 10:45:26] 270/300 FreeSolv_B_woa_ref_s23 (162s) | elapsed session 0h53m, total 0h53m | ETA 0h06m (actual/smoke-median cost ratio 1.32)
[2026-09-28 10:45:27] 271/300 FreeSolv_B_pso_s0 (111s) | elapsed session 0h53m, total 0h53m | ETA 0h06m (actual/smoke-median cost ratio 1.32)
[2026-09-28 10:45:36] 272/300 FreeSolv_B_pso_s4 (59s) | elapsed session 0h53m, total 0h53m | ETA 0h05m (actual/smoke-median cost ratio 1.31)
[2026-09-28 10:45:52] 273/300 FreeSolv_B_woa_ref_s27 (151s) | elapsed session 0h53m, total 0h53m | ETA 0h05m (actual/smoke-median cost ratio 1.31)
[2026-09-28 10:46:04] 274/300 FreeSolv_B_pso_s7 (51s) | elapsed session 0h54m, total 0h54m | ETA 0h05m (actual/smoke-median cost ratio 1.31)
[2026-09-28 10:46:39] 275/300 FreeSolv_B_pso_s2 (161s) | elapsed session 0h54m, total 0h54m | ETA 0h05m (actual/smoke-median cost ratio 1.31)
[2026-09-28 10:46:42] 276/300 FreeSolv_B_woa_ref_s21 (242s) | elapsed session 0h54m, total 0h54m | ETA 0h05m (actual/smoke-median cost ratio 1.32)
[2026-09-28 10:46:43] 277/300 FreeSolv_B_pso_s6 (96s) | elapsed session 0h54m, total 0h54m | ETA 0h04m (actual/smoke-median cost ratio 1.32)
[2026-09-28 10:46:53] 278/300 FreeSolv_B_pso_s8 (87s) | elapsed session 0h54m, total 0h54m | ETA 0h04m (actual/smoke-median cost ratio 1.31)
[2026-09-28 10:46:53] 279/300 FreeSolv_B_pso_s10 (87s) | elapsed session 0h54m, total 0h54m | ETA 0h04m (actual/smoke-median cost ratio 1.31)
[2026-09-28 10:46:55] 280/300 FreeSolv_B_pso_s5 (108s) | elapsed session 0h54m, total 0h54m | ETA 0h04m (actual/smoke-median cost ratio 1.31)
[2026-09-28 10:46:56] 281/300 FreeSolv_B_pso_s11 (80s) | elapsed session 0h54m, total 0h54m | ETA 0h03m (actual/smoke-median cost ratio 1.31)
[2026-09-28 10:47:23] 282/300 FreeSolv_B_pso_s9 (118s) | elapsed session 0h55m, total 0h55m | ETA 0h03m (actual/smoke-median cost ratio 1.31)
[2026-09-28 10:47:39] 283/300 FreeSolv_B_pso_s12 (107s) | elapsed session 0h55m, total 0h55m | ETA 0h03m (actual/smoke-median cost ratio 1.31)
[2026-09-28 10:47:44] 284/300 FreeSolv_B_pso_s14 (65s) | elapsed session 0h55m, total 0h55m | ETA 0h03m (actual/smoke-median cost ratio 1.31)
[2026-09-28 10:47:52] 285/300 FreeSolv_B_pso_s15 (70s) | elapsed session 0h55m, total 0h55m | ETA 0h03m (actual/smoke-median cost ratio 1.30)
[2026-09-28 10:47:58] 286/300 FreeSolv_B_pso_s17 (65s) | elapsed session 0h56m, total 0h56m | ETA 0h02m (actual/smoke-median cost ratio 1.30)
[2026-09-28 10:47:59] 287/300 FreeSolv_B_pso_s16 (75s) | elapsed session 0h56m, total 0h56m | ETA 0h02m (actual/smoke-median cost ratio 1.30)
[2026-09-28 10:48:14] 288/300 FreeSolv_B_pso_s13 (130s) | elapsed session 0h56m, total 0h56m | ETA 0h02m (actual/smoke-median cost ratio 1.30)
[2026-09-28 10:48:17] 289/300 FreeSolv_B_pso_s19 (82s) | elapsed session 0h56m, total 0h56m | ETA 0h02m (actual/smoke-median cost ratio 1.30)
[2026-09-28 10:48:32] 290/300 FreeSolv_B_pso_s18 (98s) | elapsed session 0h56m, total 0h56m | ETA 0h02m (actual/smoke-median cost ratio 1.30)
[2026-09-28 10:48:41] 291/300 FreeSolv_B_pso_s20 (105s) | elapsed session 0h56m, total 0h56m | ETA 0h01m (actual/smoke-median cost ratio 1.30)
[2026-09-28 10:49:01] 292/300 FreeSolv_B_pso_s22 (82s) | elapsed session 0h57m, total 0h57m | ETA 0h01m (actual/smoke-median cost ratio 1.29)
[2026-09-28 10:49:07] 293/300 FreeSolv_B_pso_s24 (75s) | elapsed session 0h57m, total 0h57m | ETA 0h01m (actual/smoke-median cost ratio 1.29)
[2026-09-28 10:49:11] 294/300 FreeSolv_B_pso_s26 (72s) | elapsed session 0h57m, total 0h57m | ETA 0h01m (actual/smoke-median cost ratio 1.29)
[2026-09-28 10:49:20] 295/300 FreeSolv_B_pso_s29 (49s) | elapsed session 0h57m, total 0h57m | ETA 0h01m (actual/smoke-median cost ratio 1.29)
[2026-09-28 10:49:23] 296/300 FreeSolv_B_pso_s25 (85s) | elapsed session 0h57m, total 0h57m | ETA 0h00m (actual/smoke-median cost ratio 1.29)
[2026-09-28 10:49:32] 297/300 FreeSolv_B_pso_s27 (78s) | elapsed session 0h57m, total 0h57m | ETA 0h00m (actual/smoke-median cost ratio 1.28)
[2026-09-28 10:49:49] 298/300 FreeSolv_B_pso_s23 (125s) | elapsed session 0h57m, total 0h57m | ETA 0h00m (actual/smoke-median cost ratio 1.28)
[2026-09-28 10:49:55] 299/300 FreeSolv_B_pso_s21 (152s) | elapsed session 0h57m, total 0h57m | ETA 0h00m (actual/smoke-median cost ratio 1.29)
[2026-09-28 10:50:41] 300/300 FreeSolv_B_pso_s28 (144s) | elapsed session 0h58m, total 0h58m | ETA 0h00m (actual/smoke-median cost ratio 1.29)
[2026-09-28 10:50:41] FreeSolv complete: 150/150 runs
[2026-09-28 10:50:41] --- checkpoint at 300 runs: median fit time per call, actual vs smoke estimate ---
[2026-09-28 10:50:41]     BBBP          B: actual   0.95 s (n=14922) | smoke   0.77 s | ratio 1.23
[2026-09-28 10:50:41]     FreeSolv      B: actual   0.75 s (n=14912) | smoke   0.95 s | ratio 0.79
[2026-09-28 10:50:41] === session end: complete | 300/300 runs done | failures this session: 0
[2026-09-28 10:50:41] --- checkpoint at 300 runs: median fit time per call, actual vs smoke estimate ---
[2026-09-28 10:50:41]     BBBP          B: actual   0.95 s (n=14922) | smoke   0.77 s | ratio 1.23
[2026-09-28 10:50:41]     FreeSolv      B: actual   0.75 s (n=14912) | smoke   0.95 s | ratio 0.79
[2026-09-28 10:50:44] ALL RUNS COMPLETE. test summary: results\xgb_mh\mirror\test_summary.csv
