[2026-09-27 20:21:41] === session 1 start | results\xgb_mh\full_ref | code f056a88816b3 | n_jobs=10
[2026-09-27 20:21:41] finished runs skipped: 0/600 | partial runs to redo: 0 | stray .tmp files removed: 0 | to run now: 600
[2026-09-27 20:21:41]   BBBP: 0/120 runs done
[2026-09-27 20:21:41]   FreeSolv: 0/120 runs done
[2026-09-27 20:21:41]   BACE: 0/120 runs done
[2026-09-27 20:21:41]   ESOL: 0/120 runs done
[2026-09-27 20:21:41]   Lipophilicity: 0/120 runs done
[2026-09-27 20:21:43] baseline BBBP done
[2026-09-27 20:21:44] baseline FreeSolv done
[2026-09-27 20:21:46] baseline BACE done
[2026-09-27 20:21:48] baseline ESOL done
[2026-09-27 20:21:52] baseline Lipophilicity done
[2026-09-27 20:25:29] 1/600 BBBP_A_gwo_ref_s3 (212s) | elapsed session 0h03m, total 0h03m | ETA 4h52m (actual/smoke-median cost ratio 1.06)
[2026-09-27 20:25:41] 2/600 BBBP_A_gwo_ref_s1 (224s) | elapsed session 0h03m, total 0h03m | ETA 5h00m (actual/smoke-median cost ratio 1.09)
[2026-09-27 20:26:01] 3/600 BBBP_A_gwo_ref_s2 (244s) | elapsed session 0h04m, total 0h04m | ETA 5h12m (actual/smoke-median cost ratio 1.13)
[2026-09-27 20:26:07] 4/600 BBBP_A_gwo_ref_s9 (250s) | elapsed session 0h04m, total 0h04m | ETA 5h19m (actual/smoke-median cost ratio 1.16)
[2026-09-27 20:26:41] 5/600 BBBP_A_gwo_ref_s4 (284s) | elapsed session 0h05m, total 0h05m | ETA 5h33m (actual/smoke-median cost ratio 1.21)
[2026-09-27 20:26:54] 6/600 BBBP_A_gwo_ref_s5 (297s) | elapsed session 0h05m, total 0h05m | ETA 5h45m (actual/smoke-median cost ratio 1.25)
[2026-09-27 20:27:04] 7/600 BBBP_A_gwo_ref_s6 (307s) | elapsed session 0h05m, total 0h05m | ETA 5h56m (actual/smoke-median cost ratio 1.29)
[2026-09-27 20:27:54] 8/600 BBBP_A_gwo_ref_s0 (357s) | elapsed session 0h06m, total 0h06m | ETA 6h12m (actual/smoke-median cost ratio 1.36)
[2026-09-27 20:28:09] 9/600 BBBP_A_gwo_ref_s8 (372s) | elapsed session 0h06m, total 0h06m | ETA 6h27m (actual/smoke-median cost ratio 1.41)
[2026-09-27 20:28:14] 10/600 BBBP_A_gwo_ref_s7 (377s) | elapsed session 0h06m, total 0h06m | ETA 6h39m (actual/smoke-median cost ratio 1.46)
[2026-09-27 20:30:09] 11/600 BBBP_A_gwo_ref_s10 (280s) | elapsed session 0h08m, total 0h08m | ETA 6h37m (actual/smoke-median cost ratio 1.45)
[2026-09-27 20:30:34] 12/600 BBBP_A_gwo_ref_s14 (232s) | elapsed session 0h08m, total 0h08m | ETA 6h30m (actual/smoke-median cost ratio 1.43)
[2026-09-27 20:31:26] 13/600 BBBP_A_gwo_ref_s16 (261s) | elapsed session 0h09m, total 0h09m | ETA 6h27m (actual/smoke-median cost ratio 1.42)
[2026-09-27 20:31:27] 14/600 BBBP_A_gwo_ref_s11 (346s) | elapsed session 0h09m, total 0h09m | ETA 6h32m (actual/smoke-median cost ratio 1.44)
[2026-09-27 20:31:42] 15/600 BBBP_A_gwo_ref_s19 (207s) | elapsed session 0h10m, total 0h10m | ETA 6h24m (actual/smoke-median cost ratio 1.41)
[2026-09-27 20:31:43] 16/600 BBBP_A_gwo_ref_s17 (229s) | elapsed session 0h10m, total 0h10m | ETA 6h19m (actual/smoke-median cost ratio 1.40)
[2026-09-27 20:31:45] 17/600 BBBP_A_gwo_ref_s18 (215s) | elapsed session 0h10m, total 0h10m | ETA 6h14m (actual/smoke-median cost ratio 1.38)
[2026-09-27 20:31:57] 18/600 BBBP_A_gwo_ref_s15 (303s) | elapsed session 0h10m, total 0h10m | ETA 6h15m (actual/smoke-median cost ratio 1.38)
[2026-09-27 20:32:16] 19/600 BBBP_A_gwo_ref_s12 (375s) | elapsed session 0h10m, total 0h10m | ETA 6h22m (actual/smoke-median cost ratio 1.41)
[2026-09-27 20:32:42] 20/600 BBBP_A_gwo_ref_s13 (395s) | elapsed session 0h11m, total 0h11m | ETA 6h29m (actual/smoke-median cost ratio 1.44)
[2026-09-27 20:35:21] 21/600 BBBP_A_gwo_ref_s22 (235s) | elapsed session 0h13m, total 0h13m | ETA 6h25m (actual/smoke-median cost ratio 1.43)
[2026-09-27 20:35:30] 22/600 BBBP_A_gwo_ref_s20 (321s) | elapsed session 0h13m, total 0h13m | ETA 6h26m (actual/smoke-median cost ratio 1.43)
[2026-09-27 20:35:34] 23/600 BBBP_A_gwo_ref_s21 (300s) | elapsed session 0h13m, total 0h13m | ETA 6h27m (actual/smoke-median cost ratio 1.44)
[2026-09-27 20:35:37] 24/600 BBBP_A_gwo_ref_s24 (235s) | elapsed session 0h13m, total 0h13m | ETA 6h23m (actual/smoke-median cost ratio 1.42)
[2026-09-27 20:36:03] 25/600 BBBP_A_gwo_ref_s26 (258s) | elapsed session 0h14m, total 0h14m | ETA 6h21m (actual/smoke-median cost ratio 1.42)
[2026-09-27 20:37:12] 26/600 BBBP_A_gwo_ref_s28 (296s) | elapsed session 0h15m, total 0h15m | ETA 6h21m (actual/smoke-median cost ratio 1.42)
[2026-09-27 20:37:32] 27/600 BBBP_A_gwo_ref_s27 (336s) | elapsed session 0h15m, total 0h15m | ETA 6h23m (actual/smoke-median cost ratio 1.43)
[2026-09-27 20:37:42] 28/600 BBBP_A_gwo_ref_s23 (375s) | elapsed session 0h16m, total 0h16m | ETA 6h27m (actual/smoke-median cost ratio 1.45)
[2026-09-27 20:38:05] 29/600 BBBP_A_gwo_ref_s25 (381s) | elapsed session 0h16m, total 0h16m | ETA 6h31m (actual/smoke-median cost ratio 1.46)
[2026-09-27 20:38:24] 30/600 BBBP_A_gwo_ref_s29 (342s) | elapsed session 0h16m, total 0h16m | ETA 6h32m (actual/smoke-median cost ratio 1.47)
[2026-09-27 20:39:01] 31/600 BBBP_A_woa_ref_s3 (205s) | elapsed session 0h17m, total 0h17m | ETA 6h28m (actual/smoke-median cost ratio 1.46)
[2026-09-27 20:39:07] 32/600 BBBP_A_woa_ref_s4 (184s) | elapsed session 0h17m, total 0h17m | ETA 6h23m (actual/smoke-median cost ratio 1.44)
[2026-09-27 20:39:32] 33/600 BBBP_A_woa_ref_s2 (238s) | elapsed session 0h17m, total 0h17m | ETA 6h21m (actual/smoke-median cost ratio 1.43)
[2026-09-27 20:39:33] 34/600 BBBP_A_woa_ref_s0 (252s) | elapsed session 0h17m, total 0h17m | ETA 6h19m (actual/smoke-median cost ratio 1.43)
[2026-09-27 20:40:17] 35/600 BBBP_A_woa_ref_s9 (113s) | elapsed session 0h18m, total 0h18m | ETA 6h12m (actual/smoke-median cost ratio 1.40)
[2026-09-27 20:41:27] 36/600 BBBP_A_woa_ref_s6 (234s) | elapsed session 0h19m, total 0h19m | ETA 6h10m (actual/smoke-median cost ratio 1.39)
[2026-09-27 20:41:30] 37/600 BBBP_A_woa_ref_s5 (257s) | elapsed session 0h19m, total 0h19m | ETA 6h08m (actual/smoke-median cost ratio 1.39)
[2026-09-27 20:42:04] 38/600 BBBP_A_woa_ref_s7 (263s) | elapsed session 0h20m, total 0h20m | ETA 6h07m (actual/smoke-median cost ratio 1.39)
[2026-09-27 20:42:21] 39/600 BBBP_A_woa_ref_s1 (411s) | elapsed session 0h20m, total 0h20m | ETA 6h11m (actual/smoke-median cost ratio 1.41)
[2026-09-27 20:42:47] 40/600 BBBP_A_woa_ref_s10 (225s) | elapsed session 0h21m, total 0h21m | ETA 6h09m (actual/smoke-median cost ratio 1.40)
[2026-09-27 20:43:19] 41/600 BBBP_A_woa_ref_s11 (252s) | elapsed session 0h21m, total 0h21m | ETA 6h08m (actual/smoke-median cost ratio 1.40)
[2026-09-27 20:43:35] 42/600 BBBP_A_woa_ref_s8 (330s) | elapsed session 0h21m, total 0h21m | ETA 6h09m (actual/smoke-median cost ratio 1.40)
[2026-09-27 20:43:50] 43/600 BBBP_A_woa_ref_s17 (106s) | elapsed session 0h22m, total 0h22m | ETA 6h03m (actual/smoke-median cost ratio 1.38)
[2026-09-27 20:44:10] 44/600 BBBP_A_woa_ref_s13 (277s) | elapsed session 0h22m, total 0h22m | ETA 6h02m (actual/smoke-median cost ratio 1.38)
[2026-09-27 20:44:38] 45/600 BBBP_A_woa_ref_s18 (137s) | elapsed session 0h22m, total 0h22m | ETA 5h58m (actual/smoke-median cost ratio 1.37)
[2026-09-27 20:44:58] 46/600 BBBP_A_woa_ref_s19 (132s) | elapsed session 0h23m, total 0h23m | ETA 5h53m (actual/smoke-median cost ratio 1.35)
[2026-09-27 20:45:02] 47/600 BBBP_A_woa_ref_s12 (330s) | elapsed session 0h23m, total 0h23m | ETA 5h55m (actual/smoke-median cost ratio 1.36)
[2026-09-27 20:45:20] 48/600 BBBP_A_woa_ref_s15 (234s) | elapsed session 0h23m, total 0h23m | ETA 5h53m (actual/smoke-median cost ratio 1.35)
[2026-09-27 20:45:47] 49/600 BBBP_A_woa_ref_s20 (148s) | elapsed session 0h24m, total 0h24m | ETA 5h49m (actual/smoke-median cost ratio 1.34)
[2026-09-27 20:45:55] 50/600 BBBP_A_woa_ref_s16 (266s) | elapsed session 0h24m, total 0h24m | ETA 5h49m (actual/smoke-median cost ratio 1.34)
[2026-09-27 20:45:55] --- checkpoint at 50 runs: median fit time per call, actual vs smoke estimate ---
[2026-09-27 20:45:55]     BBBP          A: actual   2.46 s (n=4942) | smoke   1.98 s | ratio 1.24
[2026-09-27 20:46:00] 51/600 BBBP_A_woa_ref_s21 (145s) | elapsed session 0h24m, total 0h24m | ETA 5h45m (actual/smoke-median cost ratio 1.33)
[2026-09-27 20:46:39] 52/600 BBBP_A_woa_ref_s14 (382s) | elapsed session 0h24m, total 0h24m | ETA 5h48m (actual/smoke-median cost ratio 1.34)
[2026-09-27 20:46:54] 53/600 BBBP_A_woa_ref_s22 (184s) | elapsed session 0h25m, total 0h25m | ETA 5h45m (actual/smoke-median cost ratio 1.33)
[2026-09-27 20:47:19] 54/600 BBBP_A_woa_ref_s23 (188s) | elapsed session 0h25m, total 0h25m | ETA 5h43m (actual/smoke-median cost ratio 1.32)
[2026-09-27 20:47:34] 55/600 BBBP_A_woa_ref_s24 (176s) | elapsed session 0h25m, total 0h25m | ETA 5h40m (actual/smoke-median cost ratio 1.32)
[2026-09-27 20:48:08] 56/600 BBBP_A_woa_ref_s28 (141s) | elapsed session 0h26m, total 0h26m | ETA 5h37m (actual/smoke-median cost ratio 1.30)
[2026-09-27 20:48:15] 57/600 BBBP_A_woa_ref_s25 (197s) | elapsed session 0h26m, total 0h26m | ETA 5h35m (actual/smoke-median cost ratio 1.30)
[2026-09-27 20:48:22] 58/600 BBBP_A_woa_ref_s26 (200s) | elapsed session 0h26m, total 0h26m | ETA 5h33m (actual/smoke-median cost ratio 1.29)
[2026-09-27 20:48:39] 59/600 BBBP_A_woa_ref_s29 (164s) | elapsed session 0h26m, total 0h26m | ETA 5h31m (actual/smoke-median cost ratio 1.29)
[2026-09-27 20:49:02] 60/600 BBBP_B_gwo_ref_s0 (182s) | elapsed session 0h27m, total 0h27m | ETA 5h32m (actual/smoke-median cost ratio 1.29)
[2026-09-27 20:49:06] 61/600 BBBP_B_gwo_ref_s3 (107s) | elapsed session 0h27m, total 0h27m | ETA 5h32m (actual/smoke-median cost ratio 1.29)
[2026-09-27 20:49:12] 62/600 BBBP_B_gwo_ref_s4 (98s) | elapsed session 0h27m, total 0h27m | ETA 5h32m (actual/smoke-median cost ratio 1.29)
[2026-09-27 20:49:15] 63/600 BBBP_B_gwo_ref_s2 (140s) | elapsed session 0h27m, total 0h27m | ETA 5h33m (actual/smoke-median cost ratio 1.30)
[2026-09-27 20:49:58] 64/600 BBBP_B_gwo_ref_s5 (110s) | elapsed session 0h28m, total 0h28m | ETA 5h33m (actual/smoke-median cost ratio 1.30)
[2026-09-27 20:50:27] 65/600 BBBP_B_gwo_ref_s11 (75s) | elapsed session 0h28m, total 0h28m | ETA 5h32m (actual/smoke-median cost ratio 1.29)
[2026-09-27 20:50:30] 66/600 BBBP_A_woa_ref_s27 (309s) | elapsed session 0h28m, total 0h28m | ETA 5h33m (actual/smoke-median cost ratio 1.30)
[2026-09-27 20:50:40] 67/600 BBBP_B_gwo_ref_s1 (241s) | elapsed session 0h28m, total 0h28m | ETA 5h35m (actual/smoke-median cost ratio 1.31)
[2026-09-27 20:50:42] 68/600 BBBP_B_gwo_ref_s8 (123s) | elapsed session 0h29m, total 0h29m | ETA 5h36m (actual/smoke-median cost ratio 1.31)
[2026-09-27 20:51:08] 69/600 BBBP_B_gwo_ref_s7 (166s) | elapsed session 0h29m, total 0h29m | ETA 5h37m (actual/smoke-median cost ratio 1.32)
[2026-09-27 20:51:11] 70/600 BBBP_B_gwo_ref_s10 (125s) | elapsed session 0h29m, total 0h29m | ETA 5h37m (actual/smoke-median cost ratio 1.32)
[2026-09-27 20:51:23] 71/600 BBBP_B_gwo_ref_s13 (86s) | elapsed session 0h29m, total 0h29m | ETA 5h36m (actual/smoke-median cost ratio 1.32)
[2026-09-27 20:51:24] 72/600 BBBP_B_gwo_ref_s12 (130s) | elapsed session 0h29m, total 0h29m | ETA 5h37m (actual/smoke-median cost ratio 1.32)
[2026-09-27 20:51:42] 73/600 BBBP_B_gwo_ref_s9 (159s) | elapsed session 0h30m, total 0h30m | ETA 5h38m (actual/smoke-median cost ratio 1.32)
[2026-09-27 20:51:43] 74/600 BBBP_B_gwo_ref_s15 (73s) | elapsed session 0h30m, total 0h30m | ETA 5h37m (actual/smoke-median cost ratio 1.32)
[2026-09-27 20:51:49] 75/600 BBBP_B_gwo_ref_s6 (214s) | elapsed session 0h30m, total 0h30m | ETA 5h39m (actual/smoke-median cost ratio 1.33)
[2026-09-27 20:52:25] 76/600 BBBP_B_gwo_ref_s21 (61s) | elapsed session 0h30m, total 0h30m | ETA 5h38m (actual/smoke-median cost ratio 1.33)
[2026-09-27 20:52:35] 77/600 BBBP_B_gwo_ref_s14 (128s) | elapsed session 0h30m, total 0h30m | ETA 5h38m (actual/smoke-median cost ratio 1.33)
[2026-09-27 20:52:40] 78/600 BBBP_B_gwo_ref_s17 (118s) | elapsed session 0h30m, total 0h30m | ETA 5h38m (actual/smoke-median cost ratio 1.33)
[2026-09-27 20:52:50] 79/600 BBBP_B_gwo_ref_s24 (61s) | elapsed session 0h31m, total 0h31m | ETA 5h37m (actual/smoke-median cost ratio 1.33)
[2026-09-27 20:52:58] 80/600 BBBP_B_gwo_ref_s20 (95s) | elapsed session 0h31m, total 0h31m | ETA 5h37m (actual/smoke-median cost ratio 1.32)
[2026-09-27 20:53:04] 81/600 BBBP_B_gwo_ref_s18 (115s) | elapsed session 0h31m, total 0h31m | ETA 5h37m (actual/smoke-median cost ratio 1.33)
[2026-09-27 20:53:05] 82/600 BBBP_B_gwo_ref_s16 (145s) | elapsed session 0h31m, total 0h31m | ETA 5h38m (actual/smoke-median cost ratio 1.33)
[2026-09-27 20:53:06] 83/600 BBBP_B_gwo_ref_s19 (115s) | elapsed session 0h31m, total 0h31m | ETA 5h38m (actual/smoke-median cost ratio 1.33)
[2026-09-27 20:53:32] 84/600 BBBP_B_gwo_ref_s22 (110s) | elapsed session 0h31m, total 0h31m | ETA 5h38m (actual/smoke-median cost ratio 1.33)
[2026-09-27 20:53:52] 85/600 BBBP_B_gwo_ref_s23 (129s) | elapsed session 0h32m, total 0h32m | ETA 5h38m (actual/smoke-median cost ratio 1.33)
[2026-09-27 20:53:53] 86/600 BBBP_B_woa_ref_s0 (50s) | elapsed session 0h32m, total 0h32m | ETA 5h37m (actual/smoke-median cost ratio 1.33)
[2026-09-27 20:54:39] 87/600 BBBP_B_woa_ref_s1 (93s) | elapsed session 0h32m, total 0h32m | ETA 5h36m (actual/smoke-median cost ratio 1.33)
[2026-09-27 20:54:41] 88/600 BBBP_B_woa_ref_s3 (70s) | elapsed session 0h33m, total 0h33m | ETA 5h36m (actual/smoke-median cost ratio 1.32)
[2026-09-27 20:54:58] 89/600 BBBP_B_gwo_ref_s26 (143s) | elapsed session 0h33m, total 0h33m | ETA 5h36m (actual/smoke-median cost ratio 1.33)
[2026-09-27 20:54:59] 90/600 BBBP_B_woa_ref_s2 (112s) | elapsed session 0h33m, total 0h33m | ETA 5h36m (actual/smoke-median cost ratio 1.33)
[2026-09-27 20:54:59] 91/600 BBBP_B_gwo_ref_s28 (129s) | elapsed session 0h33m, total 0h33m | ETA 5h36m (actual/smoke-median cost ratio 1.33)
[2026-09-27 20:55:06] 92/600 BBBP_B_woa_ref_s4 (74s) | elapsed session 0h33m, total 0h33m | ETA 5h36m (actual/smoke-median cost ratio 1.33)
[2026-09-27 20:55:19] 93/600 BBBP_B_woa_ref_s5 (86s) | elapsed session 0h33m, total 0h33m | ETA 5h35m (actual/smoke-median cost ratio 1.33)
[2026-09-27 20:55:34] 94/600 BBBP_B_gwo_ref_s29 (156s) | elapsed session 0h33m, total 0h33m | ETA 5h36m (actual/smoke-median cost ratio 1.33)
[2026-09-27 20:55:41] 95/600 BBBP_B_gwo_ref_s25 (197s) | elapsed session 0h34m, total 0h34m | ETA 5h37m (actual/smoke-median cost ratio 1.34)
[2026-09-27 20:55:46] 96/600 BBBP_B_woa_ref_s10 (47s) | elapsed session 0h34m, total 0h34m | ETA 5h36m (actual/smoke-median cost ratio 1.33)
[2026-09-27 20:56:01] 97/600 BBBP_B_woa_ref_s9 (62s) | elapsed session 0h34m, total 0h34m | ETA 5h35m (actual/smoke-median cost ratio 1.33)
[2026-09-27 20:56:11] 98/600 BBBP_B_woa_ref_s7 (89s) | elapsed session 0h34m, total 0h34m | ETA 5h35m (actual/smoke-median cost ratio 1.33)
[2026-09-27 20:56:19] 99/600 BBBP_B_gwo_ref_s27 (219s) | elapsed session 0h34m, total 0h34m | ETA 5h37m (actual/smoke-median cost ratio 1.34)
[2026-09-27 20:56:30] 100/600 BBBP_B_woa_ref_s11 (84s) | elapsed session 0h34m, total 0h34m | ETA 5h36m (actual/smoke-median cost ratio 1.33)
[2026-09-27 20:56:30] --- checkpoint at 100 runs: median fit time per call, actual vs smoke estimate ---
[2026-09-27 20:56:30]     BBBP          A: actual   2.33 s (n=5906) | smoke   1.98 s | ratio 1.18
[2026-09-27 20:56:30]     BBBP          B: actual   0.96 s (n=3966) | smoke   0.77 s | ratio 1.24
[2026-09-27 20:56:33] 101/600 BBBP_B_woa_ref_s13 (59s) | elapsed session 0h34m, total 0h34m | ETA 5h35m (actual/smoke-median cost ratio 1.33)
[2026-09-27 20:56:41] 102/600 BBBP_B_woa_ref_s6 (122s) | elapsed session 0h35m, total 0h35m | ETA 5h35m (actual/smoke-median cost ratio 1.33)
[2026-09-27 20:56:49] 103/600 BBBP_B_woa_ref_s12 (89s) | elapsed session 0h35m, total 0h35m | ETA 5h35m (actual/smoke-median cost ratio 1.33)
[2026-09-27 20:57:15] 104/600 BBBP_B_woa_ref_s15 (89s) | elapsed session 0h35m, total 0h35m | ETA 5h34m (actual/smoke-median cost ratio 1.33)
[2026-09-27 20:57:20] 105/600 BBBP_B_woa_ref_s8 (142s) | elapsed session 0h35m, total 0h35m | ETA 5h35m (actual/smoke-median cost ratio 1.33)
[2026-09-27 20:57:23] 106/600 BBBP_B_woa_ref_s16 (82s) | elapsed session 0h35m, total 0h35m | ETA 5h34m (actual/smoke-median cost ratio 1.33)
[2026-09-27 20:57:35] 107/600 BBBP_B_woa_ref_s21 (54s) | elapsed session 0h35m, total 0h35m | ETA 5h33m (actual/smoke-median cost ratio 1.33)
[2026-09-27 20:57:52] 108/600 BBBP_B_woa_ref_s19 (81s) | elapsed session 0h36m, total 0h36m | ETA 5h33m (actual/smoke-median cost ratio 1.33)
[2026-09-27 20:57:57] 109/600 BBBP_B_woa_ref_s17 (106s) | elapsed session 0h36m, total 0h36m | ETA 5h33m (actual/smoke-median cost ratio 1.33)
[2026-09-27 20:58:02] 110/600 BBBP_B_woa_ref_s24 (43s) | elapsed session 0h36m, total 0h36m | ETA 5h32m (actual/smoke-median cost ratio 1.32)
[2026-09-27 20:58:08] 111/600 BBBP_B_woa_ref_s18 (109s) | elapsed session 0h36m, total 0h36m | ETA 5h31m (actual/smoke-median cost ratio 1.32)
[2026-09-27 20:58:18] 112/600 BBBP_B_woa_ref_s22 (89s) | elapsed session 0h36m, total 0h36m | ETA 5h31m (actual/smoke-median cost ratio 1.32)
[2026-09-27 20:58:27] 113/600 BBBP_B_woa_ref_s14 (165s) | elapsed session 0h36m, total 0h36m | ETA 5h32m (actual/smoke-median cost ratio 1.33)
[2026-09-27 20:59:13] 114/600 BBBP_B_woa_ref_s23 (118s) | elapsed session 0h37m, total 0h37m | ETA 5h32m (actual/smoke-median cost ratio 1.33)
[2026-09-27 20:59:24] 115/600 BBBP_B_woa_ref_s25 (121s) | elapsed session 0h37m, total 0h37m | ETA 5h32m (actual/smoke-median cost ratio 1.33)
[2026-09-27 20:59:30] 116/600 BBBP_B_woa_ref_s20 (178s) | elapsed session 0h37m, total 0h37m | ETA 5h33m (actual/smoke-median cost ratio 1.33)
[2026-09-27 20:59:38] 117/600 BBBP_B_woa_ref_s26 (123s) | elapsed session 0h37m, total 0h37m | ETA 5h33m (actual/smoke-median cost ratio 1.33)
[2026-09-27 21:00:19] 118/600 FreeSolv_A_gwo_ref_s2 (112s) | elapsed session 0h38m, total 0h38m | ETA 5h30m (actual/smoke-median cost ratio 1.33)
[2026-09-27 21:00:19] 119/600 BBBP_B_woa_ref_s29 (137s) | elapsed session 0h38m, total 0h38m | ETA 5h31m (actual/smoke-median cost ratio 1.33)
[2026-09-27 21:00:29] 120/600 BBBP_B_woa_ref_s27 (157s) | elapsed session 0h38m, total 0h38m | ETA 5h31m (actual/smoke-median cost ratio 1.33)
[2026-09-27 21:00:51] 121/600 BBBP_B_woa_ref_s28 (174s) | elapsed session 0h39m, total 0h39m | ETA 5h32m (actual/smoke-median cost ratio 1.34)
[2026-09-27 21:00:51] BBBP complete: 120/120 runs
[2026-09-27 21:00:58] 122/600 FreeSolv_A_gwo_ref_s1 (160s) | elapsed session 0h39m, total 0h39m | ETA 5h30m (actual/smoke-median cost ratio 1.33)
[2026-09-27 21:01:05] 123/600 FreeSolv_A_gwo_ref_s3 (113s) | elapsed session 0h39m, total 0h39m | ETA 5h28m (actual/smoke-median cost ratio 1.32)
[2026-09-27 21:01:39] 124/600 FreeSolv_A_gwo_ref_s4 (135s) | elapsed session 0h39m, total 0h39m | ETA 5h26m (actual/smoke-median cost ratio 1.31)
[2026-09-27 21:02:10] 125/600 FreeSolv_A_gwo_ref_s8 (111s) | elapsed session 0h40m, total 0h40m | ETA 5h23m (actual/smoke-median cost ratio 1.31)
[2026-09-27 21:02:25] 126/600 FreeSolv_A_gwo_ref_s0 (257s) | elapsed session 0h40m, total 0h40m | ETA 5h23m (actual/smoke-median cost ratio 1.31)
[2026-09-27 21:02:37] 127/600 FreeSolv_A_gwo_ref_s10 (106s) | elapsed session 0h40m, total 0h40m | ETA 5h20m (actual/smoke-median cost ratio 1.30)
[2026-09-27 21:02:43] 128/600 FreeSolv_A_gwo_ref_s5 (193s) | elapsed session 0h41m, total 0h41m | ETA 5h19m (actual/smoke-median cost ratio 1.29)
[2026-09-27 21:03:01] 129/600 FreeSolv_A_gwo_ref_s7 (162s) | elapsed session 0h41m, total 0h41m | ETA 5h18m (actual/smoke-median cost ratio 1.29)
[2026-09-27 21:03:14] 130/600 FreeSolv_A_gwo_ref_s14 (63s) | elapsed session 0h41m, total 0h41m | ETA 5h15m (actual/smoke-median cost ratio 1.28)
[2026-09-27 21:03:40] 131/600 FreeSolv_A_gwo_ref_s11 (162s) | elapsed session 0h41m, total 0h41m | ETA 5h13m (actual/smoke-median cost ratio 1.28)
[2026-09-27 21:04:38] 132/600 FreeSolv_A_gwo_ref_s17 (115s) | elapsed session 0h42m, total 0h42m | ETA 5h11m (actual/smoke-median cost ratio 1.27)
[2026-09-27 21:04:41] 133/600 FreeSolv_A_gwo_ref_s15 (136s) | elapsed session 0h43m, total 0h43m | ETA 5h09m (actual/smoke-median cost ratio 1.26)
[2026-09-27 21:04:50] 134/600 FreeSolv_A_gwo_ref_s9 (261s) | elapsed session 0h43m, total 0h43m | ETA 5h09m (actual/smoke-median cost ratio 1.26)
[2026-09-27 21:04:57] 135/600 FreeSolv_A_gwo_ref_s18 (116s) | elapsed session 0h43m, total 0h43m | ETA 5h07m (actual/smoke-median cost ratio 1.26)
[2026-09-27 21:04:58] 136/600 FreeSolv_A_gwo_ref_s12 (233s) | elapsed session 0h43m, total 0h43m | ETA 5h06m (actual/smoke-median cost ratio 1.26)
[2026-09-27 21:05:08] 137/600 FreeSolv_A_gwo_ref_s20 (88s) | elapsed session 0h43m, total 0h43m | ETA 5h04m (actual/smoke-median cost ratio 1.25)
[2026-09-27 21:05:18] 138/600 FreeSolv_A_gwo_ref_s6 (340s) | elapsed session 0h43m, total 0h43m | ETA 5h05m (actual/smoke-median cost ratio 1.25)
[2026-09-27 21:05:43] 139/600 FreeSolv_A_gwo_ref_s16 (186s) | elapsed session 0h44m, total 0h44m | ETA 5h04m (actual/smoke-median cost ratio 1.25)
[2026-09-27 21:05:43] 140/600 FreeSolv_A_gwo_ref_s19 (149s) | elapsed session 0h44m, total 0h44m | ETA 5h02m (actual/smoke-median cost ratio 1.25)
[2026-09-27 21:05:54] 141/600 FreeSolv_A_gwo_ref_s13 (255s) | elapsed session 0h44m, total 0h44m | ETA 5h02m (actual/smoke-median cost ratio 1.25)
[2026-09-27 21:06:26] 142/600 FreeSolv_A_gwo_ref_s24 (90s) | elapsed session 0h44m, total 0h44m | ETA 5h00m (actual/smoke-median cost ratio 1.24)
[2026-09-27 21:06:29] 143/600 FreeSolv_A_gwo_ref_s21 (111s) | elapsed session 0h44m, total 0h44m | ETA 4h58m (actual/smoke-median cost ratio 1.23)
[2026-09-27 21:06:47] 144/600 FreeSolv_A_gwo_ref_s23 (117s) | elapsed session 0h45m, total 0h45m | ETA 4h56m (actual/smoke-median cost ratio 1.23)
[2026-09-27 21:07:01] 145/600 FreeSolv_A_gwo_ref_s22 (140s) | elapsed session 0h45m, total 0h45m | ETA 4h55m (actual/smoke-median cost ratio 1.22)
[2026-09-27 21:07:22] 146/600 FreeSolv_A_gwo_ref_s29 (99s) | elapsed session 0h45m, total 0h45m | ETA 4h53m (actual/smoke-median cost ratio 1.22)
[2026-09-27 21:07:28] 147/600 FreeSolv_A_gwo_ref_s27 (131s) | elapsed session 0h45m, total 0h45m | ETA 4h51m (actual/smoke-median cost ratio 1.21)
[2026-09-27 21:07:51] 148/600 FreeSolv_A_gwo_ref_s28 (128s) | elapsed session 0h46m, total 0h46m | ETA 4h50m (actual/smoke-median cost ratio 1.21)
[2026-09-27 21:08:15] 149/600 FreeSolv_A_woa_ref_s2 (105s) | elapsed session 0h46m, total 0h46m | ETA 4h48m (actual/smoke-median cost ratio 1.20)
[2026-09-27 21:08:17] 150/600 FreeSolv_A_woa_ref_s1 (110s) | elapsed session 0h46m, total 0h46m | ETA 4h46m (actual/smoke-median cost ratio 1.20)
[2026-09-27 21:08:17] --- checkpoint at 150 runs: median fit time per call, actual vs smoke estimate ---
[2026-09-27 21:08:17]     BBBP          A: actual   2.33 s (n=5906) | smoke   1.98 s | ratio 1.18
[2026-09-27 21:08:17]     BBBP          B: actual   0.97 s (n=5906) | smoke   0.77 s | ratio 1.26
[2026-09-27 21:08:17]     FreeSolv      A: actual   0.96 s (n=2994) | smoke   1.92 s | ratio 0.50
[2026-09-27 21:08:37] 151/600 FreeSolv_A_gwo_ref_s26 (209s) | elapsed session 0h46m, total 0h46m | ETA 4h45m (actual/smoke-median cost ratio 1.19)
[2026-09-27 21:08:57] 152/600 FreeSolv_A_woa_ref_s7 (66s) | elapsed session 0h47m, total 0h47m | ETA 4h43m (actual/smoke-median cost ratio 1.19)
[2026-09-27 21:09:10] 153/600 FreeSolv_A_woa_ref_s8 (55s) | elapsed session 0h47m, total 0h47m | ETA 4h41m (actual/smoke-median cost ratio 1.18)
[2026-09-27 21:09:12] 154/600 FreeSolv_A_woa_ref_s3 (145s) | elapsed session 0h47m, total 0h47m | ETA 4h40m (actual/smoke-median cost ratio 1.18)
[2026-09-27 21:09:22] 155/600 FreeSolv_A_woa_ref_s4 (141s) | elapsed session 0h47m, total 0h47m | ETA 4h39m (actual/smoke-median cost ratio 1.17)
[2026-09-27 21:09:23] 156/600 FreeSolv_A_woa_ref_s5 (121s) | elapsed session 0h47m, total 0h47m | ETA 4h37m (actual/smoke-median cost ratio 1.17)
[2026-09-27 21:09:27] 157/600 FreeSolv_A_gwo_ref_s25 (269s) | elapsed session 0h47m, total 0h47m | ETA 4h37m (actual/smoke-median cost ratio 1.17)
[2026-09-27 21:10:47] 158/600 FreeSolv_A_woa_ref_s10 (129s) | elapsed session 0h49m, total 0h49m | ETA 4h36m (actual/smoke-median cost ratio 1.17)
[2026-09-27 21:11:00] 159/600 FreeSolv_A_woa_ref_s15 (97s) | elapsed session 0h49m, total 0h49m | ETA 4h34m (actual/smoke-median cost ratio 1.16)
[2026-09-27 21:11:06] 160/600 FreeSolv_A_woa_ref_s14 (104s) | elapsed session 0h49m, total 0h49m | ETA 4h33m (actual/smoke-median cost ratio 1.15)
[2026-09-27 21:11:18] 161/600 FreeSolv_A_woa_ref_s0 (324s) | elapsed session 0h49m, total 0h49m | ETA 4h33m (actual/smoke-median cost ratio 1.16)
[2026-09-27 21:11:35] 162/600 FreeSolv_A_woa_ref_s6 (247s) | elapsed session 0h49m, total 0h49m | ETA 4h33m (actual/smoke-median cost ratio 1.16)
[2026-09-27 21:11:45] 163/600 FreeSolv_A_woa_ref_s12 (155s) | elapsed session 0h50m, total 0h50m | ETA 4h32m (actual/smoke-median cost ratio 1.16)
[2026-09-27 21:12:10] 164/600 FreeSolv_A_woa_ref_s11 (193s) | elapsed session 0h50m, total 0h50m | ETA 4h31m (actual/smoke-median cost ratio 1.16)
[2026-09-27 21:12:49] 165/600 FreeSolv_A_woa_ref_s18 (109s) | elapsed session 0h51m, total 0h51m | ETA 4h30m (actual/smoke-median cost ratio 1.15)
[2026-09-27 21:12:58] 166/600 FreeSolv_A_woa_ref_s17 (131s) | elapsed session 0h51m, total 0h51m | ETA 4h29m (actual/smoke-median cost ratio 1.15)
[2026-09-27 21:13:11] 167/600 FreeSolv_A_woa_ref_s20 (113s) | elapsed session 0h51m, total 0h51m | ETA 4h27m (actual/smoke-median cost ratio 1.14)
[2026-09-27 21:13:18] 168/600 FreeSolv_A_woa_ref_s9 (301s) | elapsed session 0h51m, total 0h51m | ETA 4h28m (actual/smoke-median cost ratio 1.15)
[2026-09-27 21:13:27] 169/600 FreeSolv_A_woa_ref_s16 (240s) | elapsed session 0h51m, total 0h51m | ETA 4h27m (actual/smoke-median cost ratio 1.15)
[2026-09-27 21:13:33] 170/600 FreeSolv_A_woa_ref_s22 (107s) | elapsed session 0h51m, total 0h51m | ETA 4h26m (actual/smoke-median cost ratio 1.14)
[2026-09-27 21:13:39] 171/600 FreeSolv_A_woa_ref_s21 (124s) | elapsed session 0h51m, total 0h51m | ETA 4h25m (actual/smoke-median cost ratio 1.14)
[2026-09-27 21:13:59] 172/600 FreeSolv_A_woa_ref_s23 (110s) | elapsed session 0h52m, total 0h52m | ETA 4h24m (actual/smoke-median cost ratio 1.13)
[2026-09-27 21:14:07] 173/600 FreeSolv_A_woa_ref_s13 (295s) | elapsed session 0h52m, total 0h52m | ETA 4h24m (actual/smoke-median cost ratio 1.14)
[2026-09-27 21:14:38] 174/600 FreeSolv_A_woa_ref_s19 (212s) | elapsed session 0h52m, total 0h52m | ETA 4h23m (actual/smoke-median cost ratio 1.14)
[2026-09-27 21:15:01] 175/600 FreeSolv_A_woa_ref_s24 (132s) | elapsed session 0h53m, total 0h53m | ETA 4h22m (actual/smoke-median cost ratio 1.13)
[2026-09-27 21:15:03] 176/600 FreeSolv_A_woa_ref_s29 (90s) | elapsed session 0h53m, total 0h53m | ETA 4h21m (actual/smoke-median cost ratio 1.13)
[2026-09-27 21:15:14] 177/600 FreeSolv_A_woa_ref_s27 (116s) | elapsed session 0h53m, total 0h53m | ETA 4h20m (actual/smoke-median cost ratio 1.13)
[2026-09-27 21:15:25] 178/600 FreeSolv_B_gwo_ref_s1 (85s) | elapsed session 0h53m, total 0h53m | ETA 4h19m (actual/smoke-median cost ratio 1.12)
[2026-09-27 21:15:28] 179/600 FreeSolv_B_gwo_ref_s2 (81s) | elapsed session 0h53m, total 0h53m | ETA 4h19m (actual/smoke-median cost ratio 1.12)
[2026-09-27 21:15:39] 180/600 FreeSolv_B_gwo_ref_s3 (61s) | elapsed session 0h53m, total 0h53m | ETA 4h18m (actual/smoke-median cost ratio 1.12)
[2026-09-27 21:15:45] 181/600 FreeSolv_A_woa_ref_s28 (138s) | elapsed session 0h54m, total 0h54m | ETA 4h17m (actual/smoke-median cost ratio 1.12)
[2026-09-27 21:15:59] 182/600 FreeSolv_A_woa_ref_s25 (181s) | elapsed session 0h54m, total 0h54m | ETA 4h17m (actual/smoke-median cost ratio 1.12)
[2026-09-27 21:16:09] 183/600 FreeSolv_A_woa_ref_s26 (177s) | elapsed session 0h54m, total 0h54m | ETA 4h16m (actual/smoke-median cost ratio 1.12)
[2026-09-27 21:16:13] 184/600 FreeSolv_B_gwo_ref_s4 (71s) | elapsed session 0h54m, total 0h54m | ETA 4h15m (actual/smoke-median cost ratio 1.12)
[2026-09-27 21:16:22] 185/600 FreeSolv_B_gwo_ref_s6 (67s) | elapsed session 0h54m, total 0h54m | ETA 4h15m (actual/smoke-median cost ratio 1.11)
[2026-09-27 21:16:27] 186/600 FreeSolv_B_gwo_ref_s0 (167s) | elapsed session 0h54m, total 0h54m | ETA 4h15m (actual/smoke-median cost ratio 1.12)
[2026-09-27 21:16:28] 187/600 FreeSolv_B_gwo_ref_s8 (60s) | elapsed session 0h54m, total 0h54m | ETA 4h15m (actual/smoke-median cost ratio 1.11)
[2026-09-27 21:16:28] 188/600 FreeSolv_B_gwo_ref_s5 (85s) | elapsed session 0h54m, total 0h54m | ETA 4h14m (actual/smoke-median cost ratio 1.11)
[2026-09-27 21:16:45] 189/600 FreeSolv_B_gwo_ref_s7 (81s) | elapsed session 0h55m, total 0h55m | ETA 4h14m (actual/smoke-median cost ratio 1.11)
[2026-09-27 21:16:47] 190/600 FreeSolv_B_gwo_ref_s9 (68s) | elapsed session 0h55m, total 0h55m | ETA 4h13m (actual/smoke-median cost ratio 1.11)
[2026-09-27 21:16:49] 191/600 FreeSolv_B_gwo_ref_s10 (64s) | elapsed session 0h55m, total 0h55m | ETA 4h13m (actual/smoke-median cost ratio 1.11)
[2026-09-27 21:16:56] 192/600 FreeSolv_B_gwo_ref_s13 (43s) | elapsed session 0h55m, total 0h55m | ETA 4h12m (actual/smoke-median cost ratio 1.11)
[2026-09-27 21:17:13] 193/600 FreeSolv_B_gwo_ref_s16 (45s) | elapsed session 0h55m, total 0h55m | ETA 4h12m (actual/smoke-median cost ratio 1.11)
[2026-09-27 21:17:29] 194/600 FreeSolv_B_gwo_ref_s12 (80s) | elapsed session 0h55m, total 0h55m | ETA 4h11m (actual/smoke-median cost ratio 1.10)
[2026-09-27 21:17:41] 195/600 FreeSolv_B_gwo_ref_s14 (80s) | elapsed session 0h56m, total 0h56m | ETA 4h11m (actual/smoke-median cost ratio 1.10)
[2026-09-27 21:17:49] 196/600 FreeSolv_B_gwo_ref_s19 (63s) | elapsed session 0h56m, total 0h56m | ETA 4h10m (actual/smoke-median cost ratio 1.10)
[2026-09-27 21:17:57] 197/600 FreeSolv_B_gwo_ref_s18 (72s) | elapsed session 0h56m, total 0h56m | ETA 4h10m (actual/smoke-median cost ratio 1.10)
[2026-09-27 21:17:59] 198/600 FreeSolv_B_gwo_ref_s20 (70s) | elapsed session 0h56m, total 0h56m | ETA 4h09m (actual/smoke-median cost ratio 1.10)
[2026-09-27 21:18:05] 199/600 FreeSolv_B_gwo_ref_s17 (97s) | elapsed session 0h56m, total 0h56m | ETA 4h09m (actual/smoke-median cost ratio 1.10)
[2026-09-27 21:18:15] 200/600 FreeSolv_B_gwo_ref_s21 (79s) | elapsed session 0h56m, total 0h56m | ETA 4h09m (actual/smoke-median cost ratio 1.10)
[2026-09-27 21:18:15] --- checkpoint at 200 runs: median fit time per call, actual vs smoke estimate ---
[2026-09-27 21:18:15]     BBBP          A: actual   2.33 s (n=5906) | smoke   1.98 s | ratio 1.18
[2026-09-27 21:18:15]     BBBP          B: actual   0.97 s (n=5906) | smoke   0.77 s | ratio 1.26
[2026-09-27 21:18:15]     FreeSolv      A: actual   1.08 s (n=5862) | smoke   1.92 s | ratio 0.56
[2026-09-27 21:18:15]     FreeSolv      B: actual   0.57 s (n=2000) | smoke   0.95 s | ratio 0.60
[2026-09-27 21:18:17] 201/600 FreeSolv_B_gwo_ref_s22 (63s) | elapsed session 0h56m, total 0h56m | ETA 4h08m (actual/smoke-median cost ratio 1.10)
[2026-09-27 21:18:24] 202/600 FreeSolv_B_gwo_ref_s23 (56s) | elapsed session 0h56m, total 0h56m | ETA 4h08m (actual/smoke-median cost ratio 1.10)
[2026-09-27 21:18:41] 203/600 FreeSolv_B_gwo_ref_s24 (59s) | elapsed session 0h57m, total 0h57m | ETA 4h07m (actual/smoke-median cost ratio 1.09)
[2026-09-27 21:18:41] 204/600 FreeSolv_B_gwo_ref_s25 (52s) | elapsed session 0h57m, total 0h57m | ETA 4h07m (actual/smoke-median cost ratio 1.09)
[2026-09-27 21:18:44] 205/600 FreeSolv_B_gwo_ref_s15 (138s) | elapsed session 0h57m, total 0h57m | ETA 4h07m (actual/smoke-median cost ratio 1.09)
[2026-09-27 21:18:55] 206/600 FreeSolv_B_gwo_ref_s11 (176s) | elapsed session 0h57m, total 0h57m | ETA 4h07m (actual/smoke-median cost ratio 1.10)
[2026-09-27 21:18:57] 207/600 FreeSolv_B_woa_ref_s1 (32s) | elapsed session 0h57m, total 0h57m | ETA 4h06m (actual/smoke-median cost ratio 1.09)
[2026-09-27 21:18:57] 208/600 FreeSolv_B_gwo_ref_s28 (52s) | elapsed session 0h57m, total 0h57m | ETA 4h06m (actual/smoke-median cost ratio 1.09)
[2026-09-27 21:19:01] 209/600 FreeSolv_B_woa_ref_s0 (44s) | elapsed session 0h57m, total 0h57m | ETA 4h05m (actual/smoke-median cost ratio 1.09)
[2026-09-27 21:19:19] 210/600 FreeSolv_B_gwo_ref_s29 (64s) | elapsed session 0h57m, total 0h57m | ETA 4h05m (actual/smoke-median cost ratio 1.09)
[2026-09-27 21:19:20] 211/600 FreeSolv_B_gwo_ref_s26 (82s) | elapsed session 0h57m, total 0h57m | ETA 4h04m (actual/smoke-median cost ratio 1.09)
[2026-09-27 21:19:21] 212/600 FreeSolv_B_woa_ref_s3 (40s) | elapsed session 0h57m, total 0h57m | ETA 4h04m (actual/smoke-median cost ratio 1.09)
[2026-09-27 21:19:27] 213/600 FreeSolv_B_gwo_ref_s27 (88s) | elapsed session 0h57m, total 0h57m | ETA 4h03m (actual/smoke-median cost ratio 1.09)
[2026-09-27 21:19:44] 214/600 FreeSolv_B_woa_ref_s7 (47s) | elapsed session 0h58m, total 0h58m | ETA 4h03m (actual/smoke-median cost ratio 1.08)
[2026-09-27 21:19:53] 215/600 FreeSolv_B_woa_ref_s6 (56s) | elapsed session 0h58m, total 0h58m | ETA 4h02m (actual/smoke-median cost ratio 1.08)
[2026-09-27 21:19:56] 216/600 FreeSolv_B_woa_ref_s2 (76s) | elapsed session 0h58m, total 0h58m | ETA 4h02m (actual/smoke-median cost ratio 1.08)
[2026-09-27 21:20:06] 217/600 FreeSolv_B_woa_ref_s11 (45s) | elapsed session 0h58m, total 0h58m | ETA 4h01m (actual/smoke-median cost ratio 1.08)
[2026-09-27 21:20:21] 218/600 FreeSolv_B_woa_ref_s9 (62s) | elapsed session 0h58m, total 0h58m | ETA 4h01m (actual/smoke-median cost ratio 1.08)
[2026-09-27 21:20:25] 219/600 FreeSolv_B_woa_ref_s8 (85s) | elapsed session 0h58m, total 0h58m | ETA 4h01m (actual/smoke-median cost ratio 1.08)
[2026-09-27 21:20:26] 220/600 FreeSolv_B_woa_ref_s10 (66s) | elapsed session 0h58m, total 0h58m | ETA 4h00m (actual/smoke-median cost ratio 1.08)
[2026-09-27 21:20:30] 221/600 FreeSolv_B_woa_ref_s4 (106s) | elapsed session 0h58m, total 0h58m | ETA 4h00m (actual/smoke-median cost ratio 1.08)
[2026-09-27 21:20:43] 222/600 FreeSolv_B_woa_ref_s14 (50s) | elapsed session 0h59m, total 0h59m | ETA 4h00m (actual/smoke-median cost ratio 1.07)
[2026-09-28 00:10:52] 223/600 FreeSolv_B_woa_ref_s13 (10284s) | elapsed session 3h49m, total 3h49m | ETA 5h09m (actual/smoke-median cost ratio 1.39)
[2026-09-28 00:11:06] 224/600 FreeSolv_B_woa_ref_s16 (10277s) | elapsed session 3h49m, total 3h49m | ETA 6h18m (actual/smoke-median cost ratio 1.70)
[2026-09-28 00:11:23] 225/600 FreeSolv_B_woa_ref_s12 (10333s) | elapsed session 3h49m, total 3h49m | ETA 7h27m (actual/smoke-median cost ratio 2.01)
[2026-09-28 00:11:29] 226/600 FreeSolv_B_woa_ref_s19 (10280s) | elapsed session 3h49m, total 3h49m | ETA 8h35m (actual/smoke-median cost ratio 2.32)
[2026-09-28 00:11:33] 227/600 FreeSolv_B_woa_ref_s20 (10280s) | elapsed session 3h49m, total 3h49m | ETA 9h43m (actual/smoke-median cost ratio 2.62)
[2026-09-28 00:12:12] 228/600 FreeSolv_B_woa_ref_s22 (81s) | elapsed session 3h50m, total 3h50m | ETA 9h41m (actual/smoke-median cost ratio 2.62)
[2026-09-28 00:12:28] 229/600 FreeSolv_B_woa_ref_s24 (65s) | elapsed session 3h50m, total 3h50m | ETA 9h40m (actual/smoke-median cost ratio 2.61)
[2026-09-28 00:12:36] 230/600 FreeSolv_B_woa_ref_s17 (10351s) | elapsed session 3h50m, total 3h50m | ETA 10h47m (actual/smoke-median cost ratio 2.92)
[2026-09-28 00:12:52] 231/600 FreeSolv_B_woa_ref_s18 (10363s) | elapsed session 3h51m, total 3h51m | ETA 11h54m (actual/smoke-median cost ratio 3.22)
[2026-09-28 00:13:12] 232/600 FreeSolv_B_woa_ref_s15 (10412s) | elapsed session 3h51m, total 3h51m | ETA 13h00m (actual/smoke-median cost ratio 3.52)
[2026-09-28 00:13:26] 233/600 FreeSolv_B_woa_ref_s27 (74s) | elapsed session 3h51m, total 3h51m | ETA 12h58m (actual/smoke-median cost ratio 3.51)
[2026-09-28 00:13:34] 234/600 FreeSolv_B_woa_ref_s26 (120s) | elapsed session 3h51m, total 3h51m | ETA 12h56m (actual/smoke-median cost ratio 3.51)
[2026-09-28 00:13:36] 235/600 FreeSolv_B_woa_ref_s29 (61s) | elapsed session 3h51m, total 3h51m | ETA 12h53m (actual/smoke-median cost ratio 3.50)
[2026-09-28 00:13:37] 236/600 FreeSolv_B_woa_ref_s28 (69s) | elapsed session 3h51m, total 3h51m | ETA 12h51m (actual/smoke-median cost ratio 3.49)
[2026-09-28 00:13:40] 237/600 FreeSolv_B_woa_ref_s21 (10394s) | elapsed session 3h51m, total 3h51m | ETA 13h56m (actual/smoke-median cost ratio 3.79)
[2026-09-28 00:13:44] 238/600 FreeSolv_B_woa_ref_s25 (135s) | elapsed session 3h52m, total 3h52m | ETA 13h54m (actual/smoke-median cost ratio 3.78)
[2026-09-28 00:13:58] 239/600 FreeSolv_B_woa_ref_s23 (171s) | elapsed session 3h52m, total 3h52m | ETA 13h52m (actual/smoke-median cost ratio 3.77)
[2026-09-28 00:14:53] 240/600 FreeSolv_B_woa_ref_s5 (10575s) | elapsed session 3h53m, total 3h53m | ETA 14h57m (actual/smoke-median cost ratio 4.07)
[2026-09-28 00:14:54] FreeSolv complete: 120/120 runs
[2026-09-28 00:15:50] 241/600 BACE_A_gwo_ref_s3 (136s) | elapsed session 3h54m, total 3h54m | ETA 14h52m (actual/smoke-median cost ratio 4.06)
[2026-09-28 00:16:18] 242/600 BACE_A_gwo_ref_s4 (162s) | elapsed session 3h54m, total 3h54m | ETA 14h47m (actual/smoke-median cost ratio 4.04)
[2026-09-28 00:16:25] 243/600 BACE_A_gwo_ref_s2 (179s) | elapsed session 3h54m, total 3h54m | ETA 14h43m (actual/smoke-median cost ratio 4.02)
[2026-09-28 00:16:44] 244/600 BACE_A_gwo_ref_s6 (184s) | elapsed session 3h55m, total 3h55m | ETA 14h38m (actual/smoke-median cost ratio 4.01)
[2026-09-28 00:18:00] 245/600 BACE_A_gwo_ref_s0 (309s) | elapsed session 3h56m, total 3h56m | ETA 14h34m (actual/smoke-median cost ratio 4.00)
[2026-09-28 00:19:05] 246/600 BACE_A_gwo_ref_s11 (168s) | elapsed session 3h57m, total 3h57m | ETA 14h29m (actual/smoke-median cost ratio 3.98)
[2026-09-28 00:19:26] 247/600 BACE_A_gwo_ref_s7 (342s) | elapsed session 3h57m, total 3h57m | ETA 14h26m (actual/smoke-median cost ratio 3.97)
[2026-09-28 00:19:28] 248/600 BACE_A_gwo_ref_s12 (183s) | elapsed session 3h57m, total 3h57m | ETA 14h21m (actual/smoke-median cost ratio 3.95)
[2026-09-28 00:19:47] 249/600 BACE_A_gwo_ref_s10 (237s) | elapsed session 3h58m, total 3h58m | ETA 14h17m (actual/smoke-median cost ratio 3.94)
[2026-09-28 00:20:09] 250/600 BACE_A_gwo_ref_s8 (371s) | elapsed session 3h58m, total 3h58m | ETA 14h14m (actual/smoke-median cost ratio 3.93)
[2026-09-28 00:20:09] --- checkpoint at 250 runs: median fit time per call, actual vs smoke estimate ---
[2026-09-28 00:20:09]     BBBP          A: actual   2.33 s (n=5906) | smoke   1.98 s | ratio 1.18
[2026-09-28 00:20:09]     BBBP          B: actual   0.97 s (n=5906) | smoke   0.77 s | ratio 1.26
[2026-09-28 00:20:09]     FreeSolv      A: actual   1.08 s (n=5862) | smoke   1.92 s | ratio 0.56
[2026-09-28 00:20:09]     FreeSolv      B: actual   0.61 s (n=5880) | smoke   0.95 s | ratio 0.64
[2026-09-28 00:20:09]     BACE          A: actual   1.83 s (n=1000) | smoke   1.80 s | ratio 1.01
[2026-09-28 00:20:48] 251/600 BACE_A_gwo_ref_s14 (168s) | elapsed session 3h59m, total 3h59m | ETA 14h09m (actual/smoke-median cost ratio 3.91)
[2026-09-28 00:20:57] 252/600 BACE_A_gwo_ref_s5 (440s) | elapsed session 3h59m, total 3h59m | ETA 14h07m (actual/smoke-median cost ratio 3.91)
[2026-09-28 00:21:38] 253/600 BACE_A_gwo_ref_s9 (404s) | elapsed session 3h59m, total 3h59m | ETA 14h04m (actual/smoke-median cost ratio 3.90)
[2026-09-28 00:21:40] 254/600 BACE_A_gwo_ref_s18 (113s) | elapsed session 3h59m, total 3h59m | ETA 13h59m (actual/smoke-median cost ratio 3.88)
[2026-09-28 00:21:57] 255/600 BACE_A_gwo_ref_s17 (148s) | elapsed session 4h00m, total 4h00m | ETA 13h54m (actual/smoke-median cost ratio 3.87)
[2026-09-28 00:21:57] 256/600 BACE_A_gwo_ref_s1 (525s) | elapsed session 4h00m, total 4h00m | ETA 13h52m (actual/smoke-median cost ratio 3.86)
[2026-09-28 00:22:32] 257/600 BACE_A_gwo_ref_s13 (348s) | elapsed session 4h00m, total 4h00m | ETA 13h49m (actual/smoke-median cost ratio 3.85)
[2026-09-28 00:23:35] 258/600 BACE_A_gwo_ref_s15 (270s) | elapsed session 4h01m, total 4h01m | ETA 13h45m (actual/smoke-median cost ratio 3.84)
[2026-09-28 00:23:39] 259/600 BACE_A_gwo_ref_s22 (121s) | elapsed session 4h01m, total 4h01m | ETA 13h41m (actual/smoke-median cost ratio 3.83)
[2026-09-28 00:23:58] 260/600 BACE_A_gwo_ref_s21 (181s) | elapsed session 4h02m, total 4h02m | ETA 13h37m (actual/smoke-median cost ratio 3.81)
[2026-09-28 00:24:14] 261/600 BACE_A_gwo_ref_s16 (288s) | elapsed session 4h02m, total 4h02m | ETA 13h33m (actual/smoke-median cost ratio 3.80)
[2026-09-28 00:25:15] 262/600 BACE_A_gwo_ref_s20 (267s) | elapsed session 4h03m, total 4h03m | ETA 13h30m (actual/smoke-median cost ratio 3.79)
[2026-09-28 00:25:24] 263/600 BACE_A_gwo_ref_s19 (315s) | elapsed session 4h03m, total 4h03m | ETA 13h27m (actual/smoke-median cost ratio 3.78)
[2026-09-28 00:25:42] 264/600 BACE_A_gwo_ref_s23 (241s) | elapsed session 4h04m, total 4h04m | ETA 13h23m (actual/smoke-median cost ratio 3.77)
[2026-09-28 00:26:21] 265/600 BACE_A_gwo_ref_s24 (264s) | elapsed session 4h04m, total 4h04m | ETA 13h19m (actual/smoke-median cost ratio 3.76)
[2026-09-28 00:26:29] 266/600 BACE_A_gwo_ref_s27 (174s) | elapsed session 4h04m, total 4h04m | ETA 13h16m (actual/smoke-median cost ratio 3.75)
[2026-09-28 00:26:30] 267/600 BACE_A_gwo_ref_s28 (171s) | elapsed session 4h04m, total 4h04m | ETA 13h12m (actual/smoke-median cost ratio 3.73)
[2026-09-28 00:27:12] 268/600 BACE_A_gwo_ref_s25 (315s) | elapsed session 4h05m, total 4h05m | ETA 13h08m (actual/smoke-median cost ratio 3.72)
[2026-09-28 00:28:22] 269/600 BACE_A_woa_ref_s2 (178s) | elapsed session 4h06m, total 4h06m | ETA 13h05m (actual/smoke-median cost ratio 3.71)
[2026-09-28 00:28:26] 270/600 BACE_A_woa_ref_s1 (191s) | elapsed session 4h06m, total 4h06m | ETA 13h01m (actual/smoke-median cost ratio 3.70)
[2026-09-28 00:28:33] 271/600 BACE_A_woa_ref_s6 (124s) | elapsed session 4h06m, total 4h06m | ETA 12h57m (actual/smoke-median cost ratio 3.68)
[2026-09-28 00:28:39] 272/600 BACE_A_woa_ref_s5 (129s) | elapsed session 4h06m, total 4h06m | ETA 12h53m (actual/smoke-median cost ratio 3.67)
[2026-09-28 00:29:20] 273/600 BACE_A_woa_ref_s4 (179s) | elapsed session 4h07m, total 4h07m | ETA 12h49m (actual/smoke-median cost ratio 3.66)
[2026-09-28 00:30:38] 274/600 BACE_A_gwo_ref_s29 (400s) | elapsed session 4h08m, total 4h08m | ETA 12h47m (actual/smoke-median cost ratio 3.65)
[2026-09-28 00:30:38] 275/600 BACE_A_woa_ref_s10 (125s) | elapsed session 4h08m, total 4h08m | ETA 12h43m (actual/smoke-median cost ratio 3.64)
[2026-09-28 00:31:08] 276/600 BACE_A_woa_ref_s7 (236s) | elapsed session 4h09m, total 4h09m | ETA 12h40m (actual/smoke-median cost ratio 3.63)
[2026-09-28 00:31:31] 277/600 BACE_A_gwo_ref_s26 (539s) | elapsed session 4h09m, total 4h09m | ETA 12h38m (actual/smoke-median cost ratio 3.62)
[2026-09-28 00:31:46] 278/600 BACE_A_woa_ref_s9 (200s) | elapsed session 4h10m, total 4h10m | ETA 12h34m (actual/smoke-median cost ratio 3.61)
[2026-09-28 00:32:06] 279/600 BACE_A_woa_ref_s11 (208s) | elapsed session 4h10m, total 4h10m | ETA 12h31m (actual/smoke-median cost ratio 3.60)
[2026-09-28 00:32:17] 280/600 BACE_A_woa_ref_s12 (177s) | elapsed session 4h10m, total 4h10m | ETA 12h27m (actual/smoke-median cost ratio 3.59)
[2026-09-28 00:32:17] 281/600 BACE_A_woa_ref_s0 (484s) | elapsed session 4h10m, total 4h10m | ETA 12h26m (actual/smoke-median cost ratio 3.59)
[2026-09-28 00:32:20] 282/600 BACE_A_woa_ref_s3 (398s) | elapsed session 4h10m, total 4h10m | ETA 12h23m (actual/smoke-median cost ratio 3.58)
[2026-09-28 00:32:46] 283/600 BACE_A_woa_ref_s14 (128s) | elapsed session 4h11m, total 4h11m | ETA 12h19m (actual/smoke-median cost ratio 3.57)
[2026-09-28 00:33:28] 284/600 BACE_A_woa_ref_s15 (140s) | elapsed session 4h11m, total 4h11m | ETA 12h16m (actual/smoke-median cost ratio 3.56)
[2026-09-28 00:33:42] 285/600 BACE_A_woa_ref_s17 (116s) | elapsed session 4h12m, total 4h12m | ETA 12h12m (actual/smoke-median cost ratio 3.54)
[2026-09-28 00:33:48] 286/600 BACE_A_woa_ref_s21 (89s) | elapsed session 4h12m, total 4h12m | ETA 12h08m (actual/smoke-median cost ratio 3.53)
[2026-09-28 00:34:05] 287/600 BACE_A_woa_ref_s16 (153s) | elapsed session 4h12m, total 4h12m | ETA 12h05m (actual/smoke-median cost ratio 3.52)
[2026-09-28 00:34:11] 288/600 BACE_A_woa_ref_s22 (85s) | elapsed session 4h12m, total 4h12m | ETA 12h01m (actual/smoke-median cost ratio 3.51)
[2026-09-28 00:34:21] 289/600 BACE_A_woa_ref_s18 (135s) | elapsed session 4h12m, total 4h12m | ETA 11h58m (actual/smoke-median cost ratio 3.49)
[2026-09-28 00:35:19] 290/600 BACE_A_woa_ref_s20 (182s) | elapsed session 4h13m, total 4h13m | ETA 11h55m (actual/smoke-median cost ratio 3.48)
[2026-09-28 00:35:40] 291/600 BACE_A_woa_ref_s25 (111s) | elapsed session 4h13m, total 4h13m | ETA 11h51m (actual/smoke-median cost ratio 3.47)
[2026-09-28 00:35:49] 292/600 BACE_A_woa_ref_s24 (127s) | elapsed session 4h14m, total 4h14m | ETA 11h48m (actual/smoke-median cost ratio 3.46)
[2026-09-28 00:36:32] 293/600 BACE_A_woa_ref_s28 (130s) | elapsed session 4h14m, total 4h14m | ETA 11h44m (actual/smoke-median cost ratio 3.45)
[2026-09-28 00:36:51] 294/600 BACE_A_woa_ref_s8 (509s) | elapsed session 4h15m, total 4h15m | ETA 11h43m (actual/smoke-median cost ratio 3.45)
[2026-09-28 00:37:01] 295/600 BACE_B_gwo_ref_s1 (72s) | elapsed session 4h15m, total 4h15m | ETA 11h40m (actual/smoke-median cost ratio 3.44)
[2026-09-28 00:37:02] 296/600 BACE_A_woa_ref_s19 (285s) | elapsed session 4h15m, total 4h15m | ETA 11h37m (actual/smoke-median cost ratio 3.43)
[2026-09-28 00:37:11] 297/600 BACE_A_woa_ref_s27 (180s) | elapsed session 4h15m, total 4h15m | ETA 11h34m (actual/smoke-median cost ratio 3.42)
[2026-09-28 00:37:24] 298/600 BACE_A_woa_ref_s13 (406s) | elapsed session 4h15m, total 4h15m | ETA 11h32m (actual/smoke-median cost ratio 3.41)
[2026-09-28 00:37:25] 299/600 BACE_B_gwo_ref_s0 (105s) | elapsed session 4h15m, total 4h15m | ETA 11h29m (actual/smoke-median cost ratio 3.40)
[2026-09-28 00:37:38] 300/600 BACE_B_gwo_ref_s2 (66s) | elapsed session 4h15m, total 4h15m | ETA 11h26m (actual/smoke-median cost ratio 3.39)
[2026-09-28 00:37:38] --- checkpoint at 300 runs: median fit time per call, actual vs smoke estimate ---
[2026-09-28 00:37:38]     BBBP          A: actual   2.33 s (n=5906) | smoke   1.98 s | ratio 1.18
[2026-09-28 00:37:38]     BBBP          B: actual   0.97 s (n=5906) | smoke   0.77 s | ratio 1.26
[2026-09-28 00:37:38]     FreeSolv      A: actual   1.08 s (n=5862) | smoke   1.92 s | ratio 0.56
[2026-09-28 00:37:38]     FreeSolv      B: actual   0.61 s (n=5880) | smoke   0.95 s | ratio 0.64
[2026-09-28 00:37:38]     BACE          A: actual   1.75 s (n=5609) | smoke   1.80 s | ratio 0.97
[2026-09-28 00:37:38]     BACE          B: actual   0.61 s (n=300) | smoke   1.48 s | ratio 0.41
[2026-09-28 00:38:30] 301/600 BACE_B_gwo_ref_s7 (66s) | elapsed session 4h16m, total 4h16m | ETA 11h24m (actual/smoke-median cost ratio 3.38)
[2026-09-28 00:38:44] 302/600 BACE_A_woa_ref_s23 (316s) | elapsed session 4h17m, total 4h17m | ETA 11h21m (actual/smoke-median cost ratio 3.38)
[2026-09-28 00:38:47] 303/600 BACE_B_gwo_ref_s3 (116s) | elapsed session 4h17m, total 4h17m | ETA 11h19m (actual/smoke-median cost ratio 3.37)
[2026-09-28 00:39:04] 304/600 BACE_B_gwo_ref_s4 (123s) | elapsed session 4h17m, total 4h17m | ETA 11h16m (actual/smoke-median cost ratio 3.36)
[2026-09-28 00:39:10] 305/600 BACE_A_woa_ref_s26 (305s) | elapsed session 4h17m, total 4h17m | ETA 11h14m (actual/smoke-median cost ratio 3.35)
[2026-09-28 00:39:12] 306/600 BACE_B_gwo_ref_s9 (94s) | elapsed session 4h17m, total 4h17m | ETA 11h11m (actual/smoke-median cost ratio 3.35)
[2026-09-28 00:39:31] 307/600 BACE_B_gwo_ref_s8 (126s) | elapsed session 4h17m, total 4h17m | ETA 11h09m (actual/smoke-median cost ratio 3.34)
[2026-09-28 00:39:41] 308/600 BACE_B_gwo_ref_s6 (150s) | elapsed session 4h18m, total 4h18m | ETA 11h06m (actual/smoke-median cost ratio 3.33)
[2026-09-28 00:39:49] 309/600 BACE_B_gwo_ref_s11 (65s) | elapsed session 4h18m, total 4h18m | ETA 11h04m (actual/smoke-median cost ratio 3.32)
[2026-09-28 00:40:20] 310/600 BACE_B_gwo_ref_s13 (76s) | elapsed session 4h18m, total 4h18m | ETA 11h01m (actual/smoke-median cost ratio 3.31)
[2026-09-28 00:40:32] 311/600 BACE_B_gwo_ref_s14 (82s) | elapsed session 4h18m, total 4h18m | ETA 10h58m (actual/smoke-median cost ratio 3.30)
[2026-09-28 00:40:36] 312/600 BACE_B_gwo_ref_s10 (127s) | elapsed session 4h18m, total 4h18m | ETA 10h56m (actual/smoke-median cost ratio 3.29)
[2026-09-28 00:40:41] 313/600 BACE_B_gwo_ref_s12 (114s) | elapsed session 4h19m, total 4h19m | ETA 10h54m (actual/smoke-median cost ratio 3.29)
[2026-09-28 00:40:51] 314/600 BACE_B_gwo_ref_s18 (62s) | elapsed session 4h19m, total 4h19m | ETA 10h51m (actual/smoke-median cost ratio 3.28)
[2026-09-28 00:40:54] 315/600 BACE_B_gwo_ref_s16 (83s) | elapsed session 4h19m, total 4h19m | ETA 10h48m (actual/smoke-median cost ratio 3.27)
[2026-09-28 00:40:59] 316/600 BACE_B_gwo_ref_s5 (236s) | elapsed session 4h19m, total 4h19m | ETA 10h47m (actual/smoke-median cost ratio 3.26)
[2026-09-28 00:41:16] 317/600 BACE_B_gwo_ref_s19 (56s) | elapsed session 4h19m, total 4h19m | ETA 10h44m (actual/smoke-median cost ratio 3.25)
[2026-09-28 00:41:17] 318/600 BACE_A_woa_ref_s29 (358s) | elapsed session 4h19m, total 4h19m | ETA 10h42m (actual/smoke-median cost ratio 3.25)
[2026-09-28 00:41:51] 319/600 BACE_B_gwo_ref_s15 (160s) | elapsed session 4h20m, total 4h20m | ETA 10h40m (actual/smoke-median cost ratio 3.24)
[2026-09-28 00:41:53] 320/600 BACE_B_gwo_ref_s22 (72s) | elapsed session 4h20m, total 4h20m | ETA 10h37m (actual/smoke-median cost ratio 3.23)
[2026-09-28 00:42:05] 321/600 BACE_B_gwo_ref_s17 (145s) | elapsed session 4h20m, total 4h20m | ETA 10h35m (actual/smoke-median cost ratio 3.23)
[2026-09-28 00:42:09] 322/600 BACE_B_gwo_ref_s21 (92s) | elapsed session 4h20m, total 4h20m | ETA 10h33m (actual/smoke-median cost ratio 3.22)
[2026-09-28 00:42:40] 323/600 BACE_B_gwo_ref_s20 (128s) | elapsed session 4h20m, total 4h20m | ETA 10h30m (actual/smoke-median cost ratio 3.21)
[2026-09-28 00:42:57] 324/600 BACE_B_gwo_ref_s27 (100s) | elapsed session 4h21m, total 4h21m | ETA 10h28m (actual/smoke-median cost ratio 3.20)
[2026-09-28 00:43:00] 325/600 BACE_B_gwo_ref_s24 (127s) | elapsed session 4h21m, total 4h21m | ETA 10h26m (actual/smoke-median cost ratio 3.20)
[2026-09-28 00:43:18] 326/600 BACE_B_gwo_ref_s28 (86s) | elapsed session 4h21m, total 4h21m | ETA 10h24m (actual/smoke-median cost ratio 3.19)
[2026-09-28 00:43:26] 327/600 BACE_B_gwo_ref_s23 (155s) | elapsed session 4h21m, total 4h21m | ETA 10h21m (actual/smoke-median cost ratio 3.18)
[2026-09-28 00:43:29] 328/600 BACE_B_gwo_ref_s26 (132s) | elapsed session 4h21m, total 4h21m | ETA 10h19m (actual/smoke-median cost ratio 3.17)
[2026-09-28 00:43:57] 329/600 BACE_B_woa_ref_s0 (112s) | elapsed session 4h22m, total 4h22m | ETA 10h17m (actual/smoke-median cost ratio 3.17)
[2026-09-28 00:44:23] 330/600 BACE_B_woa_ref_s7 (55s) | elapsed session 4h22m, total 4h22m | ETA 10h15m (actual/smoke-median cost ratio 3.16)
[2026-09-28 00:44:27] 331/600 BACE_B_woa_ref_s3 (91s) | elapsed session 4h22m, total 4h22m | ETA 10h12m (actual/smoke-median cost ratio 3.15)
[2026-09-28 00:44:36] 332/600 BACE_B_woa_ref_s2 (116s) | elapsed session 4h22m, total 4h22m | ETA 10h10m (actual/smoke-median cost ratio 3.14)
[2026-09-28 00:44:37] 333/600 BACE_B_woa_ref_s1 (148s) | elapsed session 4h22m, total 4h22m | ETA 10h08m (actual/smoke-median cost ratio 3.14)
[2026-09-28 00:44:44] 334/600 BACE_B_woa_ref_s4 (104s) | elapsed session 4h23m, total 4h23m | ETA 10h06m (actual/smoke-median cost ratio 3.13)
[2026-09-28 00:44:45] 335/600 BACE_B_gwo_ref_s29 (173s) | elapsed session 4h23m, total 4h23m | ETA 10h04m (actual/smoke-median cost ratio 3.12)
[2026-09-28 00:44:57] 336/600 BACE_B_woa_ref_s6 (92s) | elapsed session 4h23m, total 4h23m | ETA 10h02m (actual/smoke-median cost ratio 3.12)
[2026-09-28 00:45:11] 337/600 BACE_B_gwo_ref_s25 (252s) | elapsed session 4h23m, total 4h23m | ETA 10h00m (actual/smoke-median cost ratio 3.11)
[2026-09-28 00:45:17] 338/600 BACE_B_woa_ref_s9 (54s) | elapsed session 4h23m, total 4h23m | ETA 9h58m (actual/smoke-median cost ratio 3.10)
[2026-09-28 00:45:38] 339/600 BACE_B_woa_ref_s13 (54s) | elapsed session 4h23m, total 4h23m | ETA 9h55m (actual/smoke-median cost ratio 3.10)
[2026-09-28 00:45:50] 340/600 BACE_B_woa_ref_s11 (74s) | elapsed session 4h24m, total 4h24m | ETA 9h53m (actual/smoke-median cost ratio 3.09)
[2026-09-28 00:45:57] 341/600 BACE_B_woa_ref_s10 (89s) | elapsed session 4h24m, total 4h24m | ETA 9h51m (actual/smoke-median cost ratio 3.08)
[2026-09-28 00:46:01] 342/600 BACE_B_woa_ref_s15 (63s) | elapsed session 4h24m, total 4h24m | ETA 9h49m (actual/smoke-median cost ratio 3.07)
[2026-09-28 00:46:06] 343/600 BACE_B_woa_ref_s17 (50s) | elapsed session 4h24m, total 4h24m | ETA 9h47m (actual/smoke-median cost ratio 3.07)
[2026-09-28 00:46:17] 344/600 BACE_B_woa_ref_s18 (39s) | elapsed session 4h24m, total 4h24m | ETA 9h44m (actual/smoke-median cost ratio 3.06)
[2026-09-28 00:46:31] 345/600 BACE_B_woa_ref_s8 (154s) | elapsed session 4h24m, total 4h24m | ETA 9h42m (actual/smoke-median cost ratio 3.05)
[2026-09-28 00:46:32] 346/600 BACE_B_woa_ref_s16 (81s) | elapsed session 4h24m, total 4h24m | ETA 9h40m (actual/smoke-median cost ratio 3.04)
[2026-09-28 00:46:48] 347/600 BACE_B_woa_ref_s21 (48s) | elapsed session 4h25m, total 4h25m | ETA 9h38m (actual/smoke-median cost ratio 3.04)
[2026-09-28 00:46:51] 348/600 BACE_B_woa_ref_s20 (54s) | elapsed session 4h25m, total 4h25m | ETA 9h36m (actual/smoke-median cost ratio 3.03)
[2026-09-28 00:46:58] 349/600 BACE_B_woa_ref_s19 (68s) | elapsed session 4h25m, total 4h25m | ETA 9h34m (actual/smoke-median cost ratio 3.02)
[2026-09-28 00:47:07] 350/600 BACE_B_woa_ref_s22 (60s) | elapsed session 4h25m, total 4h25m | ETA 9h31m (actual/smoke-median cost ratio 3.01)
[2026-09-28 00:47:07] --- checkpoint at 350 runs: median fit time per call, actual vs smoke estimate ---
[2026-09-28 00:47:07]     BBBP          A: actual   2.33 s (n=5906) | smoke   1.98 s | ratio 1.18
[2026-09-28 00:47:07]     BBBP          B: actual   0.97 s (n=5906) | smoke   0.77 s | ratio 1.26
[2026-09-28 00:47:07]     FreeSolv      A: actual   1.08 s (n=5862) | smoke   1.92 s | ratio 0.56
[2026-09-28 00:47:07]     FreeSolv      B: actual   0.61 s (n=5880) | smoke   0.95 s | ratio 0.64
[2026-09-28 00:47:07]     BACE          A: actual   1.82 s (n=5895) | smoke   1.80 s | ratio 1.01
[2026-09-28 00:47:07]     BACE          B: actual   0.80 s (n=4948) | smoke   1.48 s | ratio 0.54
[2026-09-28 00:47:35] 351/600 BACE_B_woa_ref_s12 (178s) | elapsed session 4h25m, total 4h25m | ETA 9h30m (actual/smoke-median cost ratio 3.01)
[2026-09-28 00:47:39] 352/600 BACE_B_woa_ref_s23 (82s) | elapsed session 4h25m, total 4h25m | ETA 9h28m (actual/smoke-median cost ratio 3.00)
[2026-09-28 00:47:40] 353/600 BACE_B_woa_ref_s28 (42s) | elapsed session 4h25m, total 4h25m | ETA 9h25m (actual/smoke-median cost ratio 2.99)
[2026-09-28 00:47:55] 354/600 BACE_B_woa_ref_s14 (190s) | elapsed session 4h26m, total 4h26m | ETA 9h24m (actual/smoke-median cost ratio 2.99)
[2026-09-28 00:48:13] 355/600 BACE_B_woa_ref_s24 (102s) | elapsed session 4h26m, total 4h26m | ETA 9h22m (actual/smoke-median cost ratio 2.98)
[2026-09-28 00:48:22] 356/600 BACE_B_woa_ref_s5 (304s) | elapsed session 4h26m, total 4h26m | ETA 9h20m (actual/smoke-median cost ratio 2.98)
[2026-09-28 00:48:32] 357/600 BACE_B_woa_ref_s27 (101s) | elapsed session 4h26m, total 4h26m | ETA 9h18m (actual/smoke-median cost ratio 2.97)
[2026-09-28 00:48:43] 358/600 BACE_B_woa_ref_s26 (114s) | elapsed session 4h27m, total 4h27m | ETA 9h17m (actual/smoke-median cost ratio 2.97)
[2026-09-28 00:49:39] 359/600 BACE_B_woa_ref_s25 (187s) | elapsed session 4h27m, total 4h27m | ETA 9h15m (actual/smoke-median cost ratio 2.96)
[2026-09-28 00:51:08] 360/600 BACE_B_woa_ref_s29 (242s) | elapsed session 4h29m, total 4h29m | ETA 9h14m (actual/smoke-median cost ratio 2.96)
[2026-09-28 00:51:08] BACE complete: 120/120 runs
[2026-09-28 00:52:37] 361/600 ESOL_A_gwo_ref_s8 (178s) | elapsed session 4h30m, total 4h30m | ETA 9h07m (actual/smoke-median cost ratio 2.94)
[2026-09-28 00:58:20] 362/600 ESOL_A_gwo_ref_s4 (606s) | elapsed session 4h36m, total 4h36m | ETA 9h02m (actual/smoke-median cost ratio 2.92)
[2026-09-28 00:58:34] 363/600 ESOL_A_gwo_ref_s9 (446s) | elapsed session 4h36m, total 4h36m | ETA 8h56m (actual/smoke-median cost ratio 2.90)
[2026-09-28 00:58:52] 364/600 ESOL_A_gwo_ref_s6 (620s) | elapsed session 4h37m, total 4h37m | ETA 8h51m (actual/smoke-median cost ratio 2.89)
[2026-09-28 00:59:06] 365/600 ESOL_A_gwo_ref_s5 (644s) | elapsed session 4h37m, total 4h37m | ETA 8h46m (actual/smoke-median cost ratio 2.88)
[2026-09-28 00:59:33] 366/600 ESOL_A_gwo_ref_s10 (416s) | elapsed session 4h37m, total 4h37m | ETA 8h41m (actual/smoke-median cost ratio 2.86)
[2026-09-28 01:00:53] 367/600 ESOL_A_gwo_ref_s2 (793s) | elapsed session 4h39m, total 4h39m | ETA 8h37m (actual/smoke-median cost ratio 2.85)
[2026-09-28 01:00:55] 368/600 ESOL_A_gwo_ref_s1 (796s) | elapsed session 4h39m, total 4h39m | ETA 8h33m (actual/smoke-median cost ratio 2.84)
[2026-09-28 01:01:34] 369/600 ESOL_A_gwo_ref_s0 (839s) | elapsed session 4h39m, total 4h39m | ETA 8h29m (actual/smoke-median cost ratio 2.83)
[2026-09-28 01:04:46] 370/600 ESOL_A_gwo_ref_s14 (339s) | elapsed session 4h43m, total 4h43m | ETA 8h23m (actual/smoke-median cost ratio 2.81)
[2026-09-28 01:05:02] 371/600 ESOL_A_gwo_ref_s18 (208s) | elapsed session 4h43m, total 4h43m | ETA 8h18m (actual/smoke-median cost ratio 2.79)
[2026-09-28 01:06:54] 372/600 ESOL_A_gwo_ref_s7 (1091s) | elapsed session 4h45m, total 4h45m | ETA 8h15m (actual/smoke-median cost ratio 2.79)
[2026-09-28 01:08:12] 373/600 ESOL_A_gwo_ref_s20 (190s) | elapsed session 4h46m, total 4h46m | ETA 8h09m (actual/smoke-median cost ratio 2.77)
[2026-09-28 01:09:07] 374/600 ESOL_A_gwo_ref_s17 (492s) | elapsed session 4h47m, total 4h47m | ETA 8h04m (actual/smoke-median cost ratio 2.76)
[2026-09-28 01:10:57] 375/600 ESOL_A_gwo_ref_s19 (371s) | elapsed session 4h49m, total 4h49m | ETA 7h59m (actual/smoke-median cost ratio 2.74)
[2026-09-28 01:12:12] 376/600 ESOL_A_gwo_ref_s13 (799s) | elapsed session 4h50m, total 4h50m | ETA 7h56m (actual/smoke-median cost ratio 2.73)
[2026-09-28 01:12:49] 377/600 ESOL_A_gwo_ref_s3 (1495s) | elapsed session 4h51m, total 4h51m | ETA 7h54m (actual/smoke-median cost ratio 2.73)
[2026-09-28 01:13:13] 378/600 ESOL_A_gwo_ref_s15 (820s) | elapsed session 4h51m, total 4h51m | ETA 7h50m (actual/smoke-median cost ratio 2.73)
[2026-09-28 01:16:33] 379/600 ESOL_A_gwo_ref_s16 (940s) | elapsed session 4h54m, total 4h54m | ETA 7h47m (actual/smoke-median cost ratio 2.72)
[2026-09-28 01:16:59] 380/600 ESOL_A_gwo_ref_s12 (1105s) | elapsed session 4h55m, total 4h55m | ETA 7h44m (actual/smoke-median cost ratio 2.72)
[2026-09-28 01:18:09] 381/600 ESOL_A_gwo_ref_s21 (675s) | elapsed session 4h56m, total 4h56m | ETA 7h40m (actual/smoke-median cost ratio 2.71)
[2026-09-28 01:18:30] 382/600 ESOL_A_gwo_ref_s22 (618s) | elapsed session 4h56m, total 4h56m | ETA 7h36m (actual/smoke-median cost ratio 2.70)
[2026-09-28 01:19:55] 383/600 ESOL_A_gwo_ref_s27 (402s) | elapsed session 4h58m, total 4h58m | ETA 7h32m (actual/smoke-median cost ratio 2.68)
[2026-09-28 01:20:35] 384/600 ESOL_A_gwo_ref_s25 (503s) | elapsed session 4h58m, total 4h58m | ETA 7h28m (actual/smoke-median cost ratio 2.67)
[2026-09-28 01:23:17] 385/600 ESOL_A_gwo_ref_s29 (378s) | elapsed session 5h01m, total 5h01m | ETA 7h23m (actual/smoke-median cost ratio 2.66)
[2026-09-28 01:25:19] 386/600 ESOL_A_gwo_ref_s23 (972s) | elapsed session 5h03m, total 5h03m | ETA 7h20m (actual/smoke-median cost ratio 2.65)
[2026-09-28 01:26:42] 387/600 ESOL_A_woa_ref_s4 (205s) | elapsed session 5h05m, total 5h05m | ETA 7h16m (actual/smoke-median cost ratio 2.64)
[2026-09-28 01:27:35] 388/600 ESOL_A_gwo_ref_s26 (885s) | elapsed session 5h05m, total 5h05m | ETA 7h13m (actual/smoke-median cost ratio 2.63)
[2026-09-28 01:27:45] 389/600 ESOL_A_woa_ref_s2 (470s) | elapsed session 5h06m, total 5h06m | ETA 7h08m (actual/smoke-median cost ratio 2.62)
[2026-09-28 01:28:17] 390/600 ESOL_A_gwo_ref_s24 (1040s) | elapsed session 5h06m, total 5h06m | ETA 7h06m (actual/smoke-median cost ratio 2.62)
[2026-09-28 01:29:28] 391/600 ESOL_A_woa_ref_s8 (103s) | elapsed session 5h07m, total 5h07m | ETA 7h01m (actual/smoke-median cost ratio 2.60)
[2026-09-28 01:30:04] 392/600 ESOL_A_woa_ref_s0 (715s) | elapsed session 5h08m, total 5h08m | ETA 6h58m (actual/smoke-median cost ratio 2.59)
[2026-09-28 01:31:41] 393/600 ESOL_A_gwo_ref_s11 (2001s) | elapsed session 5h10m, total 5h10m | ETA 6h57m (actual/smoke-median cost ratio 2.60)
[2026-09-28 01:31:53] 394/600 ESOL_A_woa_ref_s9 (216s) | elapsed session 5h10m, total 5h10m | ETA 6h53m (actual/smoke-median cost ratio 2.59)
[2026-09-28 01:32:17] 395/600 ESOL_A_woa_ref_s5 (419s) | elapsed session 5h10m, total 5h10m | ETA 6h49m (actual/smoke-median cost ratio 2.57)
[2026-09-28 01:32:38] 396/600 ESOL_A_woa_ref_s6 (356s) | elapsed session 5h10m, total 5h10m | ETA 6h45m (actual/smoke-median cost ratio 2.56)
[2026-09-28 01:33:21] 397/600 ESOL_A_woa_ref_s7 (346s) | elapsed session 5h11m, total 5h11m | ETA 6h41m (actual/smoke-median cost ratio 2.55)
[2026-09-28 01:34:39] 398/600 ESOL_A_gwo_ref_s28 (1086s) | elapsed session 5h12m, total 5h12m | ETA 6h38m (actual/smoke-median cost ratio 2.55)
[2026-09-28 01:35:42] 399/600 ESOL_A_woa_ref_s10 (374s) | elapsed session 5h14m, total 5h14m | ETA 6h35m (actual/smoke-median cost ratio 2.54)
[2026-09-28 01:36:46] 400/600 ESOL_A_woa_ref_s17 (127s) | elapsed session 5h15m, total 5h15m | ETA 6h30m (actual/smoke-median cost ratio 2.52)
[2026-09-28 01:36:46] --- checkpoint at 400 runs: median fit time per call, actual vs smoke estimate ---
[2026-09-28 01:36:46]     BBBP          A: actual   2.33 s (n=5906) | smoke   1.98 s | ratio 1.18
[2026-09-28 01:36:46]     BBBP          B: actual   0.97 s (n=5906) | smoke   0.77 s | ratio 1.26
[2026-09-28 01:36:46]     FreeSolv      A: actual   1.08 s (n=5862) | smoke   1.92 s | ratio 0.56
[2026-09-28 01:36:46]     FreeSolv      B: actual   0.61 s (n=5880) | smoke   0.95 s | ratio 0.64
[2026-09-28 01:36:46]     BACE          A: actual   1.82 s (n=5895) | smoke   1.80 s | ratio 1.01
[2026-09-28 01:36:46]     BACE          B: actual   0.84 s (n=5920) | smoke   1.48 s | ratio 0.57
[2026-09-28 01:36:46]     ESOL          A: actual   4.29 s (n=3976) | smoke   4.78 s | ratio 0.90
[2026-09-28 01:37:51] 401/600 ESOL_A_woa_ref_s18 (129s) | elapsed session 5h16m, total 5h16m | ETA 6h26m (actual/smoke-median cost ratio 2.51)
[2026-09-28 01:40:00] 402/600 ESOL_A_woa_ref_s13 (487s) | elapsed session 5h18m, total 5h18m | ETA 6h22m (actual/smoke-median cost ratio 2.50)
[2026-09-28 01:40:39] 403/600 ESOL_A_woa_ref_s19 (233s) | elapsed session 5h18m, total 5h18m | ETA 6h18m (actual/smoke-median cost ratio 2.48)
[2026-09-28 01:40:45] 404/600 ESOL_A_woa_ref_s15 (487s) | elapsed session 5h19m, total 5h19m | ETA 6h15m (actual/smoke-median cost ratio 2.47)
[2026-09-28 01:41:14] 405/600 ESOL_A_woa_ref_s20 (203s) | elapsed session 5h19m, total 5h19m | ETA 6h11m (actual/smoke-median cost ratio 2.46)
[2026-09-28 01:42:00] 406/600 ESOL_A_woa_ref_s3 (1285s) | elapsed session 5h20m, total 5h20m | ETA 6h09m (actual/smoke-median cost ratio 2.46)
[2026-09-28 01:43:09] 407/600 ESOL_A_woa_ref_s11 (785s) | elapsed session 5h21m, total 5h21m | ETA 6h06m (actual/smoke-median cost ratio 2.46)
[2026-09-28 01:44:14] 408/600 ESOL_A_woa_ref_s14 (717s) | elapsed session 5h22m, total 5h22m | ETA 6h04m (actual/smoke-median cost ratio 2.45)
[2026-09-28 01:44:39] 409/600 ESOL_A_woa_ref_s12 (778s) | elapsed session 5h22m, total 5h22m | ETA 6h01m (actual/smoke-median cost ratio 2.45)
[2026-09-28 01:45:58] 410/600 ESOL_A_woa_ref_s22 (319s) | elapsed session 5h24m, total 5h24m | ETA 5h57m (actual/smoke-median cost ratio 2.43)
[2026-09-28 01:46:15] 411/600 ESOL_A_woa_ref_s23 (330s) | elapsed session 5h24m, total 5h24m | ETA 5h54m (actual/smoke-median cost ratio 2.42)
[2026-09-28 01:46:48] 412/600 ESOL_A_woa_ref_s16 (807s) | elapsed session 5h25m, total 5h25m | ETA 5h51m (actual/smoke-median cost ratio 2.42)
[2026-09-28 01:48:03] 413/600 ESOL_A_woa_ref_s27 (229s) | elapsed session 5h26m, total 5h26m | ETA 5h47m (actual/smoke-median cost ratio 2.41)
[2026-09-28 01:48:31] 414/600 ESOL_A_woa_ref_s29 (153s) | elapsed session 5h26m, total 5h26m | ETA 5h44m (actual/smoke-median cost ratio 2.39)
[2026-09-28 01:48:47] 415/600 ESOL_A_woa_ref_s24 (453s) | elapsed session 5h27m, total 5h27m | ETA 5h40m (actual/smoke-median cost ratio 2.39)
[2026-09-28 01:49:23] 416/600 ESOL_B_gwo_ref_s0 (188s) | elapsed session 5h27m, total 5h27m | ETA 5h39m (actual/smoke-median cost ratio 2.38)
[2026-09-28 01:49:33] 417/600 ESOL_B_gwo_ref_s2 (89s) | elapsed session 5h27m, total 5h27m | ETA 5h37m (actual/smoke-median cost ratio 2.38)
[2026-09-28 01:49:40] 418/600 ESOL_A_woa_ref_s26 (391s) | elapsed session 5h27m, total 5h27m | ETA 5h34m (actual/smoke-median cost ratio 2.37)
[2026-09-28 01:50:46] 419/600 ESOL_B_gwo_ref_s1 (238s) | elapsed session 5h29m, total 5h29m | ETA 5h33m (actual/smoke-median cost ratio 2.36)
[2026-09-28 01:51:51] 420/600 ESOL_B_gwo_ref_s4 (184s) | elapsed session 5h30m, total 5h30m | ETA 5h32m (actual/smoke-median cost ratio 2.36)
[2026-09-28 01:54:23] 421/600 ESOL_B_gwo_ref_s5 (300s) | elapsed session 5h32m, total 5h32m | ETA 5h30m (actual/smoke-median cost ratio 2.36)
[2026-09-28 01:55:41] 422/600 ESOL_B_gwo_ref_s9 (230s) | elapsed session 5h34m, total 5h34m | ETA 5h29m (actual/smoke-median cost ratio 2.36)
[2026-09-28 01:56:31] 423/600 ESOL_A_woa_ref_s1 (2281s) | elapsed session 5h34m, total 5h34m | ETA 5h29m (actual/smoke-median cost ratio 2.37)
[2026-09-28 01:57:15] 424/600 ESOL_B_gwo_ref_s10 (172s) | elapsed session 5h35m, total 5h35m | ETA 5h28m (actual/smoke-median cost ratio 2.37)
[2026-09-28 01:57:15] 425/600 ESOL_A_woa_ref_s25 (915s) | elapsed session 5h35m, total 5h35m | ETA 5h26m (actual/smoke-median cost ratio 2.36)
[2026-09-28 01:57:15] 426/600 ESOL_B_gwo_ref_s11 (94s) | elapsed session 5h35m, total 5h35m | ETA 5h24m (actual/smoke-median cost ratio 2.36)
[2026-09-28 01:57:29] 427/600 ESOL_B_gwo_ref_s6 (476s) | elapsed session 5h35m, total 5h35m | ETA 5h23m (actual/smoke-median cost ratio 2.36)
[2026-09-28 01:57:41] 428/600 ESOL_B_gwo_ref_s7 (481s) | elapsed session 5h36m, total 5h36m | ETA 5h22m (actual/smoke-median cost ratio 2.36)
[2026-09-28 01:59:34] 429/600 ESOL_B_gwo_ref_s3 (663s) | elapsed session 5h37m, total 5h37m | ETA 5h22m (actual/smoke-median cost ratio 2.36)
[2026-09-28 02:01:15] 430/600 ESOL_A_woa_ref_s21 (1275s) | elapsed session 5h39m, total 5h39m | ETA 5h20m (actual/smoke-median cost ratio 2.36)
[2026-09-28 02:01:20] 431/600 ESOL_B_gwo_ref_s16 (231s) | elapsed session 5h39m, total 5h39m | ETA 5h19m (actual/smoke-median cost ratio 2.36)
[2026-09-28 02:01:57] 432/600 ESOL_B_gwo_ref_s13 (282s) | elapsed session 5h40m, total 5h40m | ETA 5h18m (actual/smoke-median cost ratio 2.36)
[2026-09-28 02:02:46] 433/600 ESOL_B_gwo_ref_s15 (331s) | elapsed session 5h41m, total 5h41m | ETA 5h17m (actual/smoke-median cost ratio 2.35)
[2026-09-28 02:03:57] 434/600 ESOL_B_gwo_ref_s18 (263s) | elapsed session 5h42m, total 5h42m | ETA 5h15m (actual/smoke-median cost ratio 2.35)
[2026-09-28 02:04:08] 435/600 ESOL_B_gwo_ref_s14 (413s) | elapsed session 5h42m, total 5h42m | ETA 5h15m (actual/smoke-median cost ratio 2.35)
[2026-09-28 02:05:06] 436/600 ESOL_B_gwo_ref_s20 (226s) | elapsed session 5h43m, total 5h43m | ETA 5h13m (actual/smoke-median cost ratio 2.35)
[2026-09-28 02:05:15] 437/600 ESOL_B_gwo_ref_s12 (524s) | elapsed session 5h43m, total 5h43m | ETA 5h13m (actual/smoke-median cost ratio 2.35)
[2026-09-28 02:06:00] 438/600 ESOL_B_gwo_ref_s19 (285s) | elapsed session 5h44m, total 5h44m | ETA 5h11m (actual/smoke-median cost ratio 2.34)
[2026-09-28 02:07:07] 439/600 ESOL_B_gwo_ref_s21 (311s) | elapsed session 5h45m, total 5h45m | ETA 5h10m (actual/smoke-median cost ratio 2.34)
[2026-09-28 02:08:02] 440/600 ESOL_B_gwo_ref_s8 (1036s) | elapsed session 5h46m, total 5h46m | ETA 5h10m (actual/smoke-median cost ratio 2.35)
[2026-09-28 02:08:13] 441/600 ESOL_B_gwo_ref_s24 (246s) | elapsed session 5h46m, total 5h46m | ETA 5h09m (actual/smoke-median cost ratio 2.35)
[2026-09-28 02:09:42] 442/600 ESOL_B_woa_ref_s0 (89s) | elapsed session 5h48m, total 5h48m | ETA 5h08m (actual/smoke-median cost ratio 2.34)
[2026-09-28 02:09:43] 443/600 ESOL_B_gwo_ref_s29 (102s) | elapsed session 5h48m, total 5h48m | ETA 5h06m (actual/smoke-median cost ratio 2.34)
[2026-09-28 02:09:55] 444/600 ESOL_A_woa_ref_s28 (1516s) | elapsed session 5h48m, total 5h48m | ETA 5h05m (actual/smoke-median cost ratio 2.34)
[2026-09-28 02:10:34] 445/600 ESOL_B_gwo_ref_s22 (468s) | elapsed session 5h48m, total 5h48m | ETA 5h04m (actual/smoke-median cost ratio 2.34)
[2026-09-28 02:10:37] 446/600 ESOL_B_gwo_ref_s28 (210s) | elapsed session 5h48m, total 5h48m | ETA 5h03m (actual/smoke-median cost ratio 2.34)
[2026-09-28 02:11:12] 447/600 ESOL_B_gwo_ref_s23 (434s) | elapsed session 5h49m, total 5h49m | ETA 5h02m (actual/smoke-median cost ratio 2.34)
[2026-09-28 02:11:18] 448/600 ESOL_B_gwo_ref_s27 (317s) | elapsed session 5h49m, total 5h49m | ETA 5h01m (actual/smoke-median cost ratio 2.34)
[2026-09-28 02:11:39] 449/600 ESOL_B_gwo_ref_s26 (385s) | elapsed session 5h49m, total 5h49m | ETA 5h00m (actual/smoke-median cost ratio 2.33)
[2026-09-28 02:11:43] 450/600 ESOL_B_gwo_ref_s17 (842s) | elapsed session 5h50m, total 5h50m | ETA 5h00m (actual/smoke-median cost ratio 2.34)
[2026-09-28 02:11:43] --- checkpoint at 450 runs: median fit time per call, actual vs smoke estimate ---
[2026-09-28 02:11:43]     BBBP          A: actual   2.33 s (n=5906) | smoke   1.98 s | ratio 1.18
[2026-09-28 02:11:43]     BBBP          B: actual   0.97 s (n=5906) | smoke   0.77 s | ratio 1.26
[2026-09-28 02:11:43]     FreeSolv      A: actual   1.08 s (n=5862) | smoke   1.92 s | ratio 0.56
[2026-09-28 02:11:43]     FreeSolv      B: actual   0.61 s (n=5880) | smoke   0.95 s | ratio 0.64
[2026-09-28 02:11:43]     BACE          A: actual   1.82 s (n=5895) | smoke   1.80 s | ratio 1.01
[2026-09-28 02:11:43]     BACE          B: actual   0.84 s (n=5920) | smoke   1.48 s | ratio 0.57
[2026-09-28 02:11:43]     ESOL          A: actual   4.34 s (n=5922) | smoke   4.78 s | ratio 0.91
[2026-09-28 02:11:43]     ESOL          B: actual   2.38 s (n=2996) | smoke   2.07 s | ratio 1.15
[2026-09-28 02:11:58] 451/600 ESOL_B_woa_ref_s2 (135s) | elapsed session 5h50m, total 5h50m | ETA 4h58m (actual/smoke-median cost ratio 2.33)
[2026-09-28 02:12:37] 452/600 ESOL_B_woa_ref_s10 (38s) | elapsed session 5h50m, total 5h50m | ETA 4h57m (actual/smoke-median cost ratio 2.33)
[2026-09-28 02:12:42] 453/600 ESOL_B_gwo_ref_s25 (457s) | elapsed session 5h51m, total 5h51m | ETA 4h56m (actual/smoke-median cost ratio 2.33)
[2026-09-28 02:13:26] 454/600 ESOL_B_woa_ref_s6 (134s) | elapsed session 5h51m, total 5h51m | ETA 4h55m (actual/smoke-median cost ratio 2.32)
[2026-09-28 02:13:44] 455/600 ESOL_B_woa_ref_s11 (67s) | elapsed session 5h52m, total 5h52m | ETA 4h53m (actual/smoke-median cost ratio 2.32)
[2026-09-28 02:14:18] 456/600 ESOL_B_woa_ref_s5 (221s) | elapsed session 5h52m, total 5h52m | ETA 4h52m (actual/smoke-median cost ratio 2.32)
[2026-09-28 02:14:26] 457/600 ESOL_B_woa_ref_s3 (271s) | elapsed session 5h52m, total 5h52m | ETA 4h51m (actual/smoke-median cost ratio 2.32)
[2026-09-28 02:14:34] 458/600 ESOL_B_woa_ref_s4 (240s) | elapsed session 5h52m, total 5h52m | ETA 4h50m (actual/smoke-median cost ratio 2.31)
[2026-09-28 02:14:38] 459/600 ESOL_B_woa_ref_s1 (296s) | elapsed session 5h52m, total 5h52m | ETA 4h49m (actual/smoke-median cost ratio 2.31)
[2026-09-28 02:14:39] 460/600 ESOL_B_woa_ref_s9 (176s) | elapsed session 5h52m, total 5h52m | ETA 4h48m (actual/smoke-median cost ratio 2.31)
[2026-09-28 02:15:00] 461/600 ESOL_B_woa_ref_s8 (201s) | elapsed session 5h53m, total 5h53m | ETA 4h46m (actual/smoke-median cost ratio 2.30)
[2026-09-28 02:15:31] 462/600 ESOL_B_woa_ref_s7 (254s) | elapsed session 5h53m, total 5h53m | ETA 4h45m (actual/smoke-median cost ratio 2.30)
[2026-09-28 02:15:56] 463/600 ESOL_B_woa_ref_s15 (98s) | elapsed session 5h54m, total 5h54m | ETA 4h44m (actual/smoke-median cost ratio 2.30)
[2026-09-28 02:16:05] 464/600 ESOL_B_woa_ref_s16 (100s) | elapsed session 5h54m, total 5h54m | ETA 4h43m (actual/smoke-median cost ratio 2.29)
[2026-09-28 02:16:37] 465/600 ESOL_B_woa_ref_s19 (118s) | elapsed session 5h54m, total 5h54m | ETA 4h41m (actual/smoke-median cost ratio 2.29)
[2026-09-28 02:16:58] 466/600 ESOL_B_woa_ref_s21 (87s) | elapsed session 5h55m, total 5h55m | ETA 4h40m (actual/smoke-median cost ratio 2.28)
[2026-09-28 02:17:49] 467/600 ESOL_B_woa_ref_s13 (263s) | elapsed session 5h56m, total 5h56m | ETA 4h39m (actual/smoke-median cost ratio 2.28)
[2026-09-28 02:18:31] 468/600 ESOL_B_woa_ref_s24 (113s) | elapsed session 5h56m, total 5h56m | ETA 4h38m (actual/smoke-median cost ratio 2.28)
[2026-09-28 02:19:53] 469/600 ESOL_B_woa_ref_s25 (174s) | elapsed session 5h58m, total 5h58m | ETA 4h36m (actual/smoke-median cost ratio 2.28)
[2026-09-28 02:20:10] 470/600 ESOL_B_woa_ref_s22 (254s) | elapsed session 5h58m, total 5h58m | ETA 4h35m (actual/smoke-median cost ratio 2.27)
[2026-09-28 02:21:47] 471/600 ESOL_B_woa_ref_s23 (341s) | elapsed session 6h00m, total 6h00m | ETA 4h34m (actual/smoke-median cost ratio 2.27)
[2026-09-28 02:22:15] 472/600 ESOL_B_woa_ref_s27 (225s) | elapsed session 6h00m, total 6h00m | ETA 4h33m (actual/smoke-median cost ratio 2.27)
[2026-09-28 02:22:23] 473/600 ESOL_B_woa_ref_s29 (133s) | elapsed session 6h00m, total 6h00m | ETA 4h32m (actual/smoke-median cost ratio 2.27)
[2026-09-28 02:22:28] 474/600 ESOL_B_woa_ref_s20 (448s) | elapsed session 6h00m, total 6h00m | ETA 4h31m (actual/smoke-median cost ratio 2.26)
[2026-09-28 02:26:10] 475/600 ESOL_B_woa_ref_s18 (692s) | elapsed session 6h04m, total 6h04m | ETA 4h31m (actual/smoke-median cost ratio 2.27)
[2026-09-28 02:26:28] 476/600 ESOL_B_woa_ref_s12 (826s) | elapsed session 6h04m, total 6h04m | ETA 4h30m (actual/smoke-median cost ratio 2.27)
[2026-09-28 02:27:44] 477/600 ESOL_B_woa_ref_s28 (471s) | elapsed session 6h06m, total 6h06m | ETA 4h30m (actual/smoke-median cost ratio 2.27)
[2026-09-28 02:28:17] 478/600 ESOL_B_woa_ref_s26 (628s) | elapsed session 6h06m, total 6h06m | ETA 4h29m (actual/smoke-median cost ratio 2.27)
[2026-09-28 02:32:02] 479/600 ESOL_B_woa_ref_s14 (1098s) | elapsed session 6h10m, total 6h10m | ETA 4h29m (actual/smoke-median cost ratio 2.28)
[2026-09-28 02:37:06] 480/600 ESOL_B_woa_ref_s17 (1353s) | elapsed session 6h15m, total 6h15m | ETA 4h29m (actual/smoke-median cost ratio 2.29)
[2026-09-28 02:37:06] ESOL complete: 120/120 runs
[2026-09-28 02:42:36] 481/600 Lipophilicity_A_gwo_ref_s2 (1213s) | elapsed session 6h20m, total 6h20m | ETA 4h25m (actual/smoke-median cost ratio 2.28)
[2026-09-28 02:48:42] 482/600 Lipophilicity_A_gwo_ref_s0 (1615s) | elapsed session 6h27m, total 6h27m | ETA 4h21m (actual/smoke-median cost ratio 2.28)
[2026-09-28 02:49:36] 483/600 Lipophilicity_A_gwo_ref_s1 (1641s) | elapsed session 6h27m, total 6h27m | ETA 4h18m (actual/smoke-median cost ratio 2.27)
[2026-09-28 02:50:32] 484/600 Lipophilicity_A_gwo_ref_s3 (1684s) | elapsed session 6h28m, total 6h28m | ETA 4h14m (actual/smoke-median cost ratio 2.27)
[2026-09-28 02:53:21] 485/600 Lipophilicity_A_gwo_ref_s4 (1631s) | elapsed session 6h31m, total 6h31m | ETA 4h10m (actual/smoke-median cost ratio 2.27)
[2026-09-28 02:55:32] 486/600 Lipophilicity_A_gwo_ref_s9 (1106s) | elapsed session 6h33m, total 6h33m | ETA 4h06m (actual/smoke-median cost ratio 2.26)
[2026-09-28 02:56:07] 487/600 Lipophilicity_A_gwo_ref_s5 (1779s) | elapsed session 6h34m, total 6h34m | ETA 4h03m (actual/smoke-median cost ratio 2.26)
[2026-09-28 02:57:17] 488/600 Lipophilicity_A_gwo_ref_s8 (1515s) | elapsed session 6h35m, total 6h35m | ETA 3h59m (actual/smoke-median cost ratio 2.25)
[2026-09-28 03:02:56] 489/600 Lipophilicity_A_gwo_ref_s7 (2078s) | elapsed session 6h41m, total 6h41m | ETA 3h56m (actual/smoke-median cost ratio 2.25)
[2026-09-28 03:04:09] 490/600 Lipophilicity_A_gwo_ref_s14 (648s) | elapsed session 6h42m, total 6h42m | ETA 3h51m (actual/smoke-median cost ratio 2.24)
[2026-09-28 03:08:12] 491/600 Lipophilicity_A_gwo_ref_s11 (1170s) | elapsed session 6h46m, total 6h46m | ETA 3h47m (actual/smoke-median cost ratio 2.23)
[2026-09-28 03:09:30] 492/600 Lipophilicity_A_gwo_ref_s17 (732s) | elapsed session 6h47m, total 6h47m | ETA 3h43m (actual/smoke-median cost ratio 2.22)
[2026-09-28 03:12:15] 493/600 Lipophilicity_A_gwo_ref_s6 (2671s) | elapsed session 6h50m, total 6h50m | ETA 3h41m (actual/smoke-median cost ratio 2.23)
[2026-09-28 03:18:35] 494/600 Lipophilicity_A_gwo_ref_s16 (1348s) | elapsed session 6h56m, total 6h56m | ETA 3h37m (actual/smoke-median cost ratio 2.22)
[2026-09-28 03:23:14] 495/600 Lipophilicity_A_gwo_ref_s18 (1219s) | elapsed session 7h01m, total 7h01m | ETA 3h33m (actual/smoke-median cost ratio 2.22)
[2026-09-28 03:26:59] 496/600 Lipophilicity_A_gwo_ref_s10 (2663s) | elapsed session 7h05m, total 7h05m | ETA 3h30m (actual/smoke-median cost ratio 2.22)
[2026-09-28 03:27:12] 497/600 Lipophilicity_A_gwo_ref_s19 (1383s) | elapsed session 7h05m, total 7h05m | ETA 3h27m (actual/smoke-median cost ratio 2.22)
[2026-09-28 03:28:46] 498/600 Lipophilicity_A_gwo_ref_s15 (1994s) | elapsed session 7h07m, total 7h07m | ETA 3h24m (actual/smoke-median cost ratio 2.22)
[2026-09-28 03:32:19] 499/600 Lipophilicity_A_gwo_ref_s20 (1448s) | elapsed session 7h10m, total 7h10m | ETA 3h20m (actual/smoke-median cost ratio 2.22)
[2026-09-28 03:32:31] 500/600 Lipophilicity_A_gwo_ref_s12 (2574s) | elapsed session 7h10m, total 7h10m | ETA 3h17m (actual/smoke-median cost ratio 2.22)
[2026-09-28 03:32:31] --- checkpoint at 500 runs: median fit time per call, actual vs smoke estimate ---
[2026-09-28 03:32:31]     BBBP          A: actual   2.33 s (n=5906) | smoke   1.98 s | ratio 1.18
[2026-09-28 03:32:31]     BBBP          B: actual   0.97 s (n=5906) | smoke   0.77 s | ratio 1.26
[2026-09-28 03:32:31]     FreeSolv      A: actual   1.08 s (n=5862) | smoke   1.92 s | ratio 0.56
[2026-09-28 03:32:31]     FreeSolv      B: actual   0.61 s (n=5880) | smoke   0.95 s | ratio 0.64
[2026-09-28 03:32:31]     BACE          A: actual   1.82 s (n=5895) | smoke   1.80 s | ratio 1.01
[2026-09-28 03:32:31]     BACE          B: actual   0.84 s (n=5920) | smoke   1.48 s | ratio 0.57
[2026-09-28 03:32:31]     ESOL          A: actual   4.34 s (n=5922) | smoke   4.78 s | ratio 0.91
[2026-09-28 03:32:31]     ESOL          B: actual   2.09 s (n=5916) | smoke   2.07 s | ratio 1.01
[2026-09-28 03:32:31]     Lipophilicity A: actual  12.31 s (n=2000) | smoke   8.55 s | ratio 1.44
[2026-09-28 03:34:07] 501/600 Lipophilicity_A_gwo_ref_s21 (1478s) | elapsed session 7h12m, total 7h12m | ETA 3h14m (actual/smoke-median cost ratio 2.22)
[2026-09-28 03:35:14] 502/600 Lipophilicity_A_gwo_ref_s22 (1380s) | elapsed session 7h13m, total 7h13m | ETA 3h10m (actual/smoke-median cost ratio 2.21)
[2026-09-28 03:44:09] 503/600 Lipophilicity_A_gwo_ref_s13 (3216s) | elapsed session 7h22m, total 7h22m | ETA 3h08m (actual/smoke-median cost ratio 2.22)
[2026-09-28 03:44:57] 504/600 Lipophilicity_A_gwo_ref_s24 (1303s) | elapsed session 7h23m, total 7h23m | ETA 3h04m (actual/smoke-median cost ratio 2.22)
[2026-09-28 03:48:23] 505/600 Lipophilicity_A_woa_ref_s0 (856s) | elapsed session 7h26m, total 7h26m | ETA 3h00m (actual/smoke-median cost ratio 2.21)
[2026-09-28 03:56:37] 506/600 Lipophilicity_A_gwo_ref_s27 (1671s) | elapsed session 7h34m, total 7h34m | ETA 2h57m (actual/smoke-median cost ratio 2.21)
[2026-09-28 03:58:37] 507/600 Lipophilicity_A_gwo_ref_s23 (2402s) | elapsed session 7h36m, total 7h36m | ETA 2h54m (actual/smoke-median cost ratio 2.21)
[2026-09-28 04:01:30] 508/600 Lipophilicity_A_gwo_ref_s29 (1739s) | elapsed session 7h39m, total 7h39m | ETA 2h51m (actual/smoke-median cost ratio 2.21)
[2026-09-28 04:05:22] 509/600 Lipophilicity_A_gwo_ref_s26 (2289s) | elapsed session 7h43m, total 7h43m | ETA 2h48m (actual/smoke-median cost ratio 2.21)
[2026-09-28 04:06:52] 510/600 Lipophilicity_A_woa_ref_s1 (1897s) | elapsed session 7h45m, total 7h45m | ETA 2h45m (actual/smoke-median cost ratio 2.21)
[2026-09-28 04:08:43] 511/600 Lipophilicity_A_gwo_ref_s28 (2184s) | elapsed session 7h47m, total 7h47m | ETA 2h42m (actual/smoke-median cost ratio 2.22)
[2026-09-28 04:09:28] 512/600 Lipophilicity_A_woa_ref_s5 (771s) | elapsed session 7h47m, total 7h47m | ETA 2h38m (actual/smoke-median cost ratio 2.21)
[2026-09-28 04:10:39] 513/600 Lipophilicity_A_woa_ref_s2 (1590s) | elapsed session 7h48m, total 7h48m | ETA 2h34m (actual/smoke-median cost ratio 2.20)
[2026-09-28 04:10:41] 514/600 Lipophilicity_A_woa_ref_s3 (1544s) | elapsed session 7h49m, total 7h49m | ETA 2h31m (actual/smoke-median cost ratio 2.20)
[2026-09-28 04:15:05] 515/600 Lipophilicity_A_gwo_ref_s25 (2886s) | elapsed session 7h53m, total 7h53m | ETA 2h28m (actual/smoke-median cost ratio 2.21)
[2026-09-28 04:28:17] 516/600 Lipophilicity_A_woa_ref_s11 (1129s) | elapsed session 8h06m, total 8h06m | ETA 2h25m (actual/smoke-median cost ratio 2.20)
[2026-09-28 04:30:34] 517/600 Lipophilicity_A_woa_ref_s8 (1513s) | elapsed session 8h08m, total 8h08m | ETA 2h21m (actual/smoke-median cost ratio 2.20)
[2026-09-28 04:30:42] 518/600 Lipophilicity_A_woa_ref_s14 (937s) | elapsed session 8h09m, total 8h09m | ETA 2h18m (actual/smoke-median cost ratio 2.19)
[2026-09-28 04:34:01] 519/600 Lipophilicity_A_woa_ref_s4 (2738s) | elapsed session 8h12m, total 8h12m | ETA 2h15m (actual/smoke-median cost ratio 2.20)
[2026-09-28 04:35:16] 520/600 Lipophilicity_A_woa_ref_s7 (2026s) | elapsed session 8h13m, total 8h13m | ETA 2h12m (actual/smoke-median cost ratio 2.20)
[2026-09-28 04:43:48] 521/600 Lipophilicity_A_woa_ref_s17 (786s) | elapsed session 8h22m, total 8h22m | ETA 2h08m (actual/smoke-median cost ratio 2.19)
[2026-09-28 04:48:21] 522/600 Lipophilicity_A_woa_ref_s13 (2259s) | elapsed session 8h26m, total 8h26m | ETA 2h05m (actual/smoke-median cost ratio 2.19)
[2026-09-28 04:51:54] 523/600 Lipophilicity_A_woa_ref_s18 (1073s) | elapsed session 8h30m, total 8h30m | ETA 2h02m (actual/smoke-median cost ratio 2.19)
[2026-09-28 04:52:44] 524/600 Lipophilicity_A_woa_ref_s12 (2525s) | elapsed session 8h31m, total 8h31m | ETA 1h59m (actual/smoke-median cost ratio 2.19)
[2026-09-28 04:53:05] 525/600 Lipophilicity_A_woa_ref_s10 (2662s) | elapsed session 8h31m, total 8h31m | ETA 1h56m (actual/smoke-median cost ratio 2.20)
[2026-09-28 04:56:19] 526/600 Lipophilicity_A_woa_ref_s6 (3462s) | elapsed session 8h34m, total 8h34m | ETA 1h53m (actual/smoke-median cost ratio 2.21)
[2026-09-28 04:59:11] 527/600 Lipophilicity_A_woa_ref_s21 (651s) | elapsed session 8h37m, total 8h37m | ETA 1h50m (actual/smoke-median cost ratio 2.20)
[2026-09-28 04:59:48] 528/600 Lipophilicity_A_woa_ref_s22 (474s) | elapsed session 8h38m, total 8h38m | ETA 1h46m (actual/smoke-median cost ratio 2.19)
[2026-09-28 04:59:50] 529/600 Lipophilicity_A_woa_ref_s19 (1473s) | elapsed session 8h38m, total 8h38m | ETA 1h43m (actual/smoke-median cost ratio 2.19)
[2026-09-28 05:00:07] 530/600 Lipophilicity_A_woa_ref_s16 (1773s) | elapsed session 8h38m, total 8h38m | ETA 1h40m (actual/smoke-median cost ratio 2.19)
[2026-09-28 05:00:28] 531/600 Lipophilicity_A_woa_ref_s20 (1001s) | elapsed session 8h38m, total 8h38m | ETA 1h36m (actual/smoke-median cost ratio 2.18)
[2026-09-28 05:06:10] 532/600 Lipophilicity_A_woa_ref_s9 (3559s) | elapsed session 8h44m, total 8h44m | ETA 1h33m (actual/smoke-median cost ratio 2.19)
[2026-09-28 05:06:26] 533/600 Lipophilicity_A_woa_ref_s25 (608s) | elapsed session 8h44m, total 8h44m | ETA 1h30m (actual/smoke-median cost ratio 2.18)
[2026-09-28 05:10:17] 534/600 Lipophilicity_A_woa_ref_s29 (611s) | elapsed session 8h48m, total 8h48m | ETA 1h26m (actual/smoke-median cost ratio 2.17)
[2026-09-28 05:10:53] 535/600 Lipophilicity_A_woa_ref_s24 (1069s) | elapsed session 8h49m, total 8h49m | ETA 1h23m (actual/smoke-median cost ratio 2.17)
[2026-09-28 05:12:36] 536/600 Lipophilicity_B_gwo_ref_s0 (728s) | elapsed session 8h50m, total 8h50m | ETA 1h22m (actual/smoke-median cost ratio 2.17)
[2026-09-28 05:14:51] 537/600 Lipophilicity_B_gwo_ref_s2 (505s) | elapsed session 8h53m, total 8h53m | ETA 1h21m (actual/smoke-median cost ratio 2.17)
[2026-09-28 05:15:05] 538/600 Lipophilicity_A_woa_ref_s23 (1342s) | elapsed session 8h53m, total 8h53m | ETA 1h17m (actual/smoke-median cost ratio 2.16)
[2026-09-28 05:15:06] 539/600 Lipophilicity_A_woa_ref_s26 (956s) | elapsed session 8h53m, total 8h53m | ETA 1h14m (actual/smoke-median cost ratio 2.16)
[2026-09-28 05:19:51] 540/600 Lipophilicity_B_gwo_ref_s5 (435s) | elapsed session 8h58m, total 8h58m | ETA 1h13m (actual/smoke-median cost ratio 2.16)
[2026-09-28 05:24:24] 541/600 Lipophilicity_B_gwo_ref_s8 (558s) | elapsed session 9h02m, total 9h02m | ETA 1h12m (actual/smoke-median cost ratio 2.15)
[2026-09-28 05:27:56] 542/600 Lipophilicity_B_gwo_ref_s1 (1306s) | elapsed session 9h06m, total 9h06m | ETA 1h11m (actual/smoke-median cost ratio 2.16)
[2026-09-28 05:30:14] 543/600 Lipophilicity_B_gwo_ref_s9 (623s) | elapsed session 9h08m, total 9h08m | ETA 1h10m (actual/smoke-median cost ratio 2.16)
[2026-09-28 05:30:31] 544/600 Lipophilicity_B_gwo_ref_s7 (925s) | elapsed session 9h08m, total 9h08m | ETA 1h09m (actual/smoke-median cost ratio 2.16)
[2026-09-28 05:31:34] 545/600 Lipophilicity_B_gwo_ref_s6 (1003s) | elapsed session 9h09m, total 9h09m | ETA 1h08m (actual/smoke-median cost ratio 2.16)
[2026-09-28 05:32:44] 546/600 Lipophilicity_B_gwo_ref_s3 (1347s) | elapsed session 9h11m, total 9h11m | ETA 1h07m (actual/smoke-median cost ratio 2.17)
[2026-09-28 05:39:51] 547/600 Lipophilicity_B_gwo_ref_s12 (577s) | elapsed session 9h18m, total 9h18m | ETA 1h05m (actual/smoke-median cost ratio 2.17)
[2026-09-28 05:40:03] 548/600 Lipophilicity_B_gwo_ref_s10 (939s) | elapsed session 9h18m, total 9h18m | ETA 1h04m (actual/smoke-median cost ratio 2.17)
[2026-09-28 05:40:26] 549/600 Lipophilicity_B_gwo_ref_s4 (1773s) | elapsed session 9h18m, total 9h18m | ETA 1h03m (actual/smoke-median cost ratio 2.18)
[2026-09-28 05:40:32] 550/600 Lipophilicity_B_gwo_ref_s14 (538s) | elapsed session 9h18m, total 9h18m | ETA 1h02m (actual/smoke-median cost ratio 2.17)
[2026-09-28 05:40:32] --- checkpoint at 550 runs: median fit time per call, actual vs smoke estimate ---
[2026-09-28 05:40:32]     BBBP          A: actual   2.33 s (n=5906) | smoke   1.98 s | ratio 1.18
[2026-09-28 05:40:32]     BBBP          B: actual   0.97 s (n=5906) | smoke   0.77 s | ratio 1.26
[2026-09-28 05:40:32]     FreeSolv      A: actual   1.08 s (n=5862) | smoke   1.92 s | ratio 0.56
[2026-09-28 05:40:32]     FreeSolv      B: actual   0.61 s (n=5880) | smoke   0.95 s | ratio 0.64
[2026-09-28 05:40:32]     BACE          A: actual   1.82 s (n=5895) | smoke   1.80 s | ratio 1.01
[2026-09-28 05:40:32]     BACE          B: actual   0.84 s (n=5920) | smoke   1.48 s | ratio 0.57
[2026-09-28 05:40:32]     ESOL          A: actual   4.34 s (n=5922) | smoke   4.78 s | ratio 0.91
[2026-09-28 05:40:32]     ESOL          B: actual   2.09 s (n=5916) | smoke   2.07 s | ratio 1.01
[2026-09-28 05:40:32]     Lipophilicity A: actual  12.58 s (n=5622) | smoke   8.55 s | ratio 1.47
[2026-09-28 05:40:32]     Lipophilicity B: actual   6.13 s (n=1300) | smoke   3.10 s | ratio 1.98
[2026-09-28 05:42:25] 551/600 Lipophilicity_A_woa_ref_s28 (2556s) | elapsed session 9h20m, total 9h20m | ETA 0h59m (actual/smoke-median cost ratio 2.18)
[2026-09-28 05:43:14] 552/600 Lipophilicity_B_gwo_ref_s13 (763s) | elapsed session 9h21m, total 9h21m | ETA 0h58m (actual/smoke-median cost ratio 2.18)
[2026-09-28 05:44:56] 553/600 Lipophilicity_B_gwo_ref_s15 (732s) | elapsed session 9h23m, total 9h23m | ETA 0h57m (actual/smoke-median cost ratio 2.18)
[2026-09-28 05:47:58] 554/600 Lipophilicity_B_gwo_ref_s11 (1202s) | elapsed session 9h26m, total 9h26m | ETA 0h56m (actual/smoke-median cost ratio 2.18)
[2026-09-28 05:49:58] 555/600 Lipophilicity_B_gwo_ref_s21 (404s) | elapsed session 9h28m, total 9h28m | ETA 0h55m (actual/smoke-median cost ratio 2.18)
[2026-09-28 05:50:50] 556/600 Lipophilicity_A_woa_ref_s15 (4954s) | elapsed session 9h29m, total 9h29m | ETA 0h52m (actual/smoke-median cost ratio 2.20)
[2026-09-28 05:55:28] 557/600 Lipophilicity_B_gwo_ref_s16 (937s) | elapsed session 9h33m, total 9h33m | ETA 0h51m (actual/smoke-median cost ratio 2.20)
[2026-09-28 05:55:40] 558/600 Lipophilicity_B_gwo_ref_s17 (937s) | elapsed session 9h33m, total 9h33m | ETA 0h50m (actual/smoke-median cost ratio 2.20)
[2026-09-28 05:57:20] 559/600 Lipophilicity_B_gwo_ref_s19 (1008s) | elapsed session 9h35m, total 9h35m | ETA 0h49m (actual/smoke-median cost ratio 2.21)
[2026-09-28 05:59:38] 560/600 Lipophilicity_B_gwo_ref_s22 (882s) | elapsed session 9h37m, total 9h37m | ETA 0h48m (actual/smoke-median cost ratio 2.21)
[2026-09-28 05:59:40] 561/600 Lipophilicity_B_gwo_ref_s20 (1035s) | elapsed session 9h37m, total 9h37m | ETA 0h47m (actual/smoke-median cost ratio 2.21)
[2026-09-28 06:01:23] 562/600 Lipophilicity_B_gwo_ref_s26 (355s) | elapsed session 9h39m, total 9h39m | ETA 0h45m (actual/smoke-median cost ratio 2.21)
[2026-09-28 06:02:27] 563/600 Lipophilicity_B_gwo_ref_s25 (696s) | elapsed session 9h40m, total 9h40m | ETA 0h44m (actual/smoke-median cost ratio 2.21)
[2026-09-28 06:07:50] 564/600 Lipophilicity_B_gwo_ref_s27 (730s) | elapsed session 9h46m, total 9h46m | ETA 0h43m (actual/smoke-median cost ratio 2.21)
[2026-09-28 06:09:53] 565/600 Lipophilicity_B_gwo_ref_s24 (1195s) | elapsed session 9h48m, total 9h48m | ETA 0h42m (actual/smoke-median cost ratio 2.21)
[2026-09-28 06:10:18] 566/600 Lipophilicity_B_gwo_ref_s29 (640s) | elapsed session 9h48m, total 9h48m | ETA 0h41m (actual/smoke-median cost ratio 2.21)
[2026-09-28 06:11:17] 567/600 Lipophilicity_B_gwo_ref_s18 (1851s) | elapsed session 9h49m, total 9h49m | ETA 0h40m (actual/smoke-median cost ratio 2.22)
[2026-09-28 06:12:09] 568/600 Lipophilicity_B_gwo_ref_s23 (1451s) | elapsed session 9h50m, total 9h50m | ETA 0h39m (actual/smoke-median cost ratio 2.22)
[2026-09-28 06:12:36] 569/600 Lipophilicity_B_woa_ref_s0 (776s) | elapsed session 9h50m, total 9h50m | ETA 0h38m (actual/smoke-median cost ratio 2.22)
[2026-09-28 06:15:19] 570/600 Lipophilicity_B_gwo_ref_s28 (1079s) | elapsed session 9h53m, total 9h53m | ETA 0h36m (actual/smoke-median cost ratio 2.23)
[2026-09-28 06:16:44] 571/600 Lipophilicity_B_woa_ref_s5 (386s) | elapsed session 9h55m, total 9h55m | ETA 0h35m (actual/smoke-median cost ratio 2.22)
[2026-09-28 06:18:38] 572/600 Lipophilicity_B_woa_ref_s1 (1035s) | elapsed session 9h56m, total 9h56m | ETA 0h34m (actual/smoke-median cost ratio 2.23)
[2026-09-28 06:24:08] 573/600 Lipophilicity_A_woa_ref_s27 (5061s) | elapsed session 10h02m, total 10h02m | ETA 0h31m (actual/smoke-median cost ratio 2.25)
[2026-09-28 06:25:28] 574/600 Lipophilicity_B_woa_ref_s8 (771s) | elapsed session 10h03m, total 10h03m | ETA 0h30m (actual/smoke-median cost ratio 2.25)
[2026-09-28 06:27:03] 575/600 Lipophilicity_B_woa_ref_s10 (619s) | elapsed session 10h05m, total 10h05m | ETA 0h29m (actual/smoke-median cost ratio 2.25)
[2026-09-28 06:30:35] 576/600 Lipophilicity_B_woa_ref_s4 (1243s) | elapsed session 10h08m, total 10h08m | ETA 0h28m (actual/smoke-median cost ratio 2.25)
[2026-09-28 06:33:54] 577/600 Lipophilicity_B_woa_ref_s9 (1115s) | elapsed session 10h12m, total 10h12m | ETA 0h27m (actual/smoke-median cost ratio 2.25)
[2026-09-28 06:33:55] 578/600 Lipophilicity_B_woa_ref_s3 (1565s) | elapsed session 10h12m, total 10h12m | ETA 0h25m (actual/smoke-median cost ratio 2.26)
[2026-09-28 06:34:38] 579/600 Lipophilicity_B_woa_ref_s14 (455s) | elapsed session 10h12m, total 10h12m | ETA 0h24m (actual/smoke-median cost ratio 2.26)
[2026-09-28 06:39:02] 580/600 Lipophilicity_B_woa_ref_s7 (1614s) | elapsed session 10h17m, total 10h17m | ETA 0h23m (actual/smoke-median cost ratio 2.26)
[2026-09-28 06:39:21] 581/600 Lipophilicity_B_woa_ref_s6 (1684s) | elapsed session 10h17m, total 10h17m | ETA 0h22m (actual/smoke-median cost ratio 2.27)
[2026-09-28 06:40:29] 582/600 Lipophilicity_B_woa_ref_s15 (594s) | elapsed session 10h18m, total 10h18m | ETA 0h21m (actual/smoke-median cost ratio 2.27)
[2026-09-28 06:41:07] 583/600 Lipophilicity_B_woa_ref_s17 (433s) | elapsed session 10h19m, total 10h19m | ETA 0h20m (actual/smoke-median cost ratio 2.27)
[2026-09-28 06:43:17] 584/600 Lipophilicity_B_woa_ref_s12 (1149s) | elapsed session 10h21m, total 10h21m | ETA 0h18m (actual/smoke-median cost ratio 2.27)
[2026-09-28 06:44:39] 585/600 Lipophilicity_B_woa_ref_s21 (250s) | elapsed session 10h22m, total 10h22m | ETA 0h17m (actual/smoke-median cost ratio 2.27)
[2026-09-28 06:46:00] 586/600 Lipophilicity_B_woa_ref_s13 (1233s) | elapsed session 10h24m, total 10h24m | ETA 0h16m (actual/smoke-median cost ratio 2.27)
[2026-09-28 06:47:55] 587/600 Lipophilicity_B_woa_ref_s11 (1756s) | elapsed session 10h26m, total 10h26m | ETA 0h15m (actual/smoke-median cost ratio 2.27)
[2026-09-28 06:48:24] 588/600 Lipophilicity_B_woa_ref_s20 (543s) | elapsed session 10h26m, total 10h26m | ETA 0h14m (actual/smoke-median cost ratio 2.27)
[2026-09-28 06:49:06] 589/600 Lipophilicity_B_woa_ref_s2 (2799s) | elapsed session 10h27m, total 10h27m | ETA 0h13m (actual/smoke-median cost ratio 2.29)
[2026-09-28 06:49:36] 590/600 Lipophilicity_B_woa_ref_s24 (297s) | elapsed session 10h27m, total 10h27m | ETA 0h11m (actual/smoke-median cost ratio 2.28)
[2026-09-28 06:50:38] 591/600 Lipophilicity_B_woa_ref_s23 (441s) | elapsed session 10h28m, total 10h28m | ETA 0h10m (actual/smoke-median cost ratio 2.28)
[2026-09-28 06:52:13] 592/600 Lipophilicity_B_woa_ref_s16 (1099s) | elapsed session 10h30m, total 10h30m | ETA 0h09m (actual/smoke-median cost ratio 2.28)
[2026-09-28 06:53:13] 593/600 Lipophilicity_B_woa_ref_s25 (432s) | elapsed session 10h31m, total 10h31m | ETA 0h08m (actual/smoke-median cost ratio 2.28)
[2026-09-28 06:53:19] 594/600 Lipophilicity_B_woa_ref_s26 (325s) | elapsed session 10h31m, total 10h31m | ETA 0h07m (actual/smoke-median cost ratio 2.28)
[2026-09-28 06:55:27] 595/600 Lipophilicity_B_woa_ref_s27 (423s) | elapsed session 10h33m, total 10h33m | ETA 0h05m (actual/smoke-median cost ratio 2.28)
[2026-09-28 06:56:00] 596/600 Lipophilicity_B_woa_ref_s22 (893s) | elapsed session 10h34m, total 10h34m | ETA 0h04m (actual/smoke-median cost ratio 2.28)
[2026-09-28 06:57:08] 597/600 Lipophilicity_B_woa_ref_s19 (1086s) | elapsed session 10h35m, total 10h35m | ETA 0h03m (actual/smoke-median cost ratio 2.28)
[2026-09-28 06:57:34] 598/600 Lipophilicity_B_woa_ref_s28 (508s) | elapsed session 10h35m, total 10h35m | ETA 0h02m (actual/smoke-median cost ratio 2.28)
[2026-09-28 07:01:55] 599/600 Lipophilicity_B_woa_ref_s18 (1637s) | elapsed session 10h40m, total 10h40m | ETA 0h01m (actual/smoke-median cost ratio 2.29)
[2026-09-28 07:03:28] 600/600 Lipophilicity_B_woa_ref_s29 (833s) | elapsed session 10h41m, total 10h41m | ETA 0h00m (actual/smoke-median cost ratio 2.29)
[2026-09-28 07:03:28] Lipophilicity complete: 120/120 runs
[2026-09-28 07:03:28] --- checkpoint at 600 runs: median fit time per call, actual vs smoke estimate ---
[2026-09-28 07:03:28]     BBBP          A: actual   2.33 s (n=5906) | smoke   1.98 s | ratio 1.18
[2026-09-28 07:03:28]     BBBP          B: actual   0.97 s (n=5906) | smoke   0.77 s | ratio 1.26
[2026-09-28 07:03:28]     FreeSolv      A: actual   1.08 s (n=5862) | smoke   1.92 s | ratio 0.56
[2026-09-28 07:03:28]     FreeSolv      B: actual   0.61 s (n=5880) | smoke   0.95 s | ratio 0.64
[2026-09-28 07:03:28]     BACE          A: actual   1.82 s (n=5895) | smoke   1.80 s | ratio 1.01
[2026-09-28 07:03:28]     BACE          B: actual   0.84 s (n=5920) | smoke   1.48 s | ratio 0.57
[2026-09-28 07:03:28]     ESOL          A: actual   4.34 s (n=5922) | smoke   4.78 s | ratio 0.91
[2026-09-28 07:03:28]     ESOL          B: actual   2.09 s (n=5916) | smoke   2.07 s | ratio 1.01
[2026-09-28 07:03:28]     Lipophilicity A: actual  13.08 s (n=5915) | smoke   8.55 s | ratio 1.53
[2026-09-28 07:03:28]     Lipophilicity B: actual   6.61 s (n=5918) | smoke   3.10 s | ratio 2.14
[2026-09-28 07:03:28] === session end: complete | 600/600 runs done | failures this session: 0
[2026-09-28 07:03:28] --- checkpoint at 600 runs: median fit time per call, actual vs smoke estimate ---
[2026-09-28 07:03:28]     BBBP          A: actual   2.33 s (n=5906) | smoke   1.98 s | ratio 1.18
[2026-09-28 07:03:28]     BBBP          B: actual   0.97 s (n=5906) | smoke   0.77 s | ratio 1.26
[2026-09-28 07:03:28]     FreeSolv      A: actual   1.08 s (n=5862) | smoke   1.92 s | ratio 0.56
[2026-09-28 07:03:28]     FreeSolv      B: actual   0.61 s (n=5880) | smoke   0.95 s | ratio 0.64
[2026-09-28 07:03:28]     BACE          A: actual   1.82 s (n=5895) | smoke   1.80 s | ratio 1.01
[2026-09-28 07:03:28]     BACE          B: actual   0.84 s (n=5920) | smoke   1.48 s | ratio 0.57
[2026-09-28 07:03:28]     ESOL          A: actual   4.34 s (n=5922) | smoke   4.78 s | ratio 0.91
[2026-09-28 07:03:28]     ESOL          B: actual   2.09 s (n=5916) | smoke   2.07 s | ratio 1.01
[2026-09-28 07:03:28]     Lipophilicity A: actual  13.08 s (n=5915) | smoke   8.55 s | ratio 1.53
[2026-09-28 07:03:28]     Lipophilicity B: actual   6.61 s (n=5918) | smoke   3.10 s | ratio 2.14
[2026-09-28 07:03:33] ALL RUNS COMPLETE. test summary: results\xgb_mh\full_ref\test_summary.csv
